Archive member included to satisfy reference by file (symbol)

/Applications/MCUXpressoIDE_11.2.1_4149/ide/plugins/com.nxp.mcuxpresso.tools.macosx_11.2.0.202001021529/tools/bin/../lib/gcc/arm-none-eabi/9.2.1/../../../../arm-none-eabi/lib/thumb/v7e-m+dp/hard/libcr_semihost_nf.a(_cr__main.o)
                              ./startup/startup_mimxrt1052.o (__main)
/Applications/MCUXpressoIDE_11.2.1_4149/ide/plugins/com.nxp.mcuxpresso.tools.macosx_11.2.0.202001021529/tools/bin/../lib/gcc/arm-none-eabi/9.2.1/../../../../arm-none-eabi/lib/thumb/v7e-m+dp/hard/libcr_c.a(memcpy.o)
                              ./utilities/fsl_str.o (memcpy)
/Applications/MCUXpressoIDE_11.2.1_4149/ide/plugins/com.nxp.mcuxpresso.tools.macosx_11.2.0.202001021529/tools/bin/../lib/gcc/arm-none-eabi/9.2.1/../../../../arm-none-eabi/lib/thumb/v7e-m+dp/hard/libcr_c.a(memset.o)
                              ./source/freertos_lpi2c.o (memset)
/Applications/MCUXpressoIDE_11.2.1_4149/ide/plugins/com.nxp.mcuxpresso.tools.macosx_11.2.0.202001021529/tools/bin/../lib/gcc/arm-none-eabi/9.2.1/../../../../arm-none-eabi/lib/thumb/v7e-m+dp/hard/libcr_c.a(alloc.o)
                              ./drivers/fsl_common.o (malloc)
/Applications/MCUXpressoIDE_11.2.1_4149/ide/plugins/com.nxp.mcuxpresso.tools.macosx_11.2.0.202001021529/tools/bin/../lib/gcc/arm-none-eabi/9.2.1/../../../../arm-none-eabi/lib/thumb/v7e-m+dp/hard/libcr_c.a(initio.o)
                              /Applications/MCUXpressoIDE_11.2.1_4149/ide/plugins/com.nxp.mcuxpresso.tools.macosx_11.2.0.202001021529/tools/bin/../lib/gcc/arm-none-eabi/9.2.1/../../../../arm-none-eabi/lib/thumb/v7e-m+dp/hard/libcr_semihost_nf.a(_cr__main.o) (_initio)
/Applications/MCUXpressoIDE_11.2.1_4149/ide/plugins/com.nxp.mcuxpresso.tools.macosx_11.2.0.202001021529/tools/bin/../lib/gcc/arm-none-eabi/9.2.1/../../../../arm-none-eabi/lib/thumb/v7e-m+dp/hard/libcr_c.a(printf.o)
                              ./utilities/fsl_assert.o (_printf)
/Applications/MCUXpressoIDE_11.2.1_4149/ide/plugins/com.nxp.mcuxpresso.tools.macosx_11.2.0.202001021529/tools/bin/../lib/gcc/arm-none-eabi/9.2.1/../../../../arm-none-eabi/lib/thumb/v7e-m+dp/hard/libcr_c.a(scanf.o)
                              ./utilities/fsl_str.o (strtoul)
/Applications/MCUXpressoIDE_11.2.1_4149/ide/plugins/com.nxp.mcuxpresso.tools.macosx_11.2.0.202001021529/tools/bin/../lib/gcc/arm-none-eabi/9.2.1/../../../../arm-none-eabi/lib/thumb/v7e-m+dp/hard/libcr_c.a(setvbuf.o)
                              /Applications/MCUXpressoIDE_11.2.1_4149/ide/plugins/com.nxp.mcuxpresso.tools.macosx_11.2.0.202001021529/tools/bin/../lib/gcc/arm-none-eabi/9.2.1/../../../../arm-none-eabi/lib/thumb/v7e-m+dp/hard/libcr_c.a(initio.o) (setvbuf)
/Applications/MCUXpressoIDE_11.2.1_4149/ide/plugins/com.nxp.mcuxpresso.tools.macosx_11.2.0.202001021529/tools/bin/../lib/gcc/arm-none-eabi/9.2.1/../../../../arm-none-eabi/lib/thumb/v7e-m+dp/hard/libcr_c.a(strlen.o)
                              ./utilities/fsl_str.o (strlen)
/Applications/MCUXpressoIDE_11.2.1_4149/ide/plugins/com.nxp.mcuxpresso.tools.macosx_11.2.0.202001021529/tools/bin/../lib/gcc/arm-none-eabi/9.2.1/../../../../arm-none-eabi/lib/thumb/v7e-m+dp/hard/libcr_c.a(ungetc.o)
                              /Applications/MCUXpressoIDE_11.2.1_4149/ide/plugins/com.nxp.mcuxpresso.tools.macosx_11.2.0.202001021529/tools/bin/../lib/gcc/arm-none-eabi/9.2.1/../../../../arm-none-eabi/lib/thumb/v7e-m+dp/hard/libcr_c.a(scanf.o) (ungetc)
/Applications/MCUXpressoIDE_11.2.1_4149/ide/plugins/com.nxp.mcuxpresso.tools.macosx_11.2.0.202001021529/tools/bin/../lib/gcc/arm-none-eabi/9.2.1/../../../../arm-none-eabi/lib/thumb/v7e-m+dp/hard/libcr_c.a(__fillbuf.o)
                              /Applications/MCUXpressoIDE_11.2.1_4149/ide/plugins/com.nxp.mcuxpresso.tools.macosx_11.2.0.202001021529/tools/bin/../lib/gcc/arm-none-eabi/9.2.1/../../../../arm-none-eabi/lib/thumb/v7e-m+dp/hard/libcr_c.a(scanf.o) (__filbuf)
/Applications/MCUXpressoIDE_11.2.1_4149/ide/plugins/com.nxp.mcuxpresso.tools.macosx_11.2.0.202001021529/tools/bin/../lib/gcc/arm-none-eabi/9.2.1/../../../../arm-none-eabi/lib/thumb/v7e-m+dp/hard/libcr_c.a(__init_alloc.o)
                              /Applications/MCUXpressoIDE_11.2.1_4149/ide/plugins/com.nxp.mcuxpresso.tools.macosx_11.2.0.202001021529/tools/bin/../lib/gcc/arm-none-eabi/9.2.1/../../../../arm-none-eabi/lib/thumb/v7e-m+dp/hard/libcr_c.a(alloc.o) (__heaps)
/Applications/MCUXpressoIDE_11.2.1_4149/ide/plugins/com.nxp.mcuxpresso.tools.macosx_11.2.0.202001021529/tools/bin/../lib/gcc/arm-none-eabi/9.2.1/../../../../arm-none-eabi/lib/thumb/v7e-m+dp/hard/libcr_c.a(_cr_sbrk.o)
                              /Applications/MCUXpressoIDE_11.2.1_4149/ide/plugins/com.nxp.mcuxpresso.tools.macosx_11.2.0.202001021529/tools/bin/../lib/gcc/arm-none-eabi/9.2.1/../../../../arm-none-eabi/lib/thumb/v7e-m+dp/hard/libcr_c.a(alloc.o) (_sbrk)
[...]
Memory Configuration

Name             Origin             Length             Attributes
BOARD_FLASH      0x0000000060000000 0x0000000004000000 xr
SRAM_DTC         0x0000000020000000 0x0000000000020000 xrw
SRAM_ITC         0x0000000000000000 0x0000000000020000 xrw
SRAM_OC          0x0000000020200000 0x0000000000040000 xrw
BOARD_SDRAM      0x0000000080000000 0x0000000001e00000 xrw
NCACHE_REGION    0x0000000081e00000 0x0000000000200000 xrw
*default*        0x0000000000000000 0xffffffffffffffff

Linker script and memory map

LOAD ./xip/evkbimxrt1050_flexspi_nor_config.o
LOAD ./xip/fsl_flexspi_nor_boot.o
LOAD ./utilities/fsl_assert.o
LOAD ./utilities/fsl_debug_console.o
LOAD ./utilities/fsl_str.o
LOAD ./startup/startup_mimxrt1052.o
LOAD ./source/freertos_lpi2c.o
LOAD ./source/semihost_hardfault.o
LOAD ./freertos/freertos_kernel/portable/MemMang/heap_4.o
LOAD ./freertos/freertos_kernel/portable/GCC/ARM_CM4F/port.o
LOAD ./freertos/freertos_kernel/croutine.o
LOAD ./freertos/freertos_kernel/event_groups.o
LOAD ./freertos/freertos_kernel/list.o
LOAD ./freertos/freertos_kernel/queue.o
LOAD ./freertos/freertos_kernel/stream_buffer.o
LOAD ./freertos/freertos_kernel/tasks.o
LOAD ./freertos/freertos_kernel/timers.o
LOAD ./drivers/freertos/fsl_lpi2c_freertos.o
LOAD ./drivers/fsl_clock.o
LOAD ./drivers/fsl_common.o
LOAD ./drivers/fsl_gpio.o
LOAD ./drivers/fsl_lpi2c.o
LOAD ./drivers/fsl_lpuart.o
LOAD ./device/system_MIMXRT1052.o
LOAD ./component/uart/lpuart_adapter.o
LOAD ./component/serial_manager/serial_manager.o
LOAD ./component/serial_manager/serial_port_uart.o
LOAD ./component/lists/generic_list.o
LOAD ./board/board.o
LOAD ./board/clock_config.o
LOAD ./board/dcd.o
LOAD ./board/pin_mux.o
START GROUP
LOAD /Applications/MCUXpressoIDE_11.2.1_4149/ide/plugins/com.nxp.mcuxpresso.tools.macosx_11.2.0.202001021529/tools/bin/../lib/gcc/arm-none-eabi/9.2.1/../../../../arm-none-eabi/lib/thumb/v7e-m+dp/hard/libcr_semihost_nf.a
LOAD /Applications/MCUXpressoIDE_11.2.1_4149/ide/plugins/com.nxp.mcuxpresso.tools.macosx_11.2.0.202001021529/tools/bin/../lib/gcc/arm-none-eabi/9.2.1/../../../../arm-none-eabi/lib/thumb/v7e-m+dp/hard/libcr_c.a
LOAD /Applications/MCUXpressoIDE_11.2.1_4149/ide/plugins/com.nxp.mcuxpresso.tools.macosx_11.2.0.202001021529/tools/bin/../lib/gcc/arm-none-eabi/9.2.1/thumb/v7e-m+dp/hard/libcr_eabihelpers.a
LOAD /Applications/MCUXpressoIDE_11.2.1_4149/ide/plugins/com.nxp.mcuxpresso.tools.macosx_11.2.0.202001021529/tools/bin/../lib/gcc/arm-none-eabi/9.2.1/thumb/v7e-m+dp/hard/libgcc.a
END GROUP
                0x0000000060000000                __base_BOARD_FLASH = 0x60000000
                0x0000000060000000                __base_Flash = 0x60000000
                0x0000000064000000                __top_BOARD_FLASH = 0x64000000
                0x0000000064000000                __top_Flash = 0x64000000
                0x0000000020000000                __base_SRAM_DTC = 0x20000000
                0x0000000020000000                __base_RAM = 0x20000000
                0x0000000020020000                __top_SRAM_DTC = 0x20020000
                0x0000000020020000                __top_RAM = 0x20020000
                0x0000000000000000                __base_SRAM_ITC = 0x0
                0x0000000000000000                __base_RAM2 = 0x0
                0x0000000000020000                __top_SRAM_ITC = 0x20000
                0x0000000000020000                __top_RAM2 = 0x20000
                0x0000000020200000                __base_SRAM_OC = 0x20200000
                0x0000000020200000                __base_RAM3 = 0x20200000
                0x0000000020240000                __top_SRAM_OC = 0x20240000
                0x0000000020240000                __top_RAM3 = 0x20240000
                0x0000000080000000                __base_BOARD_SDRAM = 0x80000000
                0x0000000080000000                __base_RAM4 = 0x80000000
                0x0000000081e00000                __top_BOARD_SDRAM = 0x81e00000
                0x0000000081e00000                __top_RAM4 = 0x81e00000
                0x0000000081e00000                __base_NCACHE_REGION = 0x81e00000
                0x0000000081e00000                __base_RAM5 = 0x81e00000
                0x0000000082000000                __top_NCACHE_REGION = 0x82000000
                0x0000000082000000                __top_RAM5 = 0x82000000

.boot_hdr       0x0000000060000000     0x2000
 FILL mask 0xff
                0x0000000060000000                __boot_hdr_start__ = ABSOLUTE (.)
 *(SORT_BY_ALIGNMENT(.boot_hdr.conf))
 .boot_hdr.conf
                0x0000000060000000      0x200 ./xip/evkbimxrt1050_flexspi_nor_config.o
                0x0000000060000000                hyperflash_config
                0x0000000000001000                . = 0x1000
 *fill*         0x0000000060000200      0xe00 ff
 *(SORT_BY_ALIGNMENT(.boot_hdr.ivt))
 .boot_hdr.ivt  0x0000000060001000       0x20 ./xip/fsl_flexspi_nor_boot.o
                0x0000000060001000                image_vector_table
                0x0000000000001020                . = 0x1020
 *(SORT_BY_ALIGNMENT(.boot_hdr.boot_data))
 .boot_hdr.boot_data
                0x0000000060001020       0x10 ./xip/fsl_flexspi_nor_boot.o
                0x0000000060001020                boot_data
                0x0000000000001030                . = 0x1030
 *(SORT_BY_ALIGNMENT(.boot_hdr.dcd_data))
                0x0000000060001030                __boot_hdr_end__ = ABSOLUTE (.)
                0x0000000000002000                . = 0x2000
 *fill*         0x0000000060001030      0xfd0 ff

.text           0x0000000060002000     0x8e5c
 FILL mask 0xff
                0x0000000060002000                __vectors_start__ = ABSOLUTE (.)
 *(SORT_BY_ALIGNMENT(.isr_vector))
 .isr_vector    0x0000000060002000      0x2a0 ./startup/startup_mimxrt1052.o
                0x0000000060002000                __Vectors
                0x0000000060002000                g_pfnVectors
                0x00000000600022a0                . = ALIGN (0x4)
                0x00000000600022a0                __section_table_start = .
                0x00000000600022a0                __data_section_table = .
                0x00000000600022a0        0x4 LONG 0x6000ae5c LOADADDR (.data)
                0x00000000600022a4        0x4 LONG 0x20000000 ADDR (.data)
                0x00000000600022a8        0x4 LONG 0x8 SIZEOF (.data)
                0x00000000600022ac        0x4 LONG 0x6000ae5c LOADADDR (.data_RAM2)
                0x00000000600022b0        0x4 LONG 0x0 ADDR (.data_RAM2)
                0x00000000600022b4        0x4 LONG 0x0 SIZEOF (.data_RAM2)
                0x00000000600022b8        0x4 LONG 0x6000ae5c LOADADDR (.data_RAM3)
                0x00000000600022bc        0x4 LONG 0x20200000 ADDR (.data_RAM3)
                0x00000000600022c0        0x4 LONG 0x0 SIZEOF (.data_RAM3)
                0x00000000600022c4        0x4 LONG 0x6000ae5c LOADADDR (.data_RAM4)
                0x00000000600022c8        0x4 LONG 0x80000000 ADDR (.data_RAM4)
                0x00000000600022cc        0x4 LONG 0x0 SIZEOF (.data_RAM4)
                0x00000000600022d0        0x4 LONG 0x6000ae5c LOADADDR (.data_RAM5)
                0x00000000600022d4        0x4 LONG 0x81e00000 ADDR (.data_RAM5)
                0x00000000600022d8        0x4 LONG 0x0 SIZEOF (.data_RAM5)
                0x00000000600022dc                __data_section_table_end = .
                0x00000000600022dc                __bss_section_table = .
                0x00000000600022dc        0x4 LONG 0x20000008 ADDR (.bss)
                0x00000000600022e0        0x4 LONG 0x2b34 SIZEOF (.bss)
                0x00000000600022e4        0x4 LONG 0x0 ADDR (.bss_RAM2)
                0x00000000600022e8        0x4 LONG 0x0 SIZEOF (.bss_RAM2)
                0x00000000600022ec        0x4 LONG 0x20200000 ADDR (.bss_RAM3)
                0x00000000600022f0        0x4 LONG 0x0 SIZEOF (.bss_RAM3)
                0x00000000600022f4        0x4 LONG 0x80000000 ADDR (.bss_RAM4)
                0x00000000600022f8        0x4 LONG 0x0 SIZEOF (.bss_RAM4)
                0x00000000600022fc        0x4 LONG 0x81e00000 ADDR (.bss_RAM5)
                0x0000000060002300        0x4 LONG 0x0 SIZEOF (.bss_RAM5)
                0x0000000060002304                __bss_section_table_end = .
                0x0000000060002304                __section_table_end = .
 *(SORT_BY_ALIGNMENT(.after_vectors*))
 .after_vectors.reset
                0x0000000060002304       0x4c ./startup/startup_mimxrt1052.o
                0x0000000060002304                ResetISR
 .after_vectors.init_data
                0x0000000060002350       0x1e ./startup/startup_mimxrt1052.o
                0x0000000060002350                data_init
 .after_vectors.init_bss
                0x000000006000236e       0x12 ./startup/startup_mimxrt1052.o
                0x000000006000236e                bss_init
 .after_vectors
                0x0000000060002380       0x14 ./startup/startup_mimxrt1052.o
                0x0000000060002380                NMI_Handler
                0x0000000060002384                MemManage_Handler
                0x0000000060002386                BusFault_Handler
                0x0000000060002388                UsageFault_Handler
                0x000000006000238c                DebugMon_Handler
                0x0000000060002392                SAI3_RX_DriverIRQHandler
                0x0000000060002392                CCM_2_DriverIRQHandler
                0x0000000060002392                PIT_DriverIRQHandler
                0x0000000060002392                PMU_EVENT_DriverIRQHandler
                0x0000000060002392                PWM4_FAULT_DriverIRQHandler
                0x0000000060002392                DMA13_DMA29_DriverIRQHandler
                0x0000000060002392                FLEXRAM_DriverIRQHandler
                0x0000000060002392                LPSPI4_DriverIRQHandler
                0x0000000060002392                SEMC_DriverIRQHandler
                0x0000000060002392                SPDIF_DriverIRQHandler
                0x0000000060002392                PWM4_3_DriverIRQHandler
                0x0000000060002392                USB_PHY1_DriverIRQHandler
                0x0000000060002392                GPIO3_Combined_0_15_DriverIRQHandler
                0x0000000060002392                DMA7_DMA23_DriverIRQHandler
                0x0000000060002392                BEE_DriverIRQHandler
                0x0000000060002392                GPR_IRQ_DriverIRQHandler
                0x0000000060002392                PWM2_FAULT_DriverIRQHandler
                0x0000000060002392                PWM3_1_DriverIRQHandler
                0x0000000060002392                DMA14_DMA30_DriverIRQHandler
                0x0000000060002392                TMR1_DriverIRQHandler
                0x0000000060002392                TRNG_DriverIRQHandler
                0x0000000060002392                PWM3_2_DriverIRQHandler
                0x0000000060002392                ENET_1588_Timer_DriverIRQHandler
                0x0000000060002392                FLEXIO2_DriverIRQHandler
                0x0000000060002392                GPIO2_Combined_16_31_DriverIRQHandler
                0x0000000060002392                Reserved143_DriverIRQHandler
                0x0000000060002392                PWM4_1_DriverIRQHandler
                0x0000000060002392                PWM3_3_DriverIRQHandler
                0x0000000060002392                DMA0_DMA16_DriverIRQHandler
                0x0000000060002392                IntDefaultHandler
                0x0000000060002392                DMA2_DMA18_DriverIRQHandler
                0x0000000060002392                SRC_DriverIRQHandler
                0x0000000060002392                GPIO1_INT4_DriverIRQHandler
                0x0000000060002392                Reserved144_DriverIRQHandler
                0x0000000060002392                USDHC1_DriverIRQHandler
                0x0000000060002392                ENC3_DriverIRQHandler
                0x0000000060002392                PWM3_FAULT_DriverIRQHandler
                0x0000000060002392                EWM_DriverIRQHandler
                0x0000000060002392                TSC_DIG_DriverIRQHandler
                0x0000000060002392                WDOG1_DriverIRQHandler
                0x0000000060002392                FLEXIO1_DriverIRQHandler
                0x0000000060002392                ENET_DriverIRQHandler
                0x0000000060002392                Reserved78_DriverIRQHandler
                0x0000000060002392                TMR4_DriverIRQHandler
                0x0000000060002392                ENC2_DriverIRQHandler
                0x0000000060002392                ADC_ETC_IRQ2_DriverIRQHandler
                0x0000000060002392                GPIO1_Combined_16_31_DriverIRQHandler
                0x0000000060002392                GPIO1_INT7_DriverIRQHandler
                0x0000000060002392                SAI1_DriverIRQHandler
                0x0000000060002392                DCDC_DriverIRQHandler
                0x0000000060002392                DMA12_DMA28_DriverIRQHandler
                0x0000000060002392                PWM4_0_DriverIRQHandler
                0x0000000060002392                ADC_ETC_ERROR_IRQ_DriverIRQHandler
                0x0000000060002392                ACMP2_DriverIRQHandler
                0x0000000060002392                GPIO5_Combined_0_15_DriverIRQHandler
                0x0000000060002392                GPIO1_INT0_DriverIRQHandler
                0x0000000060002392                GPIO1_INT2_DriverIRQHandler
                0x0000000060002392                RTWDOG_DriverIRQHandler
                0x0000000060002392                FLEXSPI_DriverIRQHandler
                0x0000000060002392                GPT2_DriverIRQHandler
                0x0000000060002392                USB_PHY2_DriverIRQHandler
                0x0000000060002392                DMA10_DMA26_DriverIRQHandler
                0x0000000060002392                PWM2_1_DriverIRQHandler
                0x0000000060002392                PWM1_1_DriverIRQHandler
                0x0000000060002392                PXP_DriverIRQHandler
                0x0000000060002392                ADC1_DriverIRQHandler
                0x0000000060002392                PWM1_0_DriverIRQHandler
                0x0000000060002392                SJC_DriverIRQHandler
                0x0000000060002392                DMA1_DMA17_DriverIRQHandler
                0x0000000060002392                ENC1_DriverIRQHandler
                0x0000000060002392                ENC4_DriverIRQHandler
                0x0000000060002392                CAN2_DriverIRQHandler
                0x0000000060002392                DCP_DriverIRQHandler
                0x0000000060002392                CTI0_ERROR_DriverIRQHandler
                0x0000000060002392                DMA8_DMA24_DriverIRQHandler
                0x0000000060002392                GPT1_DriverIRQHandler
                0x0000000060002392                ACMP3_DriverIRQHandler
                0x0000000060002392                DMA6_DMA22_DriverIRQHandler
                0x0000000060002392                CSU_DriverIRQHandler
                0x0000000060002392                GPIO1_INT5_DriverIRQHandler
                0x0000000060002392                TMR3_DriverIRQHandler
                0x0000000060002392                TMR2_DriverIRQHandler
                0x0000000060002392                CTI1_ERROR_DriverIRQHandler
                0x0000000060002392                GPIO1_Combined_0_15_DriverIRQHandler
                0x0000000060002392                USDHC2_DriverIRQHandler
                0x0000000060002392                PWM4_2_DriverIRQHandler
                0x0000000060002392                SAI2_DriverIRQHandler
                0x0000000060002392                CORE_DriverIRQHandler
                0x0000000060002392                DMA11_DMA27_DriverIRQHandler
                0x0000000060002392                CSI_DriverIRQHandler
                0x0000000060002392                PWM2_3_DriverIRQHandler
                0x0000000060002392                XBAR1_IRQ_2_3_DriverIRQHandler
                0x0000000060002392                SNVS_HP_WRAPPER_TZ_DriverIRQHandler
                0x0000000060002392                GPIO3_Combined_16_31_DriverIRQHandler
                0x0000000060002392                PWM1_FAULT_DriverIRQHandler
                0x0000000060002392                PWM2_2_DriverIRQHandler
                0x0000000060002392                DMA4_DMA20_DriverIRQHandler
                0x0000000060002392                DMA9_DMA25_DriverIRQHandler
                0x0000000060002392                SNVS_HP_WRAPPER_DriverIRQHandler
                0x0000000060002392                XBAR1_IRQ_0_1_DriverIRQHandler
                0x0000000060002392                ADC_ETC_IRQ1_DriverIRQHandler
                0x0000000060002392                LPSPI1_DriverIRQHandler
                0x0000000060002392                DMA3_DMA19_DriverIRQHandler
                0x0000000060002392                GPIO1_INT3_DriverIRQHandler
                0x0000000060002392                DCP_VMI_DriverIRQHandler
                0x0000000060002392                GPC_DriverIRQHandler
                0x0000000060002392                Reserved123_DriverIRQHandler
                0x0000000060002392                GPIO2_Combined_0_15_DriverIRQHandler
                0x0000000060002392                PWM1_2_DriverIRQHandler
                0x0000000060002392                USB_OTG1_DriverIRQHandler
                0x0000000060002392                TEMP_LOW_HIGH_DriverIRQHandler
                0x0000000060002392                SAI3_TX_DriverIRQHandler
                0x0000000060002392                WDOG2_DriverIRQHandler
                0x0000000060002392                Reserved68_DriverIRQHandler
                0x0000000060002392                PWM3_0_DriverIRQHandler
                0x0000000060002392                GPIO4_Combined_0_15_DriverIRQHandler
                0x0000000060002392                GPIO4_Combined_16_31_DriverIRQHandler
                0x0000000060002392                GPIO5_Combined_16_31_DriverIRQHandler
                0x0000000060002392                DMA5_DMA21_DriverIRQHandler
                0x0000000060002392                CCM_1_DriverIRQHandler
                0x0000000060002392                ADC2_DriverIRQHandler
                0x0000000060002392                Reserved115_DriverIRQHandler
                0x0000000060002392                TEMP_PANIC_DriverIRQHandler
                0x0000000060002392                DMA15_DMA31_DriverIRQHandler
                0x0000000060002392                LPSPI3_DriverIRQHandler
                0x0000000060002392                PWM1_3_DriverIRQHandler
                0x0000000060002392                ACMP1_DriverIRQHandler
                0x0000000060002392                Reserved86_DriverIRQHandler
                0x0000000060002392                DMA_ERROR_DriverIRQHandler
                0x0000000060002392                ADC_ETC_IRQ0_DriverIRQHandler
                0x0000000060002392                CAN1_DriverIRQHandler
                0x0000000060002392                GPIO1_INT6_DriverIRQHandler
                0x0000000060002392                GPIO1_INT1_DriverIRQHandler
                0x0000000060002392                PWM2_0_DriverIRQHandler
                0x0000000060002392                SNVS_LP_WRAPPER_DriverIRQHandler
                0x0000000060002392                ACMP4_DriverIRQHandler
                0x0000000060002392                USB_OTG2_DriverIRQHandler
                0x0000000060002392                Reserved87_DriverIRQHandler
                0x0000000060002392                KPP_DriverIRQHandler
                0x0000000060002392                LPSPI2_DriverIRQHandler
                0x0000000060002392                LCDIF_DriverIRQHandler
 *(SORT_BY_ALIGNMENT(.text*))
 *fill*         0x0000000060002394        0xc ff
 .text.SVC_Handler
                0x00000000600023a0       0x28 ./freertos/freertos_kernel/portable/GCC/ARM_CM4F/port.o
                0x00000000600023a0                SVC_Handler
 *fill*         0x00000000600023c8        0x8 ff
 .text.PendSV_Handler
                0x00000000600023d0       0x68 ./freertos/freertos_kernel/portable/GCC/ARM_CM4F/port.o
                0x00000000600023d0                PendSV_Handler
 .text.__assertion_failed
                0x0000000060002438       0x18 ./utilities/fsl_assert.o
                0x0000000060002438                __assertion_failed
 .text.__NVIC_SetPriority
                0x0000000060002450       0x54 ./source/freertos_lpi2c.o
 .text.CLOCK_SetMux
                0x00000000600024a4       0x9c ./source/freertos_lpi2c.o
 .text.CLOCK_SetDiv
                0x0000000060002540       0x9c ./source/freertos_lpi2c.o
 .text.main     0x00000000600025dc       0xa4 ./source/freertos_lpi2c.o
                0x00000000600025dc                main
 .text.lpi2c_slave_callback
                0x0000000060002680       0x70 ./source/freertos_lpi2c.o
 .text.slave_task
                0x00000000600026f0      0x1b0 ./source/freertos_lpi2c.o
 .text.master_task
                0x00000000600028a0      0x12c ./source/freertos_lpi2c.o
 .text.pvPortMalloc
                0x00000000600029cc      0x198 ./freertos/freertos_kernel/portable/MemMang/heap_4.o
                0x00000000600029cc                pvPortMalloc
 .text.vPortFree
                0x0000000060002b64       0xc4 ./freertos/freertos_kernel/portable/MemMang/heap_4.o
                0x0000000060002b64                vPortFree
 .text.prvHeapInit
                0x0000000060002c28       0xc4 ./freertos/freertos_kernel/portable/MemMang/heap_4.o
 .text.prvInsertBlockIntoFreeList
                0x0000000060002cec       0xb4 ./freertos/freertos_kernel/portable/MemMang/heap_4.o
 .text.pxPortInitialiseStack
                0x0000000060002da0       0x68 ./freertos/freertos_kernel/portable/GCC/ARM_CM4F/port.o
                0x0000000060002da0                pxPortInitialiseStack
 .text.prvTaskExitError
                0x0000000060002e08       0x58 ./freertos/freertos_kernel/portable/GCC/ARM_CM4F/port.o
 .text.prvPortStartFirstTask
                0x0000000060002e60       0x28 ./freertos/freertos_kernel/portable/GCC/ARM_CM4F/port.o
 .text.xPortStartScheduler
                0x0000000060002e88      0x144 ./freertos/freertos_kernel/portable/GCC/ARM_CM4F/port.o
                0x0000000060002e88                xPortStartScheduler
 .text.vPortEnterCritical
                0x0000000060002fcc       0x60 ./freertos/freertos_kernel/portable/GCC/ARM_CM4F/port.o
                0x0000000060002fcc                vPortEnterCritical
 .text.vPortExitCritical
                0x000000006000302c       0x54 ./freertos/freertos_kernel/portable/GCC/ARM_CM4F/port.o
                0x000000006000302c                vPortExitCritical
 .text.SysTick_Handler
                0x0000000060003080       0x44 ./freertos/freertos_kernel/portable/GCC/ARM_CM4F/port.o
                0x0000000060003080                SysTick_Handler
 .text.vPortSetupTimerInterrupt
                0x00000000600030c4       0x48 ./freertos/freertos_kernel/portable/GCC/ARM_CM4F/port.o
                0x00000000600030c4                vPortSetupTimerInterrupt
 .text.vPortEnableVFP
                0x000000006000310c       0x14 ./freertos/freertos_kernel/portable/GCC/ARM_CM4F/port.o
 .text.vPortValidateInterruptPriority
                0x0000000060003120       0x80 ./freertos/freertos_kernel/portable/GCC/ARM_CM4F/port.o
                0x0000000060003120                vPortValidateInterruptPriority
 .text.xQueueGenericReset
                0x00000000600031a0       0xd0 ./freertos/freertos_kernel/queue.o
                0x00000000600031a0                xQueueGenericReset
 .text.xQueueGenericSend
                0x0000000060003270      0x1fc ./freertos/freertos_kernel/queue.o
                0x0000000060003270                xQueueGenericSend
 .text.xQueueReceive
                0x000000006000346c      0x1c0 ./freertos/freertos_kernel/queue.o
                0x000000006000346c                xQueueReceive
 .text.xQueueSemaphoreTake
                0x000000006000362c      0x21c ./freertos/freertos_kernel/queue.o
                0x000000006000362c                xQueueSemaphoreTake
 .text.vQueueAddToRegistry
                0x0000000060003848       0x54 ./freertos/freertos_kernel/queue.o
                0x0000000060003848                vQueueAddToRegistry
 .text.vQueueUnregisterQueue
                0x000000006000389c       0x54 ./freertos/freertos_kernel/queue.o
                0x000000006000389c                vQueueUnregisterQueue
 .text.prvAddNewTaskToReadyList
                0x00000000600038f0       0xdc ./freertos/freertos_kernel/tasks.o
 .text.vTaskSuspend
                0x00000000600039cc      0x124 ./freertos/freertos_kernel/tasks.o
                0x00000000600039cc                vTaskSuspend
 .text.vTaskStartScheduler
                0x0000000060003af0       0x9c ./freertos/freertos_kernel/tasks.o
                0x0000000060003af0                vTaskStartScheduler
 .text.vTaskSuspendAll
                0x0000000060003b8c       0x1c ./freertos/freertos_kernel/tasks.o
                0x0000000060003b8c                vTaskSuspendAll
 .text.xTaskResumeAll
                0x0000000060003ba8      0x138 ./freertos/freertos_kernel/tasks.o
                0x0000000060003ba8                xTaskResumeAll
 .text.xTaskGetTickCount
                0x0000000060003ce0       0x20 ./freertos/freertos_kernel/tasks.o
                0x0000000060003ce0                xTaskGetTickCount
 .text.xTaskIncrementTick
                0x0000000060003d00      0x154 ./freertos/freertos_kernel/tasks.o
                0x0000000060003d00                xTaskIncrementTick
 .text.vTaskSwitchContext
                0x0000000060003e54       0xb8 ./freertos/freertos_kernel/tasks.o
                0x0000000060003e54                vTaskSwitchContext
 .text.vTaskPlaceOnEventList
                0x0000000060003f0c       0x48 ./freertos/freertos_kernel/tasks.o
                0x0000000060003f0c                vTaskPlaceOnEventList
 .text.vTaskPlaceOnEventListRestricted
                0x0000000060003f54       0x58 ./freertos/freertos_kernel/tasks.o
                0x0000000060003f54                vTaskPlaceOnEventListRestricted
 .text.xTaskRemoveFromEventList
                0x0000000060003fac       0xc4 ./freertos/freertos_kernel/tasks.o
                0x0000000060003fac                xTaskRemoveFromEventList
 .text.vTaskInternalSetTimeOutState
                0x0000000060004070       0x2c ./freertos/freertos_kernel/tasks.o
                0x0000000060004070                vTaskInternalSetTimeOutState
 .text.xTaskCheckForTimeOut
                0x000000006000409c       0xc4 ./freertos/freertos_kernel/tasks.o
                0x000000006000409c                xTaskCheckForTimeOut
 .text.vTaskMissedYield
                0x0000000060004160       0x18 ./freertos/freertos_kernel/tasks.o
                0x0000000060004160                vTaskMissedYield
 .text.prvIdleTask
                0x0000000060004178       0x30 ./freertos/freertos_kernel/tasks.o
 .text.prvInitialiseTaskLists
                0x00000000600041a8       0x80 ./freertos/freertos_kernel/tasks.o
 .text.prvCheckTasksWaitingTermination
                0x0000000060004228       0x5c ./freertos/freertos_kernel/tasks.o
 .text.prvResetNextTaskUnblockTime
                0x0000000060004284       0x40 ./freertos/freertos_kernel/tasks.o
 .text.xTaskGetSchedulerState
                0x00000000600042c4       0x3c ./freertos/freertos_kernel/tasks.o
                0x00000000600042c4                xTaskGetSchedulerState
 .text.xTaskPriorityInherit
                0x0000000060004300       0xec ./freertos/freertos_kernel/tasks.o
                0x0000000060004300                xTaskPriorityInherit
 .text.xTaskPriorityDisinherit
                0x00000000600043ec      0x10c ./freertos/freertos_kernel/tasks.o
                0x00000000600043ec                xTaskPriorityDisinherit
 .text.vTaskPriorityDisinheritAfterTimeout
                0x00000000600044f8      0x11c ./freertos/freertos_kernel/tasks.o
                0x00000000600044f8                vTaskPriorityDisinheritAfterTimeout
 .text.pvTaskIncrementMutexHeldCount
                0x0000000060004614       0x28 ./freertos/freertos_kernel/tasks.o
                0x0000000060004614                pvTaskIncrementMutexHeldCount
 .text.prvAddCurrentTaskToDelayedList
                0x000000006000463c       0xcc ./freertos/freertos_kernel/tasks.o
 .text.xTimerCreateTimerTask
                0x0000000060004708       0x64 ./freertos/freertos_kernel/timers.o
                0x0000000060004708                xTimerCreateTimerTask
 .text.xTimerGenericCommand
                0x000000006000476c       0x9c ./freertos/freertos_kernel/timers.o
                0x000000006000476c                xTimerGenericCommand
 .text.prvProcessExpiredTimer
                0x0000000060004808       0x98 ./freertos/freertos_kernel/timers.o
 .text.prvProcessTimerOrBlockTask
                0x00000000600048a0       0x9c ./freertos/freertos_kernel/timers.o
 .text.prvGetNextExpireTime
                0x000000006000493c       0x48 ./freertos/freertos_kernel/timers.o
 .text.prvSampleTimeNow
                0x0000000060004984       0x40 ./freertos/freertos_kernel/timers.o
 .text.prvInsertTimerInActiveList
                0x00000000600049c4       0x84 ./freertos/freertos_kernel/timers.o
 .text.prvProcessReceivedCommands
                0x0000000060004a48      0x1c4 ./freertos/freertos_kernel/timers.o
 .text.prvSwitchTimerLists
                0x0000000060004c0c       0xc8 ./freertos/freertos_kernel/timers.o
 .text.prvCheckForValidListAndQueue
                0x0000000060004cd4       0x6c ./freertos/freertos_kernel/timers.o
 .text.LPI2C_RTOS_Callback
                0x0000000060004d40       0x4c ./drivers/freertos/fsl_lpi2c_freertos.o
 .text.LPI2C_RTOS_Init
                0x0000000060004d8c       0x9c ./drivers/freertos/fsl_lpi2c_freertos.o
                0x0000000060004d8c                LPI2C_RTOS_Init
 .text.CLOCK_GetOscFreq
                0x0000000060004e28       0x30 ./drivers/fsl_clock.o
 .text.CLOCK_GetPeriphClkFreq
                0x0000000060004e58       0xec ./drivers/fsl_clock.o
 .text.CLOCK_InitExternalClk
                0x0000000060004f44       0x6c ./drivers/fsl_clock.o
                0x0000000060004f44                CLOCK_InitExternalClk
 .text.CLOCK_SwitchOsc
                0x0000000060004fb0       0x34 ./drivers/fsl_clock.o
                0x0000000060004fb0                CLOCK_SwitchOsc
 .text.CLOCK_InitRcOsc24M
                0x0000000060004fe4       0x24 ./drivers/fsl_clock.o
                0x0000000060004fe4                CLOCK_InitRcOsc24M
 .text.CLOCK_GetAhbFreq
                0x0000000060005008       0x24 ./drivers/fsl_clock.o
                0x0000000060005008                CLOCK_GetAhbFreq
 .text.CLOCK_GetSemcFreq
                0x000000006000502c       0x5c ./drivers/fsl_clock.o
                0x000000006000502c                CLOCK_GetSemcFreq
 .text.CLOCK_GetIpgFreq
                0x0000000060005088       0x24 ./drivers/fsl_clock.o
                0x0000000060005088                CLOCK_GetIpgFreq
 .text.CLOCK_GetPerClkFreq
                0x00000000600050ac       0x40 ./drivers/fsl_clock.o
                0x00000000600050ac                CLOCK_GetPerClkFreq
 .text.CLOCK_GetFreq
                0x00000000600050ec      0x170 ./drivers/fsl_clock.o
                0x00000000600050ec                CLOCK_GetFreq
 .text.CLOCK_InitArmPll
                0x000000006000525c       0x68 ./drivers/fsl_clock.o
                0x000000006000525c                CLOCK_InitArmPll
 .text.CLOCK_InitSysPll
                0x00000000600052c4       0x9c ./drivers/fsl_clock.o
                0x00000000600052c4                CLOCK_InitSysPll
 .text.CLOCK_DeinitUsb2Pll
                0x0000000060005360       0x18 ./drivers/fsl_clock.o
                0x0000000060005360                CLOCK_DeinitUsb2Pll
 .text.CLOCK_DeinitAudioPll
                0x0000000060005378       0x1c ./drivers/fsl_clock.o
                0x0000000060005378                CLOCK_DeinitAudioPll
 .text.CLOCK_DeinitEnetPll
                0x0000000060005394       0x1c ./drivers/fsl_clock.o
                0x0000000060005394                CLOCK_DeinitEnetPll
 .text.CLOCK_GetPllFreq
                0x00000000600053b0      0x3b8 ./drivers/fsl_clock.o
                0x00000000600053b0                CLOCK_GetPllFreq
 .text.CLOCK_InitSysPfd
                0x0000000060005768       0x64 ./drivers/fsl_clock.o
                0x0000000060005768                CLOCK_InitSysPfd
 .text.CLOCK_GetSysPfdFreq
                0x00000000600057cc       0xac ./drivers/fsl_clock.o
                0x00000000600057cc                CLOCK_GetSysPfdFreq
 .text.CLOCK_GetUsb1PfdFreq
                0x0000000060005878       0xac ./drivers/fsl_clock.o
                0x0000000060005878                CLOCK_GetUsb1PfdFreq
 .text.__NVIC_EnableIRQ
                0x0000000060005924       0x3c ./drivers/fsl_lpi2c.o
 .text.CLOCK_ControlGate
                0x0000000060005960       0x64 ./drivers/fsl_lpi2c.o
 .text.LPI2C_GetInstance
                0x00000000600059c4       0x4c ./drivers/fsl_lpi2c.o
                0x00000000600059c4                LPI2C_GetInstance
 .text.LPI2C_GetCyclesForWidth
                0x0000000060005a10       0x9c ./drivers/fsl_lpi2c.o
 .text.LPI2C_MasterGetDefaultConfig
                0x0000000060005aac       0x6c ./drivers/fsl_lpi2c.o
                0x0000000060005aac                LPI2C_MasterGetDefaultConfig
 .text.LPI2C_MasterInit
                0x0000000060005b18      0x1cc ./drivers/fsl_lpi2c.o
                0x0000000060005b18                LPI2C_MasterInit
 .text.LPI2C_MasterSetBaudRate
                0x0000000060005ce4      0x17c ./drivers/fsl_lpi2c.o
                0x0000000060005ce4                LPI2C_MasterSetBaudRate
 .text.LPI2C_MasterTransferCreateHandle
                0x0000000060005e60       0x7c ./drivers/fsl_lpi2c.o
                0x0000000060005e60                LPI2C_MasterTransferCreateHandle
 .text.LPI2C_RunTransferStateMachine
                0x0000000060005edc      0x25c ./drivers/fsl_lpi2c.o
 .text.LPI2C_MasterTransferNonBlocking
                0x0000000060006138       0xbc ./drivers/fsl_lpi2c.o
                0x0000000060006138                LPI2C_MasterTransferNonBlocking
 .text.LPI2C_SlaveInit
                0x00000000600061f4      0x144 ./drivers/fsl_lpi2c.o
                0x00000000600061f4                LPI2C_SlaveInit
 .text.LPI2C_SlaveTransferCreateHandle
                0x0000000060006338       0x84 ./drivers/fsl_lpi2c.o
                0x0000000060006338                LPI2C_SlaveTransferCreateHandle
 .text.LPI2C_SlaveTransferNonBlocking
                0x00000000600063bc       0x98 ./drivers/fsl_lpi2c.o
                0x00000000600063bc                LPI2C_SlaveTransferNonBlocking
 .text.LPI2C_CommonIRQHandler
                0x0000000060006454       0x78 ./drivers/fsl_lpi2c.o
 .text.LPI2C1_DriverIRQHandler
                0x00000000600064cc       0x14 ./drivers/fsl_lpi2c.o
                0x00000000600064cc                LPI2C1_DriverIRQHandler
 .text.LPI2C2_DriverIRQHandler
                0x00000000600064e0       0x14 ./drivers/fsl_lpi2c.o
                0x00000000600064e0                LPI2C2_DriverIRQHandler
 .text.LPI2C3_DriverIRQHandler
                0x00000000600064f4       0x14 ./drivers/fsl_lpi2c.o
                0x00000000600064f4                LPI2C3_DriverIRQHandler
 .text.LPI2C4_DriverIRQHandler
                0x0000000060006508       0x14 ./drivers/fsl_lpi2c.o
                0x0000000060006508                LPI2C4_DriverIRQHandler
 .text.LPUART1_DriverIRQHandler
                0x000000006000651c       0x28 ./drivers/fsl_lpuart.o
                0x000000006000651c                LPUART1_DriverIRQHandler
 .text.LPUART2_DriverIRQHandler
                0x0000000060006544       0x28 ./drivers/fsl_lpuart.o
                0x0000000060006544                LPUART2_DriverIRQHandler
 .text.LPUART3_DriverIRQHandler
                0x000000006000656c       0x28 ./drivers/fsl_lpuart.o
                0x000000006000656c                LPUART3_DriverIRQHandler
 .text.LPUART4_DriverIRQHandler
                0x0000000060006594       0x28 ./drivers/fsl_lpuart.o
                0x0000000060006594                LPUART4_DriverIRQHandler
 .text.LPUART5_DriverIRQHandler
                0x00000000600065bc       0x28 ./drivers/fsl_lpuart.o
                0x00000000600065bc                LPUART5_DriverIRQHandler
 .text.LPUART6_DriverIRQHandler
                0x00000000600065e4       0x28 ./drivers/fsl_lpuart.o
                0x00000000600065e4                LPUART6_DriverIRQHandler
 .text.LPUART7_DriverIRQHandler
                0x000000006000660c       0x28 ./drivers/fsl_lpuart.o
                0x000000006000660c                LPUART7_DriverIRQHandler
 .text.LPUART8_DriverIRQHandler
                0x0000000060006634       0x28 ./drivers/fsl_lpuart.o
                0x0000000060006634                LPUART8_DriverIRQHandler
 .text.SystemInit
                0x000000006000665c      0x1d8 ./device/system_MIMXRT1052.o
                0x000000006000665c                SystemInit
 .text.ARM_MPU_Enable
                0x0000000060006834       0x40 ./board/board.o
 .text.ARM_MPU_Disable
                0x0000000060006874       0x34 ./board/board.o
 .text.CLOCK_GetMux
                0x00000000600068a8       0x44 ./board/board.o
 .text.CLOCK_GetDiv
                0x00000000600068ec       0x44 ./board/board.o
 .text.CLOCK_GetOscFreq
                0x0000000060006930       0x30 ./board/board.o
 .text.BOARD_DebugConsoleSrcFreq
                0x0000000060006960       0x64 ./board/board.o
                0x0000000060006960                BOARD_DebugConsoleSrcFreq
 .text.BOARD_ConfigMPU
                0x00000000600069c4      0x2e4 ./board/board.o
                0x00000000600069c4                BOARD_ConfigMPU
 .text.CLOCK_SetMux
                0x0000000060006ca8       0x9c ./board/clock_config.o
 .text.CLOCK_SetDiv
                0x0000000060006d44       0x9c ./board/clock_config.o
 .text.CLOCK_ControlGate
                0x0000000060006de0       0x64 ./board/clock_config.o
 .text.CLOCK_SetXtalFreq
                0x0000000060006e44       0x20 ./board/clock_config.o
 .text.CLOCK_SetRtcXtalFreq
                0x0000000060006e64       0x20 ./board/clock_config.o
 .text.IOMUXC_EnableMode
                0x0000000060006e84       0x48 ./board/clock_config.o
 .text.IOMUXC_MQSConfig
                0x0000000060006ecc       0x44 ./board/clock_config.o
 .text.BOARD_BootClockRUN
                0x0000000060006f10      0x690 ./board/clock_config.o
                0x0000000060006f10                BOARD_BootClockRUN
 .text.CLOCK_ControlGate
                0x00000000600075a0       0x64 ./board/pin_mux.o
 .text.BOARD_InitPins
                0x0000000060007604      0x150 ./board/pin_mux.o
                0x0000000060007604                BOARD_InitPins
 .text.malloc   0x0000000060007754       0xc8 /Applications/MCUXpressoIDE_11.2.1_4149/ide/plugins/com.nxp.mcuxpresso.tools.macosx_11.2.0.202001021529/tools/bin/../lib/gcc/arm-none-eabi/9.2.1/../../../../arm-none-eabi/lib/thumb/v7e-m+dp/hard/libcr_c.a(alloc.o)
                0x0000000060007754                malloc
 .text._Csys_alloc
                0x000000006000781c       0x20 /Applications/MCUXpressoIDE_11.2.1_4149/ide/plugins/com.nxp.mcuxpresso.tools.macosx_11.2.0.202001021529/tools/bin/../lib/gcc/arm-none-eabi/9.2.1/../../../../arm-none-eabi/lib/thumb/v7e-m+dp/hard/libcr_c.a(alloc.o)
                0x000000006000781c                _Csys_alloc
 .text._initio  0x000000006000783c       0x78 /Applications/MCUXpressoIDE_11.2.1_4149/ide/plugins/com.nxp.mcuxpresso.tools.macosx_11.2.0.202001021529/tools/bin/../lib/gcc/arm-none-eabi/9.2.1/../../../../arm-none-eabi/lib/thumb/v7e-m+dp/hard/libcr_c.a(initio.o)
                0x000000006000783c                _initio
 .text.__vfprintf
                0x00000000600078b4      0xcd4 /Applications/MCUXpressoIDE_11.2.1_4149/ide/plugins/com.nxp.mcuxpresso.tools.macosx_11.2.0.202001021529/tools/bin/../lib/gcc/arm-none-eabi/9.2.1/../../../../arm-none-eabi/lib/thumb/v7e-m+dp/hard/libcr_c.a(printf.o)
                0x00000000600078b4                __vfprintf
 .text._vsnprintf
                0x0000000060008588       0x68 /Applications/MCUXpressoIDE_11.2.1_4149/ide/plugins/com.nxp.mcuxpresso.tools.macosx_11.2.0.202001021529/tools/bin/../lib/gcc/arm-none-eabi/9.2.1/../../../../arm-none-eabi/lib/thumb/v7e-m+dp/hard/libcr_c.a(printf.o)
                0x0000000060008588                _vsnprintf
 .text._printf  0x00000000600085f0       0x54 /Applications/MCUXpressoIDE_11.2.1_4149/ide/plugins/com.nxp.mcuxpresso.tools.macosx_11.2.0.202001021529/tools/bin/../lib/gcc/arm-none-eabi/9.2.1/../../../../arm-none-eabi/lib/thumb/v7e-m+dp/hard/libcr_c.a(printf.o)
                0x00000000600085f0                _printf
 .text._sbrk    0x0000000060008644       0x3c /Applications/MCUXpressoIDE_11.2.1_4149/ide/plugins/com.nxp.mcuxpresso.tools.macosx_11.2.0.202001021529/tools/bin/../lib/gcc/arm-none-eabi/9.2.1/../../../../arm-none-eabi/lib/thumb/v7e-m+dp/hard/libcr_c.a(_cr_sbrk.o)
                0x0000000060008644                _sbrk
 .text._Cwritebuf
                0x0000000060008680       0x6c /Applications/MCUXpressoIDE_11.2.1_4149/ide/plugins/com.nxp.mcuxpresso.tools.macosx_11.2.0.202001021529/tools/bin/../lib/gcc/arm-none-eabi/9.2.1/../../../../arm-none-eabi/lib/thumb/v7e-m+dp/hard/libcr_c.a(_writebuf.o)
                0x0000000060008680                _Cwritebuf
 .text.fflush   0x00000000600086ec       0x44 /Applications/MCUXpressoIDE_11.2.1_4149/ide/plugins/com.nxp.mcuxpresso.tools.macosx_11.2.0.202001021529/tools/bin/../lib/gcc/arm-none-eabi/9.2.1/../../../../arm-none-eabi/lib/thumb/v7e-m+dp/hard/libcr_c.a(fflush.o)
                0x00000000600086ec                fflush
 .text.fseek    0x0000000060008730      0x100 /Applications/MCUXpressoIDE_11.2.1_4149/ide/plugins/com.nxp.mcuxpresso.tools.macosx_11.2.0.202001021529/tools/bin/../lib/gcc/arm-none-eabi/9.2.1/../../../../arm-none-eabi/lib/thumb/v7e-m+dp/hard/libcr_c.a(fseek.o)
                0x0000000060008730                fseek
 .text.ftell    0x0000000060008830       0x44 /Applications/MCUXpressoIDE_11.2.1_4149/ide/plugins/com.nxp.mcuxpresso.tools.macosx_11.2.0.202001021529/tools/bin/../lib/gcc/arm-none-eabi/9.2.1/../../../../arm-none-eabi/lib/thumb/v7e-m+dp/hard/libcr_c.a(ftell.o)
                0x0000000060008830                ftell
 .text.__check_heap_overflow
                0x0000000060008874       0x18 /Applications/MCUXpressoIDE_11.2.1_4149/ide/plugins/com.nxp.mcuxpresso.tools.macosx_11.2.0.202001021529/tools/bin/../lib/gcc/arm-none-eabi/9.2.1/../../../../arm-none-eabi/lib/thumb/v7e-m+dp/hard/libcr_c.a(_cr_check_heap.o)
                0x0000000060008874                __check_heap_overflow
 .text.__sys_appexit
                0x000000006000888c        0xc /Applications/MCUXpressoIDE_11.2.1_4149/ide/plugins/com.nxp.mcuxpresso.tools.macosx_11.2.0.202001021529/tools/bin/../lib/gcc/arm-none-eabi/9.2.1/../../../../arm-none-eabi/lib/thumb/v7e-m+dp/hard/libcr_semihost_nf.a(__sys_appexit.o)
                0x000000006000888c                __exit
                0x000000006000888c                __sys_appexit
 .text.DMA0_DMA16_IRQHandler
                0x0000000060008898        0x8 ./startup/startup_mimxrt1052.o
                0x0000000060008898                DMA0_DMA16_IRQHandler
 .text.DMA1_DMA17_IRQHandler
                0x00000000600088a0        0x8 ./startup/startup_mimxrt1052.o
                0x00000000600088a0                DMA1_DMA17_IRQHandler
 .text.DMA2_DMA18_IRQHandler
                0x00000000600088a8        0x8 ./startup/startup_mimxrt1052.o
                0x00000000600088a8                DMA2_DMA18_IRQHandler
 .text.DMA3_DMA19_IRQHandler
                0x00000000600088b0        0x8 ./startup/startup_mimxrt1052.o
                0x00000000600088b0                DMA3_DMA19_IRQHandler
 .text.DMA4_DMA20_IRQHandler
                0x00000000600088b8        0x8 ./startup/startup_mimxrt1052.o
                0x00000000600088b8                DMA4_DMA20_IRQHandler
 .text.DMA5_DMA21_IRQHandler
                0x00000000600088c0        0x8 ./startup/startup_mimxrt1052.o
                0x00000000600088c0                DMA5_DMA21_IRQHandler
 .text.DMA6_DMA22_IRQHandler
                0x00000000600088c8        0x8 ./startup/startup_mimxrt1052.o
                0x00000000600088c8                DMA6_DMA22_IRQHandler
 .text.DMA7_DMA23_IRQHandler
                0x00000000600088d0        0x8 ./startup/startup_mimxrt1052.o
                0x00000000600088d0                DMA7_DMA23_IRQHandler
 .text.DMA8_DMA24_IRQHandler
                0x00000000600088d8        0x8 ./startup/startup_mimxrt1052.o
                0x00000000600088d8                DMA8_DMA24_IRQHandler
 .text.DMA9_DMA25_IRQHandler
                0x00000000600088e0        0x8 ./startup/startup_mimxrt1052.o
                0x00000000600088e0                DMA9_DMA25_IRQHandler
 .text.DMA10_DMA26_IRQHandler
                0x00000000600088e8        0x8 ./startup/startup_mimxrt1052.o
                0x00000000600088e8                DMA10_DMA26_IRQHandler
 .text.DMA11_DMA27_IRQHandler
                0x00000000600088f0        0x8 ./startup/startup_mimxrt1052.o
                0x00000000600088f0                DMA11_DMA27_IRQHandler
 .text.DMA12_DMA28_IRQHandler
                0x00000000600088f8        0x8 ./startup/startup_mimxrt1052.o
                0x00000000600088f8                DMA12_DMA28_IRQHandler
 .text.DMA13_DMA29_IRQHandler
                0x0000000060008900        0x8 ./startup/startup_mimxrt1052.o
                0x0000000060008900                DMA13_DMA29_IRQHandler
 .text.DMA14_DMA30_IRQHandler
                0x0000000060008908        0x8 ./startup/startup_mimxrt1052.o
                0x0000000060008908                DMA14_DMA30_IRQHandler
 .text.DMA15_DMA31_IRQHandler
                0x0000000060008910        0x8 ./startup/startup_mimxrt1052.o
                0x0000000060008910                DMA15_DMA31_IRQHandler
 .text.DMA_ERROR_IRQHandler
                0x0000000060008918        0x8 ./startup/startup_mimxrt1052.o
                0x0000000060008918                DMA_ERROR_IRQHandler
 .text.CTI0_ERROR_IRQHandler
                0x0000000060008920        0x8 ./startup/startup_mimxrt1052.o
                0x0000000060008920                CTI0_ERROR_IRQHandler
 .text.CTI1_ERROR_IRQHandler
                0x0000000060008928        0x8 ./startup/startup_mimxrt1052.o
                0x0000000060008928                CTI1_ERROR_IRQHandler
 .text.CORE_IRQHandler
                0x0000000060008930        0x8 ./startup/startup_mimxrt1052.o
                0x0000000060008930                CORE_IRQHandler
 .text.LPUART1_IRQHandler
                0x0000000060008938        0x8 ./startup/startup_mimxrt1052.o
                0x0000000060008938                LPUART1_IRQHandler
 .text.LPUART2_IRQHandler
                0x0000000060008940        0x8 ./startup/startup_mimxrt1052.o
                0x0000000060008940                LPUART2_IRQHandler
 .text.LPUART3_IRQHandler
                0x0000000060008948        0x8 ./startup/startup_mimxrt1052.o
                0x0000000060008948                LPUART3_IRQHandler
 .text.LPUART4_IRQHandler
                0x0000000060008950        0x8 ./startup/startup_mimxrt1052.o
                0x0000000060008950                LPUART4_IRQHandler
 .text.LPUART5_IRQHandler
                0x0000000060008958        0x8 ./startup/startup_mimxrt1052.o
                0x0000000060008958                LPUART5_IRQHandler
 .text.LPUART6_IRQHandler
                0x0000000060008960        0x8 ./startup/startup_mimxrt1052.o
                0x0000000060008960                LPUART6_IRQHandler
 .text.LPUART7_IRQHandler
                0x0000000060008968        0x8 ./startup/startup_mimxrt1052.o
                0x0000000060008968                LPUART7_IRQHandler
 .text.LPUART8_IRQHandler
                0x0000000060008970        0x8 ./startup/startup_mimxrt1052.o
                0x0000000060008970                LPUART8_IRQHandler
 .text.LPI2C1_IRQHandler
                0x0000000060008978        0x8 ./startup/startup_mimxrt1052.o
                0x0000000060008978                LPI2C1_IRQHandler
 .text.LPI2C2_IRQHandler
                0x0000000060008980        0x8 ./startup/startup_mimxrt1052.o
                0x0000000060008980                LPI2C2_IRQHandler
 .text.LPI2C3_IRQHandler
                0x0000000060008988        0x8 ./startup/startup_mimxrt1052.o
                0x0000000060008988                LPI2C3_IRQHandler
 .text.LPI2C4_IRQHandler
                0x0000000060008990        0x8 ./startup/startup_mimxrt1052.o
                0x0000000060008990                LPI2C4_IRQHandler
 .text.LPSPI1_IRQHandler
                0x0000000060008998        0x8 ./startup/startup_mimxrt1052.o
                0x0000000060008998                LPSPI1_IRQHandler
 .text.LPSPI2_IRQHandler
                0x00000000600089a0        0x8 ./startup/startup_mimxrt1052.o
                0x00000000600089a0                LPSPI2_IRQHandler
 .text.LPSPI3_IRQHandler
                0x00000000600089a8        0x8 ./startup/startup_mimxrt1052.o
                0x00000000600089a8                LPSPI3_IRQHandler
 .text.LPSPI4_IRQHandler
                0x00000000600089b0        0x8 ./startup/startup_mimxrt1052.o
                0x00000000600089b0                LPSPI4_IRQHandler
 .text.CAN1_IRQHandler
                0x00000000600089b8        0x8 ./startup/startup_mimxrt1052.o
                0x00000000600089b8                CAN1_IRQHandler
 .text.CAN2_IRQHandler
                0x00000000600089c0        0x8 ./startup/startup_mimxrt1052.o
                0x00000000600089c0                CAN2_IRQHandler
 .text.FLEXRAM_IRQHandler
                0x00000000600089c8        0x8 ./startup/startup_mimxrt1052.o
                0x00000000600089c8                FLEXRAM_IRQHandler
 .text.KPP_IRQHandler
                0x00000000600089d0        0x8 ./startup/startup_mimxrt1052.o
                0x00000000600089d0                KPP_IRQHandler
 .text.TSC_DIG_IRQHandler
                0x00000000600089d8        0x8 ./startup/startup_mimxrt1052.o
                0x00000000600089d8                TSC_DIG_IRQHandler
 .text.GPR_IRQ_IRQHandler
                0x00000000600089e0        0x8 ./startup/startup_mimxrt1052.o
                0x00000000600089e0                GPR_IRQ_IRQHandler
 .text.LCDIF_IRQHandler
                0x00000000600089e8        0x8 ./startup/startup_mimxrt1052.o
                0x00000000600089e8                LCDIF_IRQHandler
 .text.CSI_IRQHandler
                0x00000000600089f0        0x8 ./startup/startup_mimxrt1052.o
                0x00000000600089f0                CSI_IRQHandler
 .text.PXP_IRQHandler
                0x00000000600089f8        0x8 ./startup/startup_mimxrt1052.o
                0x00000000600089f8                PXP_IRQHandler
 .text.WDOG2_IRQHandler
                0x0000000060008a00        0x8 ./startup/startup_mimxrt1052.o
                0x0000000060008a00                WDOG2_IRQHandler
 .text.SNVS_HP_WRAPPER_IRQHandler
                0x0000000060008a08        0x8 ./startup/startup_mimxrt1052.o
                0x0000000060008a08                SNVS_HP_WRAPPER_IRQHandler
 .text.SNVS_HP_WRAPPER_TZ_IRQHandler
                0x0000000060008a10        0x8 ./startup/startup_mimxrt1052.o
                0x0000000060008a10                SNVS_HP_WRAPPER_TZ_IRQHandler
 .text.SNVS_LP_WRAPPER_IRQHandler
                0x0000000060008a18        0x8 ./startup/startup_mimxrt1052.o
                0x0000000060008a18                SNVS_LP_WRAPPER_IRQHandler
 .text.CSU_IRQHandler
                0x0000000060008a20        0x8 ./startup/startup_mimxrt1052.o
                0x0000000060008a20                CSU_IRQHandler
 .text.DCP_IRQHandler
                0x0000000060008a28        0x8 ./startup/startup_mimxrt1052.o
                0x0000000060008a28                DCP_IRQHandler
 .text.DCP_VMI_IRQHandler
                0x0000000060008a30        0x8 ./startup/startup_mimxrt1052.o
                0x0000000060008a30                DCP_VMI_IRQHandler
 .text.Reserved68_IRQHandler
                0x0000000060008a38        0x8 ./startup/startup_mimxrt1052.o
                0x0000000060008a38                Reserved68_IRQHandler
 .text.TRNG_IRQHandler
                0x0000000060008a40        0x8 ./startup/startup_mimxrt1052.o
                0x0000000060008a40                TRNG_IRQHandler
 .text.SJC_IRQHandler
                0x0000000060008a48        0x8 ./startup/startup_mimxrt1052.o
                0x0000000060008a48                SJC_IRQHandler
 .text.BEE_IRQHandler
                0x0000000060008a50        0x8 ./startup/startup_mimxrt1052.o
                0x0000000060008a50                BEE_IRQHandler
 .text.SAI1_IRQHandler
                0x0000000060008a58        0x8 ./startup/startup_mimxrt1052.o
                0x0000000060008a58                SAI1_IRQHandler
 .text.SAI2_IRQHandler
                0x0000000060008a60        0x8 ./startup/startup_mimxrt1052.o
                0x0000000060008a60                SAI2_IRQHandler
 .text.SAI3_RX_IRQHandler
                0x0000000060008a68        0x8 ./startup/startup_mimxrt1052.o
                0x0000000060008a68                SAI3_RX_IRQHandler
 .text.SAI3_TX_IRQHandler
                0x0000000060008a70        0x8 ./startup/startup_mimxrt1052.o
                0x0000000060008a70                SAI3_TX_IRQHandler
 .text.SPDIF_IRQHandler
                0x0000000060008a78        0x8 ./startup/startup_mimxrt1052.o
                0x0000000060008a78                SPDIF_IRQHandler
 .text.PMU_EVENT_IRQHandler
                0x0000000060008a80        0x8 ./startup/startup_mimxrt1052.o
                0x0000000060008a80                PMU_EVENT_IRQHandler
 .text.Reserved78_IRQHandler
                0x0000000060008a88        0x8 ./startup/startup_mimxrt1052.o
                0x0000000060008a88                Reserved78_IRQHandler
 .text.TEMP_LOW_HIGH_IRQHandler
                0x0000000060008a90        0x8 ./startup/startup_mimxrt1052.o
                0x0000000060008a90                TEMP_LOW_HIGH_IRQHandler
 .text.TEMP_PANIC_IRQHandler
                0x0000000060008a98        0x8 ./startup/startup_mimxrt1052.o
                0x0000000060008a98                TEMP_PANIC_IRQHandler
 .text.USB_PHY1_IRQHandler
                0x0000000060008aa0        0x8 ./startup/startup_mimxrt1052.o
                0x0000000060008aa0                USB_PHY1_IRQHandler
 .text.USB_PHY2_IRQHandler
                0x0000000060008aa8        0x8 ./startup/startup_mimxrt1052.o
                0x0000000060008aa8                USB_PHY2_IRQHandler
 .text.ADC1_IRQHandler
                0x0000000060008ab0        0x8 ./startup/startup_mimxrt1052.o
                0x0000000060008ab0                ADC1_IRQHandler
 .text.ADC2_IRQHandler
                0x0000000060008ab8        0x8 ./startup/startup_mimxrt1052.o
                0x0000000060008ab8                ADC2_IRQHandler
 .text.DCDC_IRQHandler
                0x0000000060008ac0        0x8 ./startup/startup_mimxrt1052.o
                0x0000000060008ac0                DCDC_IRQHandler
 .text.Reserved86_IRQHandler
                0x0000000060008ac8        0x8 ./startup/startup_mimxrt1052.o
                0x0000000060008ac8                Reserved86_IRQHandler
 .text.Reserved87_IRQHandler
                0x0000000060008ad0        0x8 ./startup/startup_mimxrt1052.o
                0x0000000060008ad0                Reserved87_IRQHandler
 .text.GPIO1_INT0_IRQHandler
                0x0000000060008ad8        0x8 ./startup/startup_mimxrt1052.o
                0x0000000060008ad8                GPIO1_INT0_IRQHandler
 .text.GPIO1_INT1_IRQHandler
                0x0000000060008ae0        0x8 ./startup/startup_mimxrt1052.o
                0x0000000060008ae0                GPIO1_INT1_IRQHandler
 .text.GPIO1_INT2_IRQHandler
                0x0000000060008ae8        0x8 ./startup/startup_mimxrt1052.o
                0x0000000060008ae8                GPIO1_INT2_IRQHandler
 .text.GPIO1_INT3_IRQHandler
                0x0000000060008af0        0x8 ./startup/startup_mimxrt1052.o
                0x0000000060008af0                GPIO1_INT3_IRQHandler
 .text.GPIO1_INT4_IRQHandler
                0x0000000060008af8        0x8 ./startup/startup_mimxrt1052.o
                0x0000000060008af8                GPIO1_INT4_IRQHandler
 .text.GPIO1_INT5_IRQHandler
                0x0000000060008b00        0x8 ./startup/startup_mimxrt1052.o
                0x0000000060008b00                GPIO1_INT5_IRQHandler
 .text.GPIO1_INT6_IRQHandler
                0x0000000060008b08        0x8 ./startup/startup_mimxrt1052.o
                0x0000000060008b08                GPIO1_INT6_IRQHandler
 .text.GPIO1_INT7_IRQHandler
                0x0000000060008b10        0x8 ./startup/startup_mimxrt1052.o
                0x0000000060008b10                GPIO1_INT7_IRQHandler
 .text.GPIO1_Combined_0_15_IRQHandler
                0x0000000060008b18        0x8 ./startup/startup_mimxrt1052.o
                0x0000000060008b18                GPIO1_Combined_0_15_IRQHandler
 .text.GPIO1_Combined_16_31_IRQHandler
                0x0000000060008b20        0x8 ./startup/startup_mimxrt1052.o
                0x0000000060008b20                GPIO1_Combined_16_31_IRQHandler
 .text.GPIO2_Combined_0_15_IRQHandler
                0x0000000060008b28        0x8 ./startup/startup_mimxrt1052.o
                0x0000000060008b28                GPIO2_Combined_0_15_IRQHandler
 .text.GPIO2_Combined_16_31_IRQHandler
                0x0000000060008b30        0x8 ./startup/startup_mimxrt1052.o
                0x0000000060008b30                GPIO2_Combined_16_31_IRQHandler
 .text.GPIO3_Combined_0_15_IRQHandler
                0x0000000060008b38        0x8 ./startup/startup_mimxrt1052.o
                0x0000000060008b38                GPIO3_Combined_0_15_IRQHandler
 .text.GPIO3_Combined_16_31_IRQHandler
                0x0000000060008b40        0x8 ./startup/startup_mimxrt1052.o
                0x0000000060008b40                GPIO3_Combined_16_31_IRQHandler
 .text.GPIO4_Combined_0_15_IRQHandler
                0x0000000060008b48        0x8 ./startup/startup_mimxrt1052.o
                0x0000000060008b48                GPIO4_Combined_0_15_IRQHandler
 .text.GPIO4_Combined_16_31_IRQHandler
                0x0000000060008b50        0x8 ./startup/startup_mimxrt1052.o
                0x0000000060008b50                GPIO4_Combined_16_31_IRQHandler
 .text.GPIO5_Combined_0_15_IRQHandler
                0x0000000060008b58        0x8 ./startup/startup_mimxrt1052.o
                0x0000000060008b58                GPIO5_Combined_0_15_IRQHandler
 .text.GPIO5_Combined_16_31_IRQHandler
                0x0000000060008b60        0x8 ./startup/startup_mimxrt1052.o
                0x0000000060008b60                GPIO5_Combined_16_31_IRQHandler
 .text.FLEXIO1_IRQHandler
                0x0000000060008b68        0x8 ./startup/startup_mimxrt1052.o
                0x0000000060008b68                FLEXIO1_IRQHandler
 .text.FLEXIO2_IRQHandler
                0x0000000060008b70        0x8 ./startup/startup_mimxrt1052.o
                0x0000000060008b70                FLEXIO2_IRQHandler
 .text.WDOG1_IRQHandler
                0x0000000060008b78        0x8 ./startup/startup_mimxrt1052.o
                0x0000000060008b78                WDOG1_IRQHandler
 .text.RTWDOG_IRQHandler
                0x0000000060008b80        0x8 ./startup/startup_mimxrt1052.o
                0x0000000060008b80                RTWDOG_IRQHandler
 .text.EWM_IRQHandler
                0x0000000060008b88        0x8 ./startup/startup_mimxrt1052.o
                0x0000000060008b88                EWM_IRQHandler
 .text.CCM_1_IRQHandler
                0x0000000060008b90        0x8 ./startup/startup_mimxrt1052.o
                0x0000000060008b90                CCM_1_IRQHandler
 .text.CCM_2_IRQHandler
                0x0000000060008b98        0x8 ./startup/startup_mimxrt1052.o
                0x0000000060008b98                CCM_2_IRQHandler
 .text.GPC_IRQHandler
                0x0000000060008ba0        0x8 ./startup/startup_mimxrt1052.o
                0x0000000060008ba0                GPC_IRQHandler
 .text.SRC_IRQHandler
                0x0000000060008ba8        0x8 ./startup/startup_mimxrt1052.o
                0x0000000060008ba8                SRC_IRQHandler
 .text.Reserved115_IRQHandler
                0x0000000060008bb0        0x8 ./startup/startup_mimxrt1052.o
                0x0000000060008bb0                Reserved115_IRQHandler
 .text.GPT1_IRQHandler
                0x0000000060008bb8        0x8 ./startup/startup_mimxrt1052.o
                0x0000000060008bb8                GPT1_IRQHandler
 .text.GPT2_IRQHandler
                0x0000000060008bc0        0x8 ./startup/startup_mimxrt1052.o
                0x0000000060008bc0                GPT2_IRQHandler
 .text.PWM1_0_IRQHandler
                0x0000000060008bc8        0x8 ./startup/startup_mimxrt1052.o
                0x0000000060008bc8                PWM1_0_IRQHandler
 .text.PWM1_1_IRQHandler
                0x0000000060008bd0        0x8 ./startup/startup_mimxrt1052.o
                0x0000000060008bd0                PWM1_1_IRQHandler
 .text.PWM1_2_IRQHandler
                0x0000000060008bd8        0x8 ./startup/startup_mimxrt1052.o
                0x0000000060008bd8                PWM1_2_IRQHandler
 .text.PWM1_3_IRQHandler
                0x0000000060008be0        0x8 ./startup/startup_mimxrt1052.o
                0x0000000060008be0                PWM1_3_IRQHandler
 .text.PWM1_FAULT_IRQHandler
                0x0000000060008be8        0x8 ./startup/startup_mimxrt1052.o
                0x0000000060008be8                PWM1_FAULT_IRQHandler
 .text.Reserved123_IRQHandler
                0x0000000060008bf0        0x8 ./startup/startup_mimxrt1052.o
                0x0000000060008bf0                Reserved123_IRQHandler
 .text.FLEXSPI_IRQHandler
                0x0000000060008bf8        0x8 ./startup/startup_mimxrt1052.o
                0x0000000060008bf8                FLEXSPI_IRQHandler
 .text.SEMC_IRQHandler
                0x0000000060008c00        0x8 ./startup/startup_mimxrt1052.o
                0x0000000060008c00                SEMC_IRQHandler
 .text.USDHC1_IRQHandler
                0x0000000060008c08        0x8 ./startup/startup_mimxrt1052.o
                0x0000000060008c08                USDHC1_IRQHandler
 .text.USDHC2_IRQHandler
                0x0000000060008c10        0x8 ./startup/startup_mimxrt1052.o
                0x0000000060008c10                USDHC2_IRQHandler
 .text.USB_OTG2_IRQHandler
                0x0000000060008c18        0x8 ./startup/startup_mimxrt1052.o
                0x0000000060008c18                USB_OTG2_IRQHandler
 .text.USB_OTG1_IRQHandler
                0x0000000060008c20        0x8 ./startup/startup_mimxrt1052.o
                0x0000000060008c20                USB_OTG1_IRQHandler
 .text.ENET_IRQHandler
                0x0000000060008c28        0x8 ./startup/startup_mimxrt1052.o
                0x0000000060008c28                ENET_IRQHandler
 .text.ENET_1588_Timer_IRQHandler
                0x0000000060008c30        0x8 ./startup/startup_mimxrt1052.o
                0x0000000060008c30                ENET_1588_Timer_IRQHandler
 .text.XBAR1_IRQ_0_1_IRQHandler
                0x0000000060008c38        0x8 ./startup/startup_mimxrt1052.o
                0x0000000060008c38                XBAR1_IRQ_0_1_IRQHandler
 .text.XBAR1_IRQ_2_3_IRQHandler
                0x0000000060008c40        0x8 ./startup/startup_mimxrt1052.o
                0x0000000060008c40                XBAR1_IRQ_2_3_IRQHandler
 .text.ADC_ETC_IRQ0_IRQHandler
                0x0000000060008c48        0x8 ./startup/startup_mimxrt1052.o
                0x0000000060008c48                ADC_ETC_IRQ0_IRQHandler
 .text.ADC_ETC_IRQ1_IRQHandler
                0x0000000060008c50        0x8 ./startup/startup_mimxrt1052.o
                0x0000000060008c50                ADC_ETC_IRQ1_IRQHandler
 .text.ADC_ETC_IRQ2_IRQHandler
                0x0000000060008c58        0x8 ./startup/startup_mimxrt1052.o
                0x0000000060008c58                ADC_ETC_IRQ2_IRQHandler
 .text.ADC_ETC_ERROR_IRQ_IRQHandler
                0x0000000060008c60        0x8 ./startup/startup_mimxrt1052.o
                0x0000000060008c60                ADC_ETC_ERROR_IRQ_IRQHandler
 .text.PIT_IRQHandler
                0x0000000060008c68        0x8 ./startup/startup_mimxrt1052.o
                0x0000000060008c68                PIT_IRQHandler
 .text.ACMP1_IRQHandler
                0x0000000060008c70        0x8 ./startup/startup_mimxrt1052.o
                0x0000000060008c70                ACMP1_IRQHandler
 .text.ACMP2_IRQHandler
                0x0000000060008c78        0x8 ./startup/startup_mimxrt1052.o
                0x0000000060008c78                ACMP2_IRQHandler
 .text.ACMP3_IRQHandler
                0x0000000060008c80        0x8 ./startup/startup_mimxrt1052.o
                0x0000000060008c80                ACMP3_IRQHandler
 .text.ACMP4_IRQHandler
                0x0000000060008c88        0x8 ./startup/startup_mimxrt1052.o
                0x0000000060008c88                ACMP4_IRQHandler
 .text.Reserved143_IRQHandler
                0x0000000060008c90        0x8 ./startup/startup_mimxrt1052.o
                0x0000000060008c90                Reserved143_IRQHandler
 .text.Reserved144_IRQHandler
                0x0000000060008c98        0x8 ./startup/startup_mimxrt1052.o
                0x0000000060008c98                Reserved144_IRQHandler
 .text.ENC1_IRQHandler
                0x0000000060008ca0        0x8 ./startup/startup_mimxrt1052.o
                0x0000000060008ca0                ENC1_IRQHandler
 .text.ENC2_IRQHandler
                0x0000000060008ca8        0x8 ./startup/startup_mimxrt1052.o
                0x0000000060008ca8                ENC2_IRQHandler
 .text.ENC3_IRQHandler
                0x0000000060008cb0        0x8 ./startup/startup_mimxrt1052.o
                0x0000000060008cb0                ENC3_IRQHandler
 .text.ENC4_IRQHandler
                0x0000000060008cb8        0x8 ./startup/startup_mimxrt1052.o
                0x0000000060008cb8                ENC4_IRQHandler
 .text.TMR1_IRQHandler
                0x0000000060008cc0        0x8 ./startup/startup_mimxrt1052.o
                0x0000000060008cc0                TMR1_IRQHandler
 .text.TMR2_IRQHandler
                0x0000000060008cc8        0x8 ./startup/startup_mimxrt1052.o
                0x0000000060008cc8                TMR2_IRQHandler
 .text.TMR3_IRQHandler
                0x0000000060008cd0        0x8 ./startup/startup_mimxrt1052.o
                0x0000000060008cd0                TMR3_IRQHandler
 .text.TMR4_IRQHandler
                0x0000000060008cd8        0x8 ./startup/startup_mimxrt1052.o
                0x0000000060008cd8                TMR4_IRQHandler
 .text.PWM2_0_IRQHandler
                0x0000000060008ce0        0x8 ./startup/startup_mimxrt1052.o
                0x0000000060008ce0                PWM2_0_IRQHandler
 .text.PWM2_1_IRQHandler
                0x0000000060008ce8        0x8 ./startup/startup_mimxrt1052.o
                0x0000000060008ce8                PWM2_1_IRQHandler
 .text.PWM2_2_IRQHandler
                0x0000000060008cf0        0x8 ./startup/startup_mimxrt1052.o
                0x0000000060008cf0                PWM2_2_IRQHandler
 .text.PWM2_3_IRQHandler
                0x0000000060008cf8        0x8 ./startup/startup_mimxrt1052.o
                0x0000000060008cf8                PWM2_3_IRQHandler
 .text.PWM2_FAULT_IRQHandler
                0x0000000060008d00        0x8 ./startup/startup_mimxrt1052.o
                0x0000000060008d00                PWM2_FAULT_IRQHandler
 .text.PWM3_0_IRQHandler
                0x0000000060008d08        0x8 ./startup/startup_mimxrt1052.o
                0x0000000060008d08                PWM3_0_IRQHandler
 .text.PWM3_1_IRQHandler
                0x0000000060008d10        0x8 ./startup/startup_mimxrt1052.o
                0x0000000060008d10                PWM3_1_IRQHandler
 .text.PWM3_2_IRQHandler
                0x0000000060008d18        0x8 ./startup/startup_mimxrt1052.o
                0x0000000060008d18                PWM3_2_IRQHandler
 .text.PWM3_3_IRQHandler
                0x0000000060008d20        0x8 ./startup/startup_mimxrt1052.o
                0x0000000060008d20                PWM3_3_IRQHandler
 .text.PWM3_FAULT_IRQHandler
                0x0000000060008d28        0x8 ./startup/startup_mimxrt1052.o
                0x0000000060008d28                PWM3_FAULT_IRQHandler
 .text.PWM4_0_IRQHandler
                0x0000000060008d30        0x8 ./startup/startup_mimxrt1052.o
                0x0000000060008d30                PWM4_0_IRQHandler
 .text.PWM4_1_IRQHandler
                0x0000000060008d38        0x8 ./startup/startup_mimxrt1052.o
                0x0000000060008d38                PWM4_1_IRQHandler
 .text.PWM4_2_IRQHandler
                0x0000000060008d40        0x8 ./startup/startup_mimxrt1052.o
                0x0000000060008d40                PWM4_2_IRQHandler
 .text.PWM4_3_IRQHandler
                0x0000000060008d48        0x8 ./startup/startup_mimxrt1052.o
                0x0000000060008d48                PWM4_3_IRQHandler
 .text.PWM4_FAULT_IRQHandler
                0x0000000060008d50        0x8 ./startup/startup_mimxrt1052.o
                0x0000000060008d50                PWM4_FAULT_IRQHandler
 .text.HardFault_Handler
                0x0000000060008d58       0x2c ./source/semihost_hardfault.o
                0x0000000060008d58                HardFault_Handler
 .text.vListInitialise
                0x0000000060008d84       0x40 ./freertos/freertos_kernel/list.o
                0x0000000060008d84                vListInitialise
 .text.vListInitialiseItem
                0x0000000060008dc4       0x1a ./freertos/freertos_kernel/list.o
                0x0000000060008dc4                vListInitialiseItem
 .text.vListInsertEnd
                0x0000000060008dde       0x48 ./freertos/freertos_kernel/list.o
                0x0000000060008dde                vListInsertEnd
 .text.vListInsert
                0x0000000060008e26       0x72 ./freertos/freertos_kernel/list.o
                0x0000000060008e26                vListInsert
 .text.uxListRemove
                0x0000000060008e98       0x54 ./freertos/freertos_kernel/list.o
                0x0000000060008e98                uxListRemove
 .text.xQueueGenericCreate
                0x0000000060008eec       0x6c ./freertos/freertos_kernel/queue.o
                0x0000000060008eec                xQueueGenericCreate
 .text.prvInitialiseNewQueue
                0x0000000060008f58       0x46 ./freertos/freertos_kernel/queue.o
 .text.prvInitialiseMutex
                0x0000000060008f9e       0x34 ./freertos/freertos_kernel/queue.o
 .text.xQueueCreateMutex
                0x0000000060008fd2       0x30 ./freertos/freertos_kernel/queue.o
                0x0000000060008fd2                xQueueCreateMutex
 .text.xQueueGenericSendFromISR
                0x0000000060009002      0x136 ./freertos/freertos_kernel/queue.o
                0x0000000060009002                xQueueGenericSendFromISR
 .text.xQueueGiveFromISR
                0x0000000060009138      0x11a ./freertos/freertos_kernel/queue.o
                0x0000000060009138                xQueueGiveFromISR
 .text.vQueueDelete
                0x0000000060009252       0x3c ./freertos/freertos_kernel/queue.o
                0x0000000060009252                vQueueDelete
 .text.prvGetDisinheritPriorityAfterTimeout
                0x000000006000928e       0x30 ./freertos/freertos_kernel/queue.o
 .text.prvCopyDataToQueue
                0x00000000600092be       0xd4 ./freertos/freertos_kernel/queue.o
 .text.prvCopyDataFromQueue
                0x0000000060009392       0x4c ./freertos/freertos_kernel/queue.o
 .text.prvUnlockQueue
                0x00000000600093de       0xa4 ./freertos/freertos_kernel/queue.o
 .text.prvIsQueueEmpty
                0x0000000060009482       0x2c ./freertos/freertos_kernel/queue.o
 .text.prvIsQueueFull
                0x00000000600094ae       0x30 ./freertos/freertos_kernel/queue.o
 .text.vQueueWaitForMessageRestricted
                0x00000000600094de       0x68 ./freertos/freertos_kernel/queue.o
                0x00000000600094de                vQueueWaitForMessageRestricted
 .text.xTaskCreate
                0x0000000060009546       0x82 ./freertos/freertos_kernel/tasks.o
                0x0000000060009546                xTaskCreate
 .text.prvInitialiseNewTask
                0x00000000600095c8      0x144 ./freertos/freertos_kernel/tasks.o
 .text.prvDeleteTCB
                0x000000006000970c       0x20 ./freertos/freertos_kernel/tasks.o
 .text.prvTimerTask
                0x000000006000972c       0x24 ./freertos/freertos_kernel/timers.o
 .text.LPI2C_RTOS_Transfer
                0x0000000060009750       0x76 ./drivers/freertos/fsl_lpi2c_freertos.o
                0x0000000060009750                LPI2C_RTOS_Transfer
 .text.CLOCK_GetRtcFreq
                0x00000000600097c6       0x12 ./drivers/fsl_clock.o
 .text.CLOCK_IsPllBypassed
                0x00000000600097d8       0x32 ./drivers/fsl_clock.o
 .text.CLOCK_IsPllEnabled
                0x000000006000980a       0x3c ./drivers/fsl_clock.o
 .text.CLOCK_GetPllBypassRefClk
                0x0000000060009846       0x34 ./drivers/fsl_clock.o
 .text.CLOCK_EnableClock
                0x000000006000987a       0x1e ./drivers/fsl_lpi2c.o
 .text.EnableIRQ
                0x0000000060009898       0x2c ./drivers/fsl_lpi2c.o
 .text.LPI2C_MasterReset
                0x00000000600098c4       0x20 ./drivers/fsl_lpi2c.o
 .text.LPI2C_MasterEnable
                0x00000000600098e4       0x28 ./drivers/fsl_lpi2c.o
 .text.LPI2C_MasterGetStatusFlags
                0x000000006000990c       0x18 ./drivers/fsl_lpi2c.o
 .text.LPI2C_MasterClearStatusFlags
                0x0000000060009924       0x1c ./drivers/fsl_lpi2c.o
 .text.LPI2C_MasterEnableInterrupts
                0x0000000060009940       0x22 ./drivers/fsl_lpi2c.o
 .text.LPI2C_MasterDisableInterrupts
                0x0000000060009962       0x24 ./drivers/fsl_lpi2c.o
 .text.LPI2C_MasterSetWatermarks
                0x0000000060009986       0x2c ./drivers/fsl_lpi2c.o
 .text.LPI2C_MasterGetFifoCounts
                0x00000000600099b2       0x3e ./drivers/fsl_lpi2c.o
 .text.LPI2C_SlaveReset
                0x00000000600099f0       0x24 ./drivers/fsl_lpi2c.o
 .text.LPI2C_SlaveGetStatusFlags
                0x0000000060009a14       0x1a ./drivers/fsl_lpi2c.o
 .text.LPI2C_SlaveClearStatusFlags
                0x0000000060009a2e       0x1e ./drivers/fsl_lpi2c.o
 .text.LPI2C_SlaveEnableInterrupts
                0x0000000060009a4c       0x26 ./drivers/fsl_lpi2c.o
 .text.LPI2C_SlaveDisableInterrupts
                0x0000000060009a72       0x28 ./drivers/fsl_lpi2c.o
 .text.LPI2C_MasterCheckAndClearError
                0x0000000060009a9a       0x80 ./drivers/fsl_lpi2c.o
                0x0000000060009a9a                LPI2C_MasterCheckAndClearError
 .text.LPI2C_CheckForBusyBus
                0x0000000060009b1a       0x38 ./drivers/fsl_lpi2c.o
                0x0000000060009b1a                LPI2C_CheckForBusyBus
 .text.LPI2C_InitTransferStateMachine
                0x0000000060009b52      0x138 ./drivers/fsl_lpi2c.o
 .text.LPI2C_MasterTransferAbort
                0x0000000060009c8a       0x3e ./drivers/fsl_lpi2c.o
                0x0000000060009c8a                LPI2C_MasterTransferAbort
 .text.LPI2C_MasterTransferHandleIRQ
                0x0000000060009cc8       0xaa ./drivers/fsl_lpi2c.o
                0x0000000060009cc8                LPI2C_MasterTransferHandleIRQ
 .text.LPI2C_SlaveGetDefaultConfig
                0x0000000060009d72       0x80 ./drivers/fsl_lpi2c.o
                0x0000000060009d72                LPI2C_SlaveGetDefaultConfig
 .text.LPI2C_SlaveCheckAndClearError
                0x0000000060009df2       0x50 ./drivers/fsl_lpi2c.o
 .text.LPI2C_SlaveTransferHandleIRQ
                0x0000000060009e42      0x27e ./drivers/fsl_lpi2c.o
                0x0000000060009e42                LPI2C_SlaveTransferHandleIRQ
 .text.SystemInitHook
                0x000000006000a0c0        0xe ./device/system_MIMXRT1052.o
                0x000000006000a0c0                SystemInitHook
 .text.DbgConsole_Init
                0x000000006000a0ce       0x20 ./board/board.o
 .text.BOARD_InitDebugConsole
                0x000000006000a0ee       0x22 ./board/board.o
                0x000000006000a0ee                BOARD_InitDebugConsole
 .text.CLOCK_DisableClock
                0x000000006000a110       0x1e ./board/clock_config.o
 .text.CLOCK_SetPllBypass
                0x000000006000a12e       0x4e ./board/clock_config.o
 .text.IOMUXC_SetSaiMClkClockSource
                0x000000006000a17c       0x6c ./board/clock_config.o
 .text.BOARD_InitBootClocks
                0x000000006000a1e8        0xc ./board/clock_config.o
                0x000000006000a1e8                BOARD_InitBootClocks
 .text.CLOCK_EnableClock
                0x000000006000a1f4       0x1e ./board/pin_mux.o
 .text.IOMUXC_SetPinMux
                0x000000006000a212       0x3a ./board/pin_mux.o
 .text.IOMUXC_SetPinConfig
                0x000000006000a24c       0x26 ./board/pin_mux.o
 .text.BOARD_InitBootPins
                0x000000006000a272        0xc ./board/pin_mux.o
                0x000000006000a272                BOARD_InitBootPins
 .text.__main   0x000000006000a27e        0xe /Applications/MCUXpressoIDE_11.2.1_4149/ide/plugins/com.nxp.mcuxpresso.tools.macosx_11.2.0.202001021529/tools/bin/../lib/gcc/arm-none-eabi/9.2.1/../../../../arm-none-eabi/lib/thumb/v7e-m+dp/hard/libcr_semihost_nf.a(_cr__main.o)
                0x000000006000a27e                __main
                0x000000006000a27e                __CR_SEMIHOST
 .text.memcpy   0x000000006000a28c        0x4 /Applications/MCUXpressoIDE_11.2.1_4149/ide/plugins/com.nxp.mcuxpresso.tools.macosx_11.2.0.202001021529/tools/bin/../lib/gcc/arm-none-eabi/9.2.1/../../../../arm-none-eabi/lib/thumb/v7e-m+dp/hard/libcr_c.a(memcpy.o)
                0x000000006000a28c                memcpy
 .text.memset   0x000000006000a290        0x4 /Applications/MCUXpressoIDE_11.2.1_4149/ide/plugins/com.nxp.mcuxpresso.tools.macosx_11.2.0.202001021529/tools/bin/../lib/gcc/arm-none-eabi/9.2.1/../../../../arm-none-eabi/lib/thumb/v7e-m+dp/hard/libcr_c.a(memset.o)
                0x000000006000a290                memset
 .text.free     0x000000006000a294       0x30 /Applications/MCUXpressoIDE_11.2.1_4149/ide/plugins/com.nxp.mcuxpresso.tools.macosx_11.2.0.202001021529/tools/bin/../lib/gcc/arm-none-eabi/9.2.1/../../../../arm-none-eabi/lib/thumb/v7e-m+dp/hard/libcr_c.a(alloc.o)
                0x000000006000a294                free
 .text.no_fp_display
                0x000000006000a2c4        0x4 /Applications/MCUXpressoIDE_11.2.1_4149/ide/plugins/com.nxp.mcuxpresso.tools.macosx_11.2.0.202001021529/tools/bin/../lib/gcc/arm-none-eabi/9.2.1/../../../../arm-none-eabi/lib/thumb/v7e-m+dp/hard/libcr_c.a(printf.o)
 .text.setvbuf  0x000000006000a2c8       0x3e /Applications/MCUXpressoIDE_11.2.1_4149/ide/plugins/com.nxp.mcuxpresso.tools.macosx_11.2.0.202001021529/tools/bin/../lib/gcc/arm-none-eabi/9.2.1/../../../../arm-none-eabi/lib/thumb/v7e-m+dp/hard/libcr_c.a(setvbuf.o)
                0x000000006000a2c8                setvbuf
 .text.strlen   0x000000006000a306       0x4c /Applications/MCUXpressoIDE_11.2.1_4149/ide/plugins/com.nxp.mcuxpresso.tools.macosx_11.2.0.202001021529/tools/bin/../lib/gcc/arm-none-eabi/9.2.1/../../../../arm-none-eabi/lib/thumb/v7e-m+dp/hard/libcr_c.a(strlen.o)
                0x000000006000a306                strlen
 .text._deferredlazyseek
                0x000000006000a352       0x40 /Applications/MCUXpressoIDE_11.2.1_4149/ide/plugins/com.nxp.mcuxpresso.tools.macosx_11.2.0.202001021529/tools/bin/../lib/gcc/arm-none-eabi/9.2.1/../../../../arm-none-eabi/lib/thumb/v7e-m+dp/hard/libcr_c.a(_deferredlazyseek.o)
                0x000000006000a352                _deferredlazyseek
 .text.__flsbuf
                0x000000006000a392      0x140 /Applications/MCUXpressoIDE_11.2.1_4149/ide/plugins/com.nxp.mcuxpresso.tools.macosx_11.2.0.202001021529/tools/bin/../lib/gcc/arm-none-eabi/9.2.1/../../../../arm-none-eabi/lib/thumb/v7e-m+dp/hard/libcr_c.a(_deferredlazyseek.o)
                0x000000006000a392                __flsbuf
 .text._fdopen  0x000000006000a4d2       0x68 /Applications/MCUXpressoIDE_11.2.1_4149/ide/plugins/com.nxp.mcuxpresso.tools.macosx_11.2.0.202001021529/tools/bin/../lib/gcc/arm-none-eabi/9.2.1/../../../../arm-none-eabi/lib/thumb/v7e-m+dp/hard/libcr_c.a(_fdopen.o)
                0x000000006000a4d2                _fdopen
 .text._fflush  0x000000006000a53a       0x52 /Applications/MCUXpressoIDE_11.2.1_4149/ide/plugins/com.nxp.mcuxpresso.tools.macosx_11.2.0.202001021529/tools/bin/../lib/gcc/arm-none-eabi/9.2.1/../../../../arm-none-eabi/lib/thumb/v7e-m+dp/hard/libcr_c.a(_fflush.o)
                0x000000006000a53a                _fflush
 .text.fclose   0x000000006000a58c       0x58 /Applications/MCUXpressoIDE_11.2.1_4149/ide/plugins/com.nxp.mcuxpresso.tools.macosx_11.2.0.202001021529/tools/bin/../lib/gcc/arm-none-eabi/9.2.1/../../../../arm-none-eabi/lib/thumb/v7e-m+dp/hard/libcr_c.a(fclose.o)
                0x000000006000a58c                fclose
 .text.remove   0x000000006000a5e4       0x14 /Applications/MCUXpressoIDE_11.2.1_4149/ide/plugins/com.nxp.mcuxpresso.tools.macosx_11.2.0.202001021529/tools/bin/../lib/gcc/arm-none-eabi/9.2.1/../../../../arm-none-eabi/lib/thumb/v7e-m+dp/hard/libcr_c.a(remove.o)
                0x000000006000a5e4                remove
 .text._do_fflush
                0x000000006000a5f8       0x40 /Applications/MCUXpressoIDE_11.2.1_4149/ide/plugins/com.nxp.mcuxpresso.tools.macosx_11.2.0.202001021529/tools/bin/../lib/gcc/arm-none-eabi/9.2.1/../../../../arm-none-eabi/lib/thumb/v7e-m+dp/hard/libcr_c.a(_do_fflush.o)
                0x000000006000a5f8                _do_fflush
 .text.__aeabi_memcpy
                0x000000006000a638       0x34 /Applications/MCUXpressoIDE_11.2.1_4149/ide/plugins/com.nxp.mcuxpresso.tools.macosx_11.2.0.202001021529/tools/bin/../lib/gcc/arm-none-eabi/9.2.1/thumb/v7e-m+dp/hard/libcr_eabihelpers.a(memcpy.o)
                0x000000006000a638                __aeabi_memcpy
                0x000000006000a642                __aeabi_memcpy4
                0x000000006000a642                __aeabi_memcpy8
 .text.__aeabi_memset_lowlevel
                0x000000006000a66c       0x32 /Applications/MCUXpressoIDE_11.2.1_4149/ide/plugins/com.nxp.mcuxpresso.tools.macosx_11.2.0.202001021529/tools/bin/../lib/gcc/arm-none-eabi/9.2.1/thumb/v7e-m+dp/hard/libcr_eabihelpers.a(memcpy.o)
                0x000000006000a66c                __aeabi_lowlevel_memset
 .text.__sys_close
                0x000000006000a69e        0xc /Applications/MCUXpressoIDE_11.2.1_4149/ide/plugins/com.nxp.mcuxpresso.tools.macosx_11.2.0.202001021529/tools/bin/../lib/gcc/arm-none-eabi/9.2.1/../../../../arm-none-eabi/lib/thumb/v7e-m+dp/hard/libcr_semihost_nf.a(__sys_close.o)
                0x000000006000a69e                __sys_close
 .text.__sys_flen
                0x000000006000a6aa        0xc /Applications/MCUXpressoIDE_11.2.1_4149/ide/plugins/com.nxp.mcuxpresso.tools.macosx_11.2.0.202001021529/tools/bin/../lib/gcc/arm-none-eabi/9.2.1/../../../../arm-none-eabi/lib/thumb/v7e-m+dp/hard/libcr_semihost_nf.a(__sys_flen.o)
                0x000000006000a6aa                __sys_flen
 .text.__sys_istty
                0x000000006000a6b6        0xc /Applications/MCUXpressoIDE_11.2.1_4149/ide/plugins/com.nxp.mcuxpresso.tools.macosx_11.2.0.202001021529/tools/bin/../lib/gcc/arm-none-eabi/9.2.1/../../../../arm-none-eabi/lib/thumb/v7e-m+dp/hard/libcr_semihost_nf.a(__sys_istty.o)
                0x000000006000a6b6                __sys_istty
 .text.__sys_remove
                0x000000006000a6c2        0xc /Applications/MCUXpressoIDE_11.2.1_4149/ide/plugins/com.nxp.mcuxpresso.tools.macosx_11.2.0.202001021529/tools/bin/../lib/gcc/arm-none-eabi/9.2.1/../../../../arm-none-eabi/lib/thumb/v7e-m+dp/hard/libcr_semihost_nf.a(__sys_remove.o)
                0x000000006000a6c2                __sys_remove
 .text.__sys_seek
                0x000000006000a6ce        0xc /Applications/MCUXpressoIDE_11.2.1_4149/ide/plugins/com.nxp.mcuxpresso.tools.macosx_11.2.0.202001021529/tools/bin/../lib/gcc/arm-none-eabi/9.2.1/../../../../arm-none-eabi/lib/thumb/v7e-m+dp/hard/libcr_semihost_nf.a(__sys_seek.o)
                0x000000006000a6ce                __sys_seek
 .text.__sys_tmpnam
                0x000000006000a6da        0xc /Applications/MCUXpressoIDE_11.2.1_4149/ide/plugins/com.nxp.mcuxpresso.tools.macosx_11.2.0.202001021529/tools/bin/../lib/gcc/arm-none-eabi/9.2.1/../../../../arm-none-eabi/lib/thumb/v7e-m+dp/hard/libcr_semihost_nf.a(__sys_tmpnam.o)
                0x000000006000a6da                __sys_tmpnam
 .text.__sys_write
                0x000000006000a6e6        0xc /Applications/MCUXpressoIDE_11.2.1_4149/ide/plugins/com.nxp.mcuxpresso.tools.macosx_11.2.0.202001021529/tools/bin/../lib/gcc/arm-none-eabi/9.2.1/../../../../arm-none-eabi/lib/thumb/v7e-m+dp/hard/libcr_semihost_nf.a(__sys_write.o)
                0x000000006000a6e6                __sys_write
 *freertos*/tasks.o(SORT_BY_ALIGNMENT(.rodata*))
 *fill*         0x000000006000a6f2        0x2 ff
 .rodata.vTaskStartScheduler.str1.4
                0x000000006000a6f4        0x5 ./freertos/freertos_kernel/tasks.o
 *fill*         0x000000006000a6f9        0x3 ff
 .rodata        0x000000006000a6fc       0x1c ./freertos/freertos_kernel/tasks.o
                0x000000006000a6fc                portArch_Name
                0x000000006000a700                FreeRTOSDebugConfig
 *(SORT_BY_ALIGNMENT(.rodata) SORT_BY_ALIGNMENT(.rodata.*) SORT_BY_ALIGNMENT(.constdata) SORT_BY_ALIGNMENT(.constdata.*))
 .rodata.__assertion_failed.str1.4
                0x000000006000a718       0x14 ./utilities/fsl_assert.o
 .rodata.CLOCK_SetMux.str1.4
                0x000000006000a72c       0x7a ./source/freertos_lpi2c.o
 *fill*         0x000000006000a7a6        0x2 ff
 .rodata.CLOCK_SetDiv.str1.4
                0x000000006000a7a8       0x7b ./source/freertos_lpi2c.o
 *fill*         0x000000006000a823        0x1 ff
 .rodata.main.str1.4
                0x000000006000a824       0x60 ./source/freertos_lpi2c.o
 .rodata.slave_task.str1.4
                0x000000006000a884      0x13d ./source/freertos_lpi2c.o
                                        0x141 (size before relaxing)
 *fill*         0x000000006000a9c1        0x3 ff
 .rodata.master_task.str1.4
                0x000000006000a9c4       0xa0 ./source/freertos_lpi2c.o
 .rodata.xTimerCreateTimerTask.str1.4
                0x000000006000aa64        0x8 ./freertos/freertos_kernel/timers.o
 .rodata.prvCheckForValidListAndQueue.str1.4
                0x000000006000aa6c        0x5 ./freertos/freertos_kernel/timers.o
 *fill*         0x000000006000aa71        0x3 ff
 .rodata.CLOCK_InitExternalClk.str1.4
                0x000000006000aa74       0x22 ./drivers/fsl_clock.o
 *fill*         0x000000006000aa96        0x2 ff
 .rodata.CLOCK_GetPllFreq.str1.4
                0x000000006000aa98       0x6e ./drivers/fsl_clock.o
 *fill*         0x000000006000ab06        0x2 ff
 .rodata        0x000000006000ab08       0x10 ./drivers/fsl_clock.o
 .rodata.CLOCK_ControlGate.str1.4
                0x000000006000ab18       0x21 ./drivers/fsl_lpi2c.o
 *fill*         0x000000006000ab39        0x3 ff
 .rodata.kLpi2cBases
                0x000000006000ab3c       0x14 ./drivers/fsl_lpi2c.o
 .rodata.kLpi2cIrqs
                0x000000006000ab50        0xa ./drivers/fsl_lpi2c.o
 *fill*         0x000000006000ab5a        0x2 ff
 .rodata.kLpi2cClocks
                0x000000006000ab5c        0xa ./drivers/fsl_lpi2c.o
 *fill*         0x000000006000ab66        0x2 ff
 .rodata.LPI2C_GetInstance.str1.4
                0x000000006000ab68       0x36 ./drivers/fsl_lpi2c.o
 *fill*         0x000000006000ab9e        0x2 ff
 .rodata.LPI2C_GetCyclesForWidth.str1.4
                0x000000006000aba0       0x4a ./drivers/fsl_lpi2c.o
 *fill*         0x000000006000abea        0x2 ff
 .rodata.LPI2C_MasterTransferCreateHandle.str1.4
                0x000000006000abec       0x22 ./drivers/fsl_lpi2c.o
 *fill*         0x000000006000ac0e        0x2 ff
 .rodata.LPI2C_RunTransferStateMachine.str1.4
                0x000000006000ac10       0x1a ./drivers/fsl_lpi2c.o
 *fill*         0x000000006000ac2a        0x2 ff
 .rodata.LPI2C_MasterTransferNonBlocking.str1.4
                0x000000006000ac2c       0x99 ./drivers/fsl_lpi2c.o
 *fill*         0x000000006000acc5        0x3 ff
 .rodata.LPI2C_SlaveTransferCreateHandle.str1.4
                0x000000006000acc8       0x23 ./drivers/fsl_lpi2c.o
 *fill*         0x000000006000aceb        0x1 ff
 .rodata.LPI2C_SlaveTransferNonBlocking.str1.4
                0x000000006000acec       0x23 ./drivers/fsl_lpi2c.o
 *fill*         0x000000006000ad0f        0x1 ff
 .rodata.BOARD_ConfigMPU.str1.4
                0x000000006000ad10       0x6a ./board/board.o
 .rodata.CLOCK_SetMux.str1.4
                0x000000006000ad7a       0x7a ./board/clock_config.o
 .rodata.CLOCK_SetDiv.str1.4
                0x000000006000ad7a       0x7b ./board/clock_config.o
 *fill*         0x000000006000ad7a        0x2 ff
 .rodata.CLOCK_ControlGate.str1.4
                0x000000006000ad7c       0x6a ./board/clock_config.o
 *fill*         0x000000006000ade6        0x2 ff
 .rodata.armPllConfig_BOARD_BootClockRUN
                0x000000006000ade8        0x8 ./board/clock_config.o
                0x000000006000ade8                armPllConfig_BOARD_BootClockRUN
 .rodata.sysPllConfig_BOARD_BootClockRUN
                0x000000006000adf0       0x14 ./board/clock_config.o
                0x000000006000adf0                sysPllConfig_BOARD_BootClockRUN
 .rodata.CLOCK_ControlGate.str1.4
                0x000000006000ae04       0x6a ./board/pin_mux.o
 .rodata.__num_Ciob_streams
                0x000000006000ae04        0x4 /Applications/MCUXpressoIDE_11.2.1_4149/ide/plugins/com.nxp.mcuxpresso.tools.macosx_11.2.0.202001021529/tools/bin/../lib/gcc/arm-none-eabi/9.2.1/../../../../arm-none-eabi/lib/thumb/v7e-m+dp/hard/libcr_semihost_nf.a(__ciob.o)
                0x000000006000ae04                __num_Ciob_streams
 .rodata._Csys_alloc.str1.1
                0x000000006000ae08       0x18 /Applications/MCUXpressoIDE_11.2.1_4149/ide/plugins/com.nxp.mcuxpresso.tools.macosx_11.2.0.202001021529/tools/bin/../lib/gcc/arm-none-eabi/9.2.1/../../../../arm-none-eabi/lib/thumb/v7e-m+dp/hard/libcr_c.a(alloc.o)
 .rodata._initio.str1.1
                0x000000006000ae20        0x4 /Applications/MCUXpressoIDE_11.2.1_4149/ide/plugins/com.nxp.mcuxpresso.tools.macosx_11.2.0.202001021529/tools/bin/../lib/gcc/arm-none-eabi/9.2.1/../../../../arm-none-eabi/lib/thumb/v7e-m+dp/hard/libcr_c.a(initio.o)
 .rodata.__vfprintf.str1.1
                0x000000006000ae24       0x37 /Applications/MCUXpressoIDE_11.2.1_4149/ide/plugins/com.nxp.mcuxpresso.tools.macosx_11.2.0.202001021529/tools/bin/../lib/gcc/arm-none-eabi/9.2.1/../../../../arm-none-eabi/lib/thumb/v7e-m+dp/hard/libcr_c.a(printf.o)
                                         0x38 (size before relaxing)
                0x000000006000ae70                . = ALIGN (0x4)
 *fill*         0x000000006000ae5b        0x1 ff

.glue_7         0x000000006000ae5c        0x0
 .glue_7        0x000000006000ae5c        0x0 linker stubs

.glue_7t        0x000000006000ae5c        0x0
 .glue_7t       0x000000006000ae5c        0x0 linker stubs

.vfp11_veneer   0x000000006000ae5c        0x0
 .vfp11_veneer  0x000000006000ae5c        0x0 linker stubs

.v4_bx          0x000000006000ae5c        0x0
 .v4_bx         0x000000006000ae5c        0x0 linker stubs

.iplt           0x000000006000ae5c        0x0
 .iplt          0x000000006000ae5c        0x0 ./xip/evkbimxrt1050_flexspi_nor_config.o

.rel.dyn        0x000000006000ae5c        0x0
 .rel.iplt      0x000000006000ae5c        0x0 ./xip/evkbimxrt1050_flexspi_nor_config.o

.ARM.extab
 *(SORT_BY_ALIGNMENT(.ARM.extab*) SORT_BY_ALIGNMENT(.gnu.linkonce.armextab.*))

.ARM.exidx      0x000000006000ae5c        0x0
                0x000000006000ae5c                __exidx_start = .
 *(SORT_BY_ALIGNMENT(.ARM.exidx*) SORT_BY_ALIGNMENT(.gnu.linkonce.armexidx.*))
                0x000000006000ae5c                __exidx_end = .
                0x000000006000ae5c                _etext = .

.data_RAM2      0x0000000000000000        0x0 load address 0x000000006000ae5c
 FILL mask 0xff
                [!provide]                        PROVIDE (__start_data_RAM2 = .)
                [!provide]                        PROVIDE (__start_data_SRAM_ITC = .)
 *(SORT_BY_ALIGNMENT(.ramfunc.$RAM2))
 *(SORT_BY_ALIGNMENT(.ramfunc.$SRAM_ITC))
 *(SORT_BY_ALIGNMENT(.data.$RAM2))
 *(SORT_BY_ALIGNMENT(.data.$SRAM_ITC))
 *(SORT_BY_ALIGNMENT(.data.$RAM2.*))
 *(SORT_BY_ALIGNMENT(.data.$SRAM_ITC.*))
                0x0000000000000000                . = ALIGN (0x4)
                [!provide]                        PROVIDE (__end_data_RAM2 = .)
                [!provide]                        PROVIDE (__end_data_SRAM_ITC = .)

.data_RAM3      0x0000000020200000        0x0 load address 0x000000006000ae5c
 FILL mask 0xff
                [!provide]                        PROVIDE (__start_data_RAM3 = .)
                [!provide]                        PROVIDE (__start_data_SRAM_OC = .)
 *(SORT_BY_ALIGNMENT(.ramfunc.$RAM3))
 *(SORT_BY_ALIGNMENT(.ramfunc.$SRAM_OC))
 *(SORT_BY_ALIGNMENT(.data.$RAM3))
 *(SORT_BY_ALIGNMENT(.data.$SRAM_OC))
 *(SORT_BY_ALIGNMENT(.data.$RAM3.*))
 *(SORT_BY_ALIGNMENT(.data.$SRAM_OC.*))
                0x0000000020200000                . = ALIGN (0x4)
                [!provide]                        PROVIDE (__end_data_RAM3 = .)