Archive member included to satisfy reference by file (symbol)

/Applications/MCUXpressoIDE_11.2.1_4149/ide/plugins/com.nxp.mcuxpresso.tools.macosx_11.2.0.202001021529/tools/bin/../lib/gcc/arm-none-eabi/9.2.1/../../../../arm-none-eabi/lib/thumb/v7e-m+dp/hard/libcr_nohost_nf.a(_cr__main.o)
                              ./startup/startup_mimxrt1021.o (__main)
/Applications/MCUXpressoIDE_11.2.1_4149/ide/plugins/com.nxp.mcuxpresso.tools.macosx_11.2.0.202001021529/tools/bin/../lib/gcc/arm-none-eabi/9.2.1/../../../../arm-none-eabi/lib/thumb/v7e-m+dp/hard/libcr_c.a(memcpy.o)
                              ./utilities/fsl_str.o (memcpy)
/Applications/MCUXpressoIDE_11.2.1_4149/ide/plugins/com.nxp.mcuxpresso.tools.macosx_11.2.0.202001021529/tools/bin/../lib/gcc/arm-none-eabi/9.2.1/../../../../arm-none-eabi/lib/thumb/v7e-m+dp/hard/libcr_c.a(memset.o)
                              ./utilities/fsl_debug_console.o (memset)
/Applications/MCUXpressoIDE_11.2.1_4149/ide/plugins/com.nxp.mcuxpresso.tools.macosx_11.2.0.202001021529/tools/bin/../lib/gcc/arm-none-eabi/9.2.1/../../../../arm-none-eabi/lib/thumb/v7e-m+dp/hard/libcr_c.a(alloc.o)
                              ./drivers/fsl_common.o (malloc)
/Applications/MCUXpressoIDE_11.2.1_4149/ide/plugins/com.nxp.mcuxpresso.tools.macosx_11.2.0.202001021529/tools/bin/../lib/gcc/arm-none-eabi/9.2.1/../../../../arm-none-eabi/lib/thumb/v7e-m+dp/hard/libcr_c.a(initio.o)
                              /Applications/MCUXpressoIDE_11.2.1_4149/ide/plugins/com.nxp.mcuxpresso.tools.macosx_11.2.0.202001021529/tools/bin/../lib/gcc/arm-none-eabi/9.2.1/../../../../arm-none-eabi/lib/thumb/v7e-m+dp/hard/libcr_nohost_nf.a(_cr__main.o) (_initio)
/Applications/MCUXpressoIDE_11.2.1_4149/ide/plugins/com.nxp.mcuxpresso.tools.macosx_11.2.0.202001021529/tools/bin/../lib/gcc/arm-none-eabi/9.2.1/../../../../arm-none-eabi/lib/thumb/v7e-m+dp/hard/libcr_c.a(scanf.o)
                              ./utilities/fsl_str.o (strtoul)
/Applications/MCUXpressoIDE_11.2.1_4149/ide/plugins/com.nxp.mcuxpresso.tools.macosx_11.2.0.202001021529/tools/bin/../lib/gcc/arm-none-eabi/9.2.1/../../../../arm-none-eabi/lib/thumb/v7e-m+dp/hard/libcr_c.a(setvbuf.o)
                              /Applications/MCUXpressoIDE_11.2.1_4149/ide/plugins/com.nxp.mcuxpresso.tools.macosx_11.2.0.202001021529/tools/bin/../lib/gcc/arm-none-eabi/9.2.1/../../../../arm-none-eabi/lib/thumb/v7e-m+dp/hard/libcr_c.a(initio.o) (setvbuf)
/Applications/MCUXpressoIDE_11.2.1_4149/ide/plugins/com.nxp.mcuxpresso.tools.macosx_11.2.0.202001021529/tools/bin/../lib/gcc/arm-none-eabi/9.2.1/../../../../arm-none-eabi/lib/thumb/v7e-m+dp/hard/libcr_c.a(strlen.o)
                              ./utilities/fsl_str.o (strlen)
/Applications/MCUXpressoIDE_11.2.1_4149/ide/plugins/com.nxp.mcuxpresso.tools.macosx_11.2.0.202001021529/tools/bin/../lib/gcc/arm-none-eabi/9.2.1/../../../../arm-none-eabi/lib/thumb/v7e-m+dp/hard/libcr_c.a(ungetc.o)
                              /Applications/MCUXpressoIDE_11.2.1_4149/ide/plugins/com.nxp.mcuxpresso.tools.macosx_11.2.0.202001021529/tools/bin/../lib/gcc/arm-none-eabi/9.2.1/../../../../arm-none-eabi/lib/thumb/v7e-m+dp/hard/libcr_c.a(scanf.o) (ungetc)
/Applications/MCUXpressoIDE_11.2.1_4149/ide/plugins/com.nxp.mcuxpresso.tools.macosx_11.2.0.202001021529/tools/bin/../lib/gcc/arm-none-eabi/9.2.1/../../../../arm-none-eabi/lib/thumb/v7e-m+dp/hard/libcr_c.a(__fillbuf.o)
                              /Applications/MCUXpressoIDE_11.2.1_4149/ide/plugins/com.nxp.mcuxpresso.tools.macosx_11.2.0.202001021529/tools/bin/../lib/gcc/arm-none-eabi/9.2.1/../../../../arm-none-eabi/lib/thumb/v7e-m+dp/hard/libcr_c.a(scanf.o) (__filbuf)
/Applications/MCUXpressoIDE_11.2.1_4149/ide/plugins/com.nxp.mcuxpresso.tools.macosx_11.2.0.202001021529/tools/bin/../lib/gcc/arm-none-eabi/9.2.1/../../../../arm-none-eabi/lib/thumb/v7e-m+dp/hard/libcr_c.a(__init_alloc.o)
                              /Applications/MCUXpressoIDE_11.2.1_4149/ide/plugins/com.nxp.mcuxpresso.tools.macosx_11.2.0.202001021529/tools/bin/../lib/gcc/arm-none-eabi/9.2.1/../../../../arm-none-eabi/lib/thumb/v7e-m+dp/hard/libcr_c.a(alloc.o) (__heaps)
/Applications/MCUXpressoIDE_11.2.1_4149/ide/plugins/com.nxp.mcuxpresso.tools.macosx_11.2.0.202001021529/tools/bin/../lib/gcc/arm-none-eabi/9.2.1/../../../../arm-none-eabi/lib/thumb/v7e-m+dp/hard/libcr_c.a(_cr_sbrk.o)
                              /Applications/MCUXpressoIDE_11.2.1_4149/ide/plugins/com.nxp.mcuxpresso.tools.macosx_11.2.0.202001021529/tools/bin/../lib/gcc/arm-none-eabi/9.2.1/../../../../arm-none-eabi/lib/thumb/v7e-m+dp/hard/libcr_c.a(alloc.o) (_sbrk)
/Applications/MCUXpressoIDE_11.2.1_4149/ide/plugins/com.nxp.mcuxpresso.tools.macosx_11.2.0.202001021529/tools/bin/../lib/gcc/arm-none-eabi/9.2.1/../../../../arm-none-eabi/lib/thumb/v7e-m+dp/hard/libcr_c.a(_deferredlazyseek.o)
[...]
Memory Configuration

Name             Origin             Length             Attributes
BOARD_FLASH      0x0000000060000000 0x0000000000800000 xr
SRAM_DTC         0x0000000020000000 0x0000000000010000 xrw
SRAM_ITC         0x0000000000000000 0x0000000000010000 xrw
SRAM_OC          0x0000000020200000 0x0000000000020000 xrw
BOARD_SDRAM      0x0000000080000000 0x0000000001e00000 xrw
NCACHE_REGION    0x0000000081e00000 0x0000000000200000 xrw
*default*        0x0000000000000000 0xffffffffffffffff

Linker script and memory map

LOAD ./xip/evkmimxrt1020_flexspi_nor_config.o
LOAD ./xip/fsl_flexspi_nor_boot.o
LOAD ./utilities/fsl_assert.o
LOAD ./utilities/fsl_debug_console.o
LOAD ./utilities/fsl_str.o
LOAD ./startup/startup_mimxrt1021.o
LOAD ./source/freertos_lpi2c.o
LOAD ./source/semihost_hardfault.o
LOAD ./freertos/freertos_kernel/portable/MemMang/heap_4.o
LOAD ./freertos/freertos_kernel/portable/GCC/ARM_CM4F/port.o
LOAD ./freertos/freertos_kernel/croutine.o
LOAD ./freertos/freertos_kernel/event_groups.o
LOAD ./freertos/freertos_kernel/list.o
LOAD ./freertos/freertos_kernel/queue.o
LOAD ./freertos/freertos_kernel/stream_buffer.o
LOAD ./freertos/freertos_kernel/tasks.o
LOAD ./freertos/freertos_kernel/timers.o
LOAD ./drivers/freertos/fsl_lpi2c_freertos.o
LOAD ./drivers/fsl_clock.o
LOAD ./drivers/fsl_common.o
LOAD ./drivers/fsl_gpio.o
LOAD ./drivers/fsl_lpi2c.o
LOAD ./drivers/fsl_lpuart.o
LOAD ./device/system_MIMXRT1021.o
LOAD ./component/uart/lpuart_adapter.o
LOAD ./component/serial_manager/serial_manager.o
LOAD ./component/serial_manager/serial_port_uart.o
LOAD ./component/lists/generic_list.o
LOAD ./board/board.o
LOAD ./board/clock_config.o
LOAD ./board/dcd.o
LOAD ./board/pin_mux.o
START GROUP
LOAD /Applications/MCUXpressoIDE_11.2.1_4149/ide/plugins/com.nxp.mcuxpresso.tools.macosx_11.2.0.202001021529/tools/bin/../lib/gcc/arm-none-eabi/9.2.1/../../../../arm-none-eabi/lib/thumb/v7e-m+dp/hard/libcr_nohost_nf.a
LOAD /Applications/MCUXpressoIDE_11.2.1_4149/ide/plugins/com.nxp.mcuxpresso.tools.macosx_11.2.0.202001021529/tools/bin/../lib/gcc/arm-none-eabi/9.2.1/../../../../arm-none-eabi/lib/thumb/v7e-m+dp/hard/libcr_c.a
LOAD /Applications/MCUXpressoIDE_11.2.1_4149/ide/plugins/com.nxp.mcuxpresso.tools.macosx_11.2.0.202001021529/tools/bin/../lib/gcc/arm-none-eabi/9.2.1/thumb/v7e-m+dp/hard/libcr_eabihelpers.a
LOAD /Applications/MCUXpressoIDE_11.2.1_4149/ide/plugins/com.nxp.mcuxpresso.tools.macosx_11.2.0.202001021529/tools/bin/../lib/gcc/arm-none-eabi/9.2.1/thumb/v7e-m+dp/hard/libgcc.a
END GROUP
                0x0000000060000000                __base_BOARD_FLASH = 0x60000000
                0x0000000060000000                __base_Flash = 0x60000000
                0x0000000060800000                __top_BOARD_FLASH = 0x60800000
                0x0000000060800000                __top_Flash = 0x60800000
                0x0000000020000000                __base_SRAM_DTC = 0x20000000
                0x0000000020000000                __base_RAM = 0x20000000
                0x0000000020010000                __top_SRAM_DTC = 0x20010000
                0x0000000020010000                __top_RAM = 0x20010000
                0x0000000000000000                __base_SRAM_ITC = 0x0
                0x0000000000000000                __base_RAM2 = 0x0
                0x0000000000010000                __top_SRAM_ITC = 0x10000
                0x0000000000010000                __top_RAM2 = 0x10000
                0x0000000020200000                __base_SRAM_OC = 0x20200000
                0x0000000020200000                __base_RAM3 = 0x20200000
                0x0000000020220000                __top_SRAM_OC = 0x20220000
                0x0000000020220000                __top_RAM3 = 0x20220000
                0x0000000080000000                __base_BOARD_SDRAM = 0x80000000
                0x0000000080000000                __base_RAM4 = 0x80000000
                0x0000000081e00000                __top_BOARD_SDRAM = 0x81e00000
                0x0000000081e00000                __top_RAM4 = 0x81e00000
                0x0000000081e00000                __base_NCACHE_REGION = 0x81e00000
                0x0000000081e00000                __base_RAM5 = 0x81e00000
                0x0000000082000000                __top_NCACHE_REGION = 0x82000000
                0x0000000082000000                __top_RAM5 = 0x82000000

.boot_hdr       0x0000000060000000     0x2000
 FILL mask 0xff
                0x0000000060000000                __boot_hdr_start__ = ABSOLUTE (.)
 *(SORT_BY_ALIGNMENT(.boot_hdr.conf))
 .boot_hdr.conf
                0x0000000060000000      0x200 ./xip/evkmimxrt1020_flexspi_nor_config.o
                0x0000000060000000                qspiflash_config
                0x0000000000001000                . = 0x1000
 *fill*         0x0000000060000200      0xe00 ff
 *(SORT_BY_ALIGNMENT(.boot_hdr.ivt))
 .boot_hdr.ivt  0x0000000060001000       0x20 ./xip/fsl_flexspi_nor_boot.o
                0x0000000060001000                image_vector_table
                0x0000000000001020                . = 0x1020
 *(SORT_BY_ALIGNMENT(.boot_hdr.boot_data))
 .boot_hdr.boot_data
                0x0000000060001020       0x10 ./xip/fsl_flexspi_nor_boot.o
                0x0000000060001020                boot_data
                0x0000000000001030                . = 0x1030
 *(SORT_BY_ALIGNMENT(.boot_hdr.dcd_data))
                0x0000000060001030                __boot_hdr_end__ = ABSOLUTE (.)
                0x0000000000002000                . = 0x2000
 *fill*         0x0000000060001030      0xfd0 ff

.text           0x0000000060002000     0x9270
 FILL mask 0xff
                0x0000000060002000                __vectors_start__ = ABSOLUTE (.)
 *(SORT_BY_ALIGNMENT(.isr_vector))
 .isr_vector    0x0000000060002000      0x278 ./startup/startup_mimxrt1021.o
                0x0000000060002000                __Vectors
                0x0000000060002000                g_pfnVectors
                0x0000000060002278                . = ALIGN (0x4)
                0x0000000060002278                __section_table_start = .
                0x0000000060002278                __data_section_table = .
                0x0000000060002278        0x4 LONG 0x6000b270 LOADADDR (.data)
                0x000000006000227c        0x4 LONG 0x20000000 ADDR (.data)
                0x0000000060002280        0x4 LONG 0x8 SIZEOF (.data)
                0x0000000060002284        0x4 LONG 0x6000b270 LOADADDR (.data_RAM2)
                0x0000000060002288        0x4 LONG 0x0 ADDR (.data_RAM2)
                0x000000006000228c        0x4 LONG 0x0 SIZEOF (.data_RAM2)
                0x0000000060002290        0x4 LONG 0x6000b270 LOADADDR (.data_RAM3)
                0x0000000060002294        0x4 LONG 0x20200000 ADDR (.data_RAM3)
                0x0000000060002298        0x4 LONG 0x0 SIZEOF (.data_RAM3)
                0x000000006000229c        0x4 LONG 0x6000b270 LOADADDR (.data_RAM4)
                0x00000000600022a0        0x4 LONG 0x80000000 ADDR (.data_RAM4)
                0x00000000600022a4        0x4 LONG 0x0 SIZEOF (.data_RAM4)
                0x00000000600022a8        0x4 LONG 0x6000b270 LOADADDR (.data_RAM5)
                0x00000000600022ac        0x4 LONG 0x81e00000 ADDR (.data_RAM5)
                0x00000000600022b0        0x4 LONG 0x0 SIZEOF (.data_RAM5)
                0x00000000600022b4                __data_section_table_end = .
                0x00000000600022b4                __bss_section_table = .
                0x00000000600022b4        0x4 LONG 0x20000008 ADDR (.bss)
                0x00000000600022b8        0x4 LONG 0x2b4c SIZEOF (.bss)
                0x00000000600022bc        0x4 LONG 0x0 ADDR (.bss_RAM2)
                0x00000000600022c0        0x4 LONG 0x0 SIZEOF (.bss_RAM2)
                0x00000000600022c4        0x4 LONG 0x20200000 ADDR (.bss_RAM3)
                0x00000000600022c8        0x4 LONG 0x0 SIZEOF (.bss_RAM3)
                0x00000000600022cc        0x4 LONG 0x80000000 ADDR (.bss_RAM4)
                0x00000000600022d0        0x4 LONG 0x0 SIZEOF (.bss_RAM4)
                0x00000000600022d4        0x4 LONG 0x81e00000 ADDR (.bss_RAM5)
                0x00000000600022d8        0x4 LONG 0x0 SIZEOF (.bss_RAM5)
                0x00000000600022dc                __bss_section_table_end = .
                0x00000000600022dc                __section_table_end = .
 *(SORT_BY_ALIGNMENT(.after_vectors*))
 .after_vectors.reset
                0x00000000600022dc       0x4c ./startup/startup_mimxrt1021.o
                0x00000000600022dc                ResetISR
 .after_vectors.init_data
                0x0000000060002328       0x1e ./startup/startup_mimxrt1021.o
                0x0000000060002328                data_init
 .after_vectors.init_bss
                0x0000000060002346       0x12 ./startup/startup_mimxrt1021.o
                0x0000000060002346                bss_init
 .after_vectors
                0x0000000060002358       0x14 ./startup/startup_mimxrt1021.o
                0x0000000060002358                NMI_Handler
                0x000000006000235c                MemManage_Handler
                0x000000006000235e                BusFault_Handler
                0x0000000060002360                UsageFault_Handler
                0x0000000060002364                DebugMon_Handler
                0x000000006000236a                CCM_2_DriverIRQHandler
                0x000000006000236a                PIT_DriverIRQHandler
                0x000000006000236a                Reserved102_DriverIRQHandler
                0x000000006000236a                Reserved152_DriverIRQHandler
                0x000000006000236a                DMA13_DMA29_DriverIRQHandler
                0x000000006000236a                FLEXRAM_DriverIRQHandler
                0x000000006000236a                LPSPI4_DriverIRQHandler
                0x000000006000236a                SEMC_DriverIRQHandler
                0x000000006000236a                SPDIF_DriverIRQHandler
                0x000000006000236a                USB_PHY_DriverIRQHandler
                0x000000006000236a                GPIO3_Combined_0_15_DriverIRQHandler
                0x000000006000236a                Reserved82_DriverIRQHandler
                0x000000006000236a                DMA7_DMA23_DriverIRQHandler
                0x000000006000236a                BEE_DriverIRQHandler
                0x000000006000236a                GPR_IRQ_DriverIRQHandler
                0x000000006000236a                Reserved103_DriverIRQHandler
                0x000000006000236a                PWM2_FAULT_DriverIRQHandler
                0x000000006000236a                Reserved56_DriverIRQHandler
                0x000000006000236a                DMA14_DMA30_DriverIRQHandler
                0x000000006000236a                TMR1_DriverIRQHandler
                0x000000006000236a                TRNG_DriverIRQHandler
                0x000000006000236a                ENET_1588_Timer_DriverIRQHandler
                0x000000006000236a                GPIO2_Combined_16_31_DriverIRQHandler
                0x000000006000236a                Reserved143_DriverIRQHandler
                0x000000006000236a                Reserved151_DriverIRQHandler
                0x000000006000236a                DMA0_DMA16_DriverIRQHandler
                0x000000006000236a                IntDefaultHandler
                0x000000006000236a                DMA2_DMA18_DriverIRQHandler
                0x000000006000236a                SRC_DriverIRQHandler
                0x000000006000236a                GPIO1_INT4_DriverIRQHandler
                0x000000006000236a                Reserved144_DriverIRQHandler
                0x000000006000236a                USDHC1_DriverIRQHandler
                0x000000006000236a                EWM_DriverIRQHandler
                0x000000006000236a                WDOG1_DriverIRQHandler
                0x000000006000236a                FLEXIO1_DriverIRQHandler
                0x000000006000236a                ENET_DriverIRQHandler
                0x000000006000236a                Reserved78_DriverIRQHandler
                0x000000006000236a                ENC2_DriverIRQHandler
                0x000000006000236a                ADC_ETC_IRQ2_DriverIRQHandler
                0x000000006000236a                GPIO1_Combined_16_31_DriverIRQHandler
                0x000000006000236a                GPIO1_INT7_DriverIRQHandler
                0x000000006000236a                SAI1_DriverIRQHandler
                0x000000006000236a                DCDC_DriverIRQHandler
                0x000000006000236a                DMA12_DMA28_DriverIRQHandler
                0x000000006000236a                ADC_ETC_ERROR_IRQ_DriverIRQHandler
                0x000000006000236a                ACMP2_DriverIRQHandler
                0x000000006000236a                GPIO5_Combined_0_15_DriverIRQHandler
                0x000000006000236a                GPIO1_INT0_DriverIRQHandler
                0x000000006000236a                GPIO1_INT2_DriverIRQHandler
                0x000000006000236a                RTWDOG_DriverIRQHandler
                0x000000006000236a                FLEXSPI_DriverIRQHandler
                0x000000006000236a                GPT2_DriverIRQHandler
                0x000000006000236a                DMA10_DMA26_DriverIRQHandler
                0x000000006000236a                PWM2_1_DriverIRQHandler
                0x000000006000236a                PWM1_1_DriverIRQHandler
                0x000000006000236a                ADC1_DriverIRQHandler
                0x000000006000236a                Reserved148_DriverIRQHandler
                0x000000006000236a                PWM1_0_DriverIRQHandler
                0x000000006000236a                DMA1_DMA17_DriverIRQHandler
                0x000000006000236a                ENC1_DriverIRQHandler
                0x000000006000236a                CAN2_DriverIRQHandler
                0x000000006000236a                DCP_DriverIRQHandler
                0x000000006000236a                CTI0_ERROR_DriverIRQHandler
                0x000000006000236a                DMA8_DMA24_DriverIRQHandler
                0x000000006000236a                GPT1_DriverIRQHandler
                0x000000006000236a                ACMP3_DriverIRQHandler
                0x000000006000236a                DMA6_DMA22_DriverIRQHandler
                0x000000006000236a                CSU_DriverIRQHandler
                0x000000006000236a                GPIO1_INT5_DriverIRQHandler
                0x000000006000236a                TMR2_DriverIRQHandler
                0x000000006000236a                CTI1_ERROR_DriverIRQHandler
                0x000000006000236a                GPIO1_Combined_0_15_DriverIRQHandler
                0x000000006000236a                USDHC2_DriverIRQHandler
                0x000000006000236a                SAI2_DriverIRQHandler
                0x000000006000236a                CORE_DriverIRQHandler
                0x000000006000236a                Reserved147_DriverIRQHandler
                0x000000006000236a                DMA11_DMA27_DriverIRQHandler
                0x000000006000236a                PWM2_3_DriverIRQHandler
                0x000000006000236a                Reserved60_DriverIRQHandler
                0x000000006000236a                XBAR1_IRQ_2_3_DriverIRQHandler
                0x000000006000236a                SNVS_HP_WRAPPER_TZ_DriverIRQHandler
                0x000000006000236a                GPIO3_Combined_16_31_DriverIRQHandler
                0x000000006000236a                PWM1_FAULT_DriverIRQHandler
                0x000000006000236a                PWM2_2_DriverIRQHandler
                0x000000006000236a                Reserved128_DriverIRQHandler
                0x000000006000236a                DMA4_DMA20_DriverIRQHandler
                0x000000006000236a                DMA9_DMA25_DriverIRQHandler
                0x000000006000236a                SNVS_HP_WRAPPER_DriverIRQHandler
                0x000000006000236a                XBAR1_IRQ_0_1_DriverIRQHandler
                0x000000006000236a                ADC_ETC_IRQ1_DriverIRQHandler
                0x000000006000236a                LPSPI1_DriverIRQHandler
                0x000000006000236a                DMA3_DMA19_DriverIRQHandler
                0x000000006000236a                GPIO1_INT3_DriverIRQHandler
                0x000000006000236a                DCP_VMI_DriverIRQHandler
                0x000000006000236a                GPC_DriverIRQHandler
                0x000000006000236a                Reserved123_DriverIRQHandler
                0x000000006000236a                GPIO2_Combined_0_15_DriverIRQHandler
                0x000000006000236a                PWM1_2_DriverIRQHandler
                0x000000006000236a                USB_OTG1_DriverIRQHandler
                0x000000006000236a                TEMP_LOW_HIGH_DriverIRQHandler
                0x000000006000236a                SAI3_TX_DriverIRQHandler
                0x000000006000236a                WDOG2_DriverIRQHandler
                0x000000006000236a                Reserved68_DriverIRQHandler
                0x000000006000236a                PMU_DriverIRQHandler
                0x000000006000236a                Reserved59_DriverIRQHandler
                0x000000006000236a                GPIO5_Combined_16_31_DriverIRQHandler
                0x000000006000236a                DMA5_DMA21_DriverIRQHandler
                0x000000006000236a                CCM_1_DriverIRQHandler
                0x000000006000236a                ADC2_DriverIRQHandler
                0x000000006000236a                Reserved58_DriverIRQHandler
                0x000000006000236a                Reserved115_DriverIRQHandler
                0x000000006000236a                TEMP_PANIC_DriverIRQHandler
                0x000000006000236a                DMA15_DMA31_DriverIRQHandler
                0x000000006000236a                Reserved107_DriverIRQHandler
                0x000000006000236a                LPSPI3_DriverIRQHandler
                0x000000006000236a                PWM1_3_DriverIRQHandler
                0x000000006000236a                Reserved70_DriverIRQHandler
                0x000000006000236a                ACMP1_DriverIRQHandler
                0x000000006000236a                Reserved86_DriverIRQHandler
                0x000000006000236a                DMA_ERROR_DriverIRQHandler
                0x000000006000236a                ADC_ETC_IRQ0_DriverIRQHandler
                0x000000006000236a                CAN1_DriverIRQHandler
                0x000000006000236a                GPIO1_INT6_DriverIRQHandler
                0x000000006000236a                GPIO1_INT1_DriverIRQHandler
                0x000000006000236a                PWM2_0_DriverIRQHandler
                0x000000006000236a                ACMP4_DriverIRQHandler
                0x000000006000236a                SNVS_LP_WRAPPER_DriverIRQHandler
                0x000000006000236a                Reserved87_DriverIRQHandler
                0x000000006000236a                KPP_DriverIRQHandler
                0x000000006000236a                LPSPI2_DriverIRQHandler
                0x000000006000236a                SAI3_RX_DriverIRQHandler
 *(SORT_BY_ALIGNMENT(.text*))
 *fill*         0x000000006000236c        0x4 ff
 .text.SVC_Handler
                0x0000000060002370       0x28 ./freertos/freertos_kernel/portable/GCC/ARM_CM4F/port.o
                0x0000000060002370                SVC_Handler
 *fill*         0x0000000060002398        0x8 ff
 .text.PendSV_Handler
                0x00000000600023a0       0x68 ./freertos/freertos_kernel/portable/GCC/ARM_CM4F/port.o
                0x00000000600023a0                PendSV_Handler
 .text.__assertion_failed
                0x0000000060002408       0x18 ./utilities/fsl_assert.o
                0x0000000060002408                __assertion_failed
 .text.DbgConsole_SendDataReliable
                0x0000000060002420       0x64 ./utilities/fsl_debug_console.o
                0x0000000060002420                DbgConsole_SendDataReliable
 .text.DbgConsole_Init
                0x0000000060002484      0x118 ./utilities/fsl_debug_console.o
                0x0000000060002484                DbgConsole_Init
 .text.DbgConsole_Printf
                0x000000006000259c       0x78 ./utilities/fsl_debug_console.o
                0x000000006000259c                DbgConsole_Printf
 .text.__NVIC_SetPriority
                0x0000000060002614       0x54 ./source/freertos_lpi2c.o
 .text.CLOCK_SetMux
                0x0000000060002668       0x9c ./source/freertos_lpi2c.o
 .text.CLOCK_SetDiv
                0x0000000060002704       0x9c ./source/freertos_lpi2c.o
 .text.main     0x00000000600027a0       0xa4 ./source/freertos_lpi2c.o
                0x00000000600027a0                main
 .text.lpi2c_slave_callback
                0x0000000060002844       0x70 ./source/freertos_lpi2c.o
 .text.slave_task
                0x00000000600028b4      0x1b0 ./source/freertos_lpi2c.o
 .text.master_task
                0x0000000060002a64      0x12c ./source/freertos_lpi2c.o
 .text.pvPortMalloc
                0x0000000060002b90      0x198 ./freertos/freertos_kernel/portable/MemMang/heap_4.o
                0x0000000060002b90                pvPortMalloc
 .text.vPortFree
                0x0000000060002d28       0xc4 ./freertos/freertos_kernel/portable/MemMang/heap_4.o
                0x0000000060002d28                vPortFree
 .text.prvHeapInit
                0x0000000060002dec       0xc4 ./freertos/freertos_kernel/portable/MemMang/heap_4.o
 .text.prvInsertBlockIntoFreeList
                0x0000000060002eb0       0xb4 ./freertos/freertos_kernel/portable/MemMang/heap_4.o
 .text.pxPortInitialiseStack
                0x0000000060002f64       0x68 ./freertos/freertos_kernel/portable/GCC/ARM_CM4F/port.o
                0x0000000060002f64                pxPortInitialiseStack
 .text.prvTaskExitError
                0x0000000060002fcc       0x58 ./freertos/freertos_kernel/portable/GCC/ARM_CM4F/port.o
 .text.prvPortStartFirstTask
                0x0000000060003024       0x28 ./freertos/freertos_kernel/portable/GCC/ARM_CM4F/port.o
 .text.xPortStartScheduler
                0x000000006000304c      0x144 ./freertos/freertos_kernel/portable/GCC/ARM_CM4F/port.o
                0x000000006000304c                xPortStartScheduler
 .text.vPortEnterCritical
                0x0000000060003190       0x60 ./freertos/freertos_kernel/portable/GCC/ARM_CM4F/port.o
                0x0000000060003190                vPortEnterCritical
 .text.vPortExitCritical
                0x00000000600031f0       0x54 ./freertos/freertos_kernel/portable/GCC/ARM_CM4F/port.o
                0x00000000600031f0                vPortExitCritical
 .text.SysTick_Handler
                0x0000000060003244       0x44 ./freertos/freertos_kernel/portable/GCC/ARM_CM4F/port.o
                0x0000000060003244                SysTick_Handler
 .text.vPortSetupTimerInterrupt
                0x0000000060003288       0x48 ./freertos/freertos_kernel/portable/GCC/ARM_CM4F/port.o
                0x0000000060003288                vPortSetupTimerInterrupt
 .text.vPortEnableVFP
                0x00000000600032d0       0x14 ./freertos/freertos_kernel/portable/GCC/ARM_CM4F/port.o
 .text.vPortValidateInterruptPriority
                0x00000000600032e4       0x80 ./freertos/freertos_kernel/portable/GCC/ARM_CM4F/port.o
                0x00000000600032e4                vPortValidateInterruptPriority
 .text.xQueueGenericReset
                0x0000000060003364       0xd0 ./freertos/freertos_kernel/queue.o
                0x0000000060003364                xQueueGenericReset
 .text.xQueueGenericSend
                0x0000000060003434      0x1fc ./freertos/freertos_kernel/queue.o
                0x0000000060003434                xQueueGenericSend
 .text.xQueueReceive
                0x0000000060003630      0x1c0 ./freertos/freertos_kernel/queue.o
                0x0000000060003630                xQueueReceive
 .text.xQueueSemaphoreTake
                0x00000000600037f0      0x21c ./freertos/freertos_kernel/queue.o
                0x00000000600037f0                xQueueSemaphoreTake
 .text.vQueueAddToRegistry
                0x0000000060003a0c       0x54 ./freertos/freertos_kernel/queue.o
                0x0000000060003a0c                vQueueAddToRegistry
 .text.vQueueUnregisterQueue
                0x0000000060003a60       0x54 ./freertos/freertos_kernel/queue.o
                0x0000000060003a60                vQueueUnregisterQueue
 .text.prvAddNewTaskToReadyList
                0x0000000060003ab4       0xdc ./freertos/freertos_kernel/tasks.o
 .text.vTaskSuspend
                0x0000000060003b90      0x124 ./freertos/freertos_kernel/tasks.o
                0x0000000060003b90                vTaskSuspend
 .text.vTaskStartScheduler
                0x0000000060003cb4       0x9c ./freertos/freertos_kernel/tasks.o
                0x0000000060003cb4                vTaskStartScheduler
 .text.vTaskSuspendAll
                0x0000000060003d50       0x1c ./freertos/freertos_kernel/tasks.o
                0x0000000060003d50                vTaskSuspendAll
 .text.xTaskResumeAll
                0x0000000060003d6c      0x138 ./freertos/freertos_kernel/tasks.o
                0x0000000060003d6c                xTaskResumeAll
 .text.xTaskGetTickCount
                0x0000000060003ea4       0x20 ./freertos/freertos_kernel/tasks.o
                0x0000000060003ea4                xTaskGetTickCount
 .text.xTaskIncrementTick
                0x0000000060003ec4      0x154 ./freertos/freertos_kernel/tasks.o
                0x0000000060003ec4                xTaskIncrementTick
 .text.vTaskSwitchContext
                0x0000000060004018       0xb8 ./freertos/freertos_kernel/tasks.o
                0x0000000060004018                vTaskSwitchContext
 .text.vTaskPlaceOnEventList
                0x00000000600040d0       0x48 ./freertos/freertos_kernel/tasks.o
                0x00000000600040d0                vTaskPlaceOnEventList
 .text.vTaskPlaceOnEventListRestricted
                0x0000000060004118       0x58 ./freertos/freertos_kernel/tasks.o
                0x0000000060004118                vTaskPlaceOnEventListRestricted
 .text.xTaskRemoveFromEventList
                0x0000000060004170       0xc4 ./freertos/freertos_kernel/tasks.o
                0x0000000060004170                xTaskRemoveFromEventList
 .text.vTaskInternalSetTimeOutState
                0x0000000060004234       0x2c ./freertos/freertos_kernel/tasks.o
                0x0000000060004234                vTaskInternalSetTimeOutState
 .text.xTaskCheckForTimeOut
                0x0000000060004260       0xc4 ./freertos/freertos_kernel/tasks.o
                0x0000000060004260                xTaskCheckForTimeOut
 .text.vTaskMissedYield
                0x0000000060004324       0x18 ./freertos/freertos_kernel/tasks.o
                0x0000000060004324                vTaskMissedYield
 .text.prvIdleTask
                0x000000006000433c       0x30 ./freertos/freertos_kernel/tasks.o
 .text.prvInitialiseTaskLists
                0x000000006000436c       0x80 ./freertos/freertos_kernel/tasks.o
 .text.prvCheckTasksWaitingTermination
                0x00000000600043ec       0x5c ./freertos/freertos_kernel/tasks.o
 .text.prvResetNextTaskUnblockTime
                0x0000000060004448       0x40 ./freertos/freertos_kernel/tasks.o
 .text.xTaskGetSchedulerState
                0x0000000060004488       0x3c ./freertos/freertos_kernel/tasks.o
                0x0000000060004488                xTaskGetSchedulerState
 .text.xTaskPriorityInherit
                0x00000000600044c4       0xec ./freertos/freertos_kernel/tasks.o
                0x00000000600044c4                xTaskPriorityInherit
 .text.xTaskPriorityDisinherit
                0x00000000600045b0      0x10c ./freertos/freertos_kernel/tasks.o
                0x00000000600045b0                xTaskPriorityDisinherit
 .text.vTaskPriorityDisinheritAfterTimeout
                0x00000000600046bc      0x11c ./freertos/freertos_kernel/tasks.o
                0x00000000600046bc                vTaskPriorityDisinheritAfterTimeout
 .text.pvTaskIncrementMutexHeldCount
                0x00000000600047d8       0x28 ./freertos/freertos_kernel/tasks.o
                0x00000000600047d8                pvTaskIncrementMutexHeldCount
 .text.prvAddCurrentTaskToDelayedList
                0x0000000060004800       0xcc ./freertos/freertos_kernel/tasks.o
 .text.xTimerCreateTimerTask
                0x00000000600048cc       0x64 ./freertos/freertos_kernel/timers.o
                0x00000000600048cc                xTimerCreateTimerTask
 .text.xTimerGenericCommand
                0x0000000060004930       0x9c ./freertos/freertos_kernel/timers.o
                0x0000000060004930                xTimerGenericCommand
 .text.prvProcessExpiredTimer
                0x00000000600049cc       0x98 ./freertos/freertos_kernel/timers.o
 .text.prvProcessTimerOrBlockTask
                0x0000000060004a64       0x9c ./freertos/freertos_kernel/timers.o
 .text.prvGetNextExpireTime
                0x0000000060004b00       0x48 ./freertos/freertos_kernel/timers.o
 .text.prvSampleTimeNow
                0x0000000060004b48       0x40 ./freertos/freertos_kernel/timers.o
 .text.prvInsertTimerInActiveList
                0x0000000060004b88       0x84 ./freertos/freertos_kernel/timers.o
 .text.prvProcessReceivedCommands
                0x0000000060004c0c      0x1c4 ./freertos/freertos_kernel/timers.o
 .text.prvSwitchTimerLists
                0x0000000060004dd0       0xc8 ./freertos/freertos_kernel/timers.o
 .text.prvCheckForValidListAndQueue
                0x0000000060004e98       0x6c ./freertos/freertos_kernel/timers.o
 .text.LPI2C_RTOS_Callback
                0x0000000060004f04       0x4c ./drivers/freertos/fsl_lpi2c_freertos.o
 .text.LPI2C_RTOS_Init
                0x0000000060004f50       0x9c ./drivers/freertos/fsl_lpi2c_freertos.o
                0x0000000060004f50                LPI2C_RTOS_Init
 .text.CLOCK_GetOscFreq
                0x0000000060004fec       0x30 ./drivers/fsl_clock.o
 .text.CLOCK_GetPeriphClkFreq
                0x000000006000501c       0xdc ./drivers/fsl_clock.o
 .text.CLOCK_InitExternalClk
                0x00000000600050f8       0x6c ./drivers/fsl_clock.o
                0x00000000600050f8                CLOCK_InitExternalClk
 .text.CLOCK_SwitchOsc
                0x0000000060005164       0x34 ./drivers/fsl_clock.o
                0x0000000060005164                CLOCK_SwitchOsc
 .text.CLOCK_InitRcOsc24M
                0x0000000060005198       0x24 ./drivers/fsl_clock.o
                0x0000000060005198                CLOCK_InitRcOsc24M
 .text.CLOCK_GetAhbFreq
                0x00000000600051bc       0x24 ./drivers/fsl_clock.o
                0x00000000600051bc                CLOCK_GetAhbFreq
 .text.CLOCK_GetSemcFreq
                0x00000000600051e0       0x5c ./drivers/fsl_clock.o
                0x00000000600051e0                CLOCK_GetSemcFreq
 .text.CLOCK_GetIpgFreq
                0x000000006000523c       0x24 ./drivers/fsl_clock.o
                0x000000006000523c                CLOCK_GetIpgFreq
 .text.CLOCK_GetPerClkFreq
                0x0000000060005260       0x40 ./drivers/fsl_clock.o
                0x0000000060005260                CLOCK_GetPerClkFreq
 .text.CLOCK_GetFreq
                0x00000000600052a0      0x150 ./drivers/fsl_clock.o
                0x00000000600052a0                CLOCK_GetFreq
 .text.CLOCK_InitSysPll
                0x00000000600053f0       0x9c ./drivers/fsl_clock.o
                0x00000000600053f0                CLOCK_InitSysPll
 .text.CLOCK_DeinitAudioPll
                0x000000006000548c       0x1c ./drivers/fsl_clock.o
                0x000000006000548c                CLOCK_DeinitAudioPll
 .text.CLOCK_InitEnetPll
                0x00000000600054a8       0xa4 ./drivers/fsl_clock.o
                0x00000000600054a8                CLOCK_InitEnetPll
 .text.CLOCK_GetPllFreq
                0x000000006000554c      0x27c ./drivers/fsl_clock.o
                0x000000006000554c                CLOCK_GetPllFreq
 .text.CLOCK_InitSysPfd
                0x00000000600057c8       0x64 ./drivers/fsl_clock.o
                0x00000000600057c8                CLOCK_InitSysPfd
 .text.CLOCK_GetSysPfdFreq
                0x000000006000582c       0xac ./drivers/fsl_clock.o
                0x000000006000582c                CLOCK_GetSysPfdFreq
 .text.CLOCK_GetUsb1PfdFreq
                0x00000000600058d8       0xac ./drivers/fsl_clock.o
                0x00000000600058d8                CLOCK_GetUsb1PfdFreq
 .text.__NVIC_EnableIRQ
                0x0000000060005984       0x3c ./drivers/fsl_lpi2c.o
 .text.CLOCK_ControlGate
                0x00000000600059c0       0x64 ./drivers/fsl_lpi2c.o
 .text.LPI2C_GetInstance
                0x0000000060005a24       0x4c ./drivers/fsl_lpi2c.o
                0x0000000060005a24                LPI2C_GetInstance
 .text.LPI2C_GetCyclesForWidth
                0x0000000060005a70       0x9c ./drivers/fsl_lpi2c.o
 .text.LPI2C_MasterGetDefaultConfig
                0x0000000060005b0c       0x6c ./drivers/fsl_lpi2c.o
                0x0000000060005b0c                LPI2C_MasterGetDefaultConfig
 .text.LPI2C_MasterInit
                0x0000000060005b78      0x1cc ./drivers/fsl_lpi2c.o
                0x0000000060005b78                LPI2C_MasterInit
 .text.LPI2C_MasterSetBaudRate
                0x0000000060005d44      0x17c ./drivers/fsl_lpi2c.o
                0x0000000060005d44                LPI2C_MasterSetBaudRate
 .text.LPI2C_MasterTransferCreateHandle
                0x0000000060005ec0       0x7c ./drivers/fsl_lpi2c.o
                0x0000000060005ec0                LPI2C_MasterTransferCreateHandle
 .text.LPI2C_RunTransferStateMachine
                0x0000000060005f3c      0x25c ./drivers/fsl_lpi2c.o
 .text.LPI2C_MasterTransferNonBlocking
                0x0000000060006198       0xbc ./drivers/fsl_lpi2c.o
                0x0000000060006198                LPI2C_MasterTransferNonBlocking
 .text.LPI2C_SlaveInit
                0x0000000060006254      0x144 ./drivers/fsl_lpi2c.o
                0x0000000060006254                LPI2C_SlaveInit
 .text.LPI2C_SlaveTransferCreateHandle
                0x0000000060006398       0x84 ./drivers/fsl_lpi2c.o
                0x0000000060006398                LPI2C_SlaveTransferCreateHandle
 .text.LPI2C_SlaveTransferNonBlocking
                0x000000006000641c       0x98 ./drivers/fsl_lpi2c.o
                0x000000006000641c                LPI2C_SlaveTransferNonBlocking
 .text.LPI2C_CommonIRQHandler
                0x00000000600064b4       0x78 ./drivers/fsl_lpi2c.o
 .text.LPI2C1_DriverIRQHandler
                0x000000006000652c       0x14 ./drivers/fsl_lpi2c.o
                0x000000006000652c                LPI2C1_DriverIRQHandler
 .text.LPI2C2_DriverIRQHandler
                0x0000000060006540       0x14 ./drivers/fsl_lpi2c.o
                0x0000000060006540                LPI2C2_DriverIRQHandler
 .text.LPI2C3_DriverIRQHandler
                0x0000000060006554       0x14 ./drivers/fsl_lpi2c.o
                0x0000000060006554                LPI2C3_DriverIRQHandler
 .text.LPI2C4_DriverIRQHandler
                0x0000000060006568       0x14 ./drivers/fsl_lpi2c.o
                0x0000000060006568                LPI2C4_DriverIRQHandler
 .text.CLOCK_ControlGate
                0x000000006000657c       0x64 ./drivers/fsl_lpuart.o
 .text.LPUART_GetInstance
                0x00000000600065e0       0x4c ./drivers/fsl_lpuart.o
                0x00000000600065e0                LPUART_GetInstance
 .text.LPUART_Init
                0x000000006000662c      0x310 ./drivers/fsl_lpuart.o
                0x000000006000662c                LPUART_Init
 .text.LPUART_GetDefaultConfig
                0x000000006000693c       0x88 ./drivers/fsl_lpuart.o
                0x000000006000693c                LPUART_GetDefaultConfig
 .text.LPUART_WriteBlocking
                0x00000000600069c4       0x68 ./drivers/fsl_lpuart.o
                0x00000000600069c4                LPUART_WriteBlocking
 .text.LPUART1_DriverIRQHandler
                0x0000000060006a2c       0x28 ./drivers/fsl_lpuart.o
                0x0000000060006a2c                LPUART1_DriverIRQHandler
 .text.LPUART2_DriverIRQHandler
                0x0000000060006a54       0x28 ./drivers/fsl_lpuart.o
                0x0000000060006a54                LPUART2_DriverIRQHandler
 .text.LPUART3_DriverIRQHandler
                0x0000000060006a7c       0x28 ./drivers/fsl_lpuart.o
                0x0000000060006a7c                LPUART3_DriverIRQHandler
 .text.LPUART4_DriverIRQHandler
                0x0000000060006aa4       0x28 ./drivers/fsl_lpuart.o
                0x0000000060006aa4                LPUART4_DriverIRQHandler
 .text.LPUART5_DriverIRQHandler
                0x0000000060006acc       0x28 ./drivers/fsl_lpuart.o
                0x0000000060006acc                LPUART5_DriverIRQHandler
 .text.LPUART6_DriverIRQHandler
                0x0000000060006af4       0x28 ./drivers/fsl_lpuart.o
                0x0000000060006af4                LPUART6_DriverIRQHandler
 .text.LPUART7_DriverIRQHandler
                0x0000000060006b1c       0x28 ./drivers/fsl_lpuart.o
                0x0000000060006b1c                LPUART7_DriverIRQHandler
 .text.LPUART8_DriverIRQHandler
                0x0000000060006b44       0x28 ./drivers/fsl_lpuart.o
                0x0000000060006b44                LPUART8_DriverIRQHandler
 .text.SystemInit
                0x0000000060006b6c      0x1d8 ./device/system_MIMXRT1021.o
                0x0000000060006b6c                SystemInit
 .text.HAL_UartInit
                0x0000000060006d44      0x100 ./component/uart/lpuart_adapter.o
                0x0000000060006d44                HAL_UartInit
 .text.HAL_UartSendBlocking
                0x0000000060006e44       0x64 ./component/uart/lpuart_adapter.o
                0x0000000060006e44                HAL_UartSendBlocking
 .text.SerialManager_Write
                0x0000000060006ea8       0x6c ./component/serial_manager/serial_manager.o
 .text.SerialManager_Init
                0x0000000060006f14       0x74 ./component/serial_manager/serial_manager.o
                0x0000000060006f14                SerialManager_Init
 .text.SerialManager_OpenWriteHandle
                0x0000000060006f88       0x64 ./component/serial_manager/serial_manager.o
                0x0000000060006f88                SerialManager_OpenWriteHandle
 .text.SerialManager_OpenReadHandle
                0x0000000060006fec       0x74 ./component/serial_manager/serial_manager.o
                0x0000000060006fec                SerialManager_OpenReadHandle
 .text.Serial_UartInit
                0x0000000060007060       0x80 ./component/serial_manager/serial_port_uart.o
                0x0000000060007060                Serial_UartInit
 .text.Serial_UartWrite
                0x00000000600070e0       0x58 ./component/serial_manager/serial_port_uart.o
                0x00000000600070e0                Serial_UartWrite
 .text.ARM_MPU_Enable
                0x0000000060007138       0x40 ./board/board.o
 .text.ARM_MPU_Disable
                0x0000000060007178       0x34 ./board/board.o
 .text.CLOCK_GetMux
                0x00000000600071ac       0x44 ./board/board.o
 .text.CLOCK_GetDiv
                0x00000000600071f0       0x44 ./board/board.o
 .text.CLOCK_GetOscFreq
                0x0000000060007234       0x30 ./board/board.o
 .text.BOARD_DebugConsoleSrcFreq
                0x0000000060007264       0x64 ./board/board.o
                0x0000000060007264                BOARD_DebugConsoleSrcFreq
 .text.BOARD_ConfigMPU
                0x00000000600072c8      0x2e4 ./board/board.o
                0x00000000600072c8                BOARD_ConfigMPU
 .text.CLOCK_SetMux
                0x00000000600075ac       0x9c ./board/clock_config.o
 .text.CLOCK_SetDiv
                0x0000000060007648       0x9c ./board/clock_config.o
 .text.CLOCK_ControlGate
                0x00000000600076e4       0x64 ./board/clock_config.o
 .text.CLOCK_SetXtalFreq
                0x0000000060007748       0x20 ./board/clock_config.o
 .text.CLOCK_SetRtcXtalFreq
                0x0000000060007768       0x20 ./board/clock_config.o
 .text.IOMUXC_EnableMode
                0x0000000060007788       0x48 ./board/clock_config.o
 .text.IOMUXC_MQSConfig
                0x00000000600077d0       0x44 ./board/clock_config.o
 .text.BOARD_BootClockRUN
                0x0000000060007814      0x4ec ./board/clock_config.o
                0x0000000060007814                BOARD_BootClockRUN
 .text.CLOCK_ControlGate
                0x0000000060007d00       0x64 ./board/pin_mux.o
 .text.BOARD_InitPins
                0x0000000060007d64      0x150 ./board/pin_mux.o
                0x0000000060007d64                BOARD_InitPins
 .text._initio  0x0000000060007eb4       0x78 /Applications/MCUXpressoIDE_11.2.1_4149/ide/plugins/com.nxp.mcuxpresso.tools.macosx_11.2.0.202001021529/tools/bin/../lib/gcc/arm-none-eabi/9.2.1/../../../../arm-none-eabi/lib/thumb/v7e-m+dp/hard/libcr_c.a(initio.o)
                0x0000000060007eb4                _initio
 .text._Cwritebuf
                0x0000000060007f2c       0x6c /Applications/MCUXpressoIDE_11.2.1_4149/ide/plugins/com.nxp.mcuxpresso.tools.macosx_11.2.0.202001021529/tools/bin/../lib/gcc/arm-none-eabi/9.2.1/../../../../arm-none-eabi/lib/thumb/v7e-m+dp/hard/libcr_c.a(_writebuf.o)
                0x0000000060007f2c                _Cwritebuf
 .text.fflush   0x0000000060007f98       0x44 /Applications/MCUXpressoIDE_11.2.1_4149/ide/plugins/com.nxp.mcuxpresso.tools.macosx_11.2.0.202001021529/tools/bin/../lib/gcc/arm-none-eabi/9.2.1/../../../../arm-none-eabi/lib/thumb/v7e-m+dp/hard/libcr_c.a(fflush.o)
                0x0000000060007f98                fflush
 .text.fseek    0x0000000060007fdc      0x100 /Applications/MCUXpressoIDE_11.2.1_4149/ide/plugins/com.nxp.mcuxpresso.tools.macosx_11.2.0.202001021529/tools/bin/../lib/gcc/arm-none-eabi/9.2.1/../../../../arm-none-eabi/lib/thumb/v7e-m+dp/hard/libcr_c.a(fseek.o)
                0x0000000060007fdc                fseek
 .text.ftell    0x00000000600080dc       0x44 /Applications/MCUXpressoIDE_11.2.1_4149/ide/plugins/com.nxp.mcuxpresso.tools.macosx_11.2.0.202001021529/tools/bin/../lib/gcc/arm-none-eabi/9.2.1/../../../../arm-none-eabi/lib/thumb/v7e-m+dp/hard/libcr_c.a(ftell.o)
                0x00000000600080dc                ftell
 .text.DbgConsole_PrintCallback
                0x0000000060008120       0x66 ./utilities/fsl_debug_console.o
 .text.PrintGetWidth
                0x0000000060008186       0x6a ./utilities/fsl_str.o
 .text.PrintGetPrecision
                0x00000000600081f0       0x8c ./utilities/fsl_str.o
 .text.PrintIsobpu
                0x000000006000827c       0x38 ./utilities/fsl_str.o
 .text.PrintIsdi
                0x00000000600082b4       0x2c ./utilities/fsl_str.o
 .text.PrintOutputdifFobpu
                0x00000000600082e0       0x44 ./utilities/fsl_str.o
 .text.PrintOutputxX
                0x0000000060008324       0x44 ./utilities/fsl_str.o
 .text.PrintIsfF
                0x0000000060008368       0x2c ./utilities/fsl_str.o
 .text.PrintIsxX
                0x0000000060008394       0x2c ./utilities/fsl_str.o
 .text.PrintGetRadixFromobpu
                0x00000000600083c0       0x40 ./utilities/fsl_str.o
 .text.ConvertRadixNumToString
                0x0000000060008400      0x118 ./utilities/fsl_str.o
 .text.StrFormatPrintf
                0x0000000060008518      0x286 ./utilities/fsl_str.o
                0x0000000060008518                StrFormatPrintf
 .text.DMA0_DMA16_IRQHandler
                0x000000006000879e        0x8 ./startup/startup_mimxrt1021.o
                0x000000006000879e                DMA0_DMA16_IRQHandler
 .text.DMA1_DMA17_IRQHandler
                0x00000000600087a6        0x8 ./startup/startup_mimxrt1021.o
                0x00000000600087a6                DMA1_DMA17_IRQHandler
 .text.DMA2_DMA18_IRQHandler
                0x00000000600087ae        0x8 ./startup/startup_mimxrt1021.o
                0x00000000600087ae                DMA2_DMA18_IRQHandler
 .text.DMA3_DMA19_IRQHandler
                0x00000000600087b6        0x8 ./startup/startup_mimxrt1021.o
                0x00000000600087b6                DMA3_DMA19_IRQHandler
 .text.DMA4_DMA20_IRQHandler
                0x00000000600087be        0x8 ./startup/startup_mimxrt1021.o
                0x00000000600087be                DMA4_DMA20_IRQHandler
 .text.DMA5_DMA21_IRQHandler
                0x00000000600087c6        0x8 ./startup/startup_mimxrt1021.o
                0x00000000600087c6                DMA5_DMA21_IRQHandler
 .text.DMA6_DMA22_IRQHandler
                0x00000000600087ce        0x8 ./startup/startup_mimxrt1021.o
                0x00000000600087ce                DMA6_DMA22_IRQHandler
 .text.DMA7_DMA23_IRQHandler
                0x00000000600087d6        0x8 ./startup/startup_mimxrt1021.o
                0x00000000600087d6                DMA7_DMA23_IRQHandler
 .text.DMA8_DMA24_IRQHandler
                0x00000000600087de        0x8 ./startup/startup_mimxrt1021.o
                0x00000000600087de                DMA8_DMA24_IRQHandler
 .text.DMA9_DMA25_IRQHandler
                0x00000000600087e6        0x8 ./startup/startup_mimxrt1021.o
                0x00000000600087e6                DMA9_DMA25_IRQHandler
 .text.DMA10_DMA26_IRQHandler
                0x00000000600087ee        0x8 ./startup/startup_mimxrt1021.o
                0x00000000600087ee                DMA10_DMA26_IRQHandler
 .text.DMA11_DMA27_IRQHandler
                0x00000000600087f6        0x8 ./startup/startup_mimxrt1021.o
                0x00000000600087f6                DMA11_DMA27_IRQHandler
 .text.DMA12_DMA28_IRQHandler
                0x00000000600087fe        0x8 ./startup/startup_mimxrt1021.o
                0x00000000600087fe                DMA12_DMA28_IRQHandler
 .text.DMA13_DMA29_IRQHandler
                0x0000000060008806        0x8 ./startup/startup_mimxrt1021.o
                0x0000000060008806                DMA13_DMA29_IRQHandler
 .text.DMA14_DMA30_IRQHandler
                0x000000006000880e        0x8 ./startup/startup_mimxrt1021.o
                0x000000006000880e                DMA14_DMA30_IRQHandler
 .text.DMA15_DMA31_IRQHandler
                0x0000000060008816        0x8 ./startup/startup_mimxrt1021.o
                0x0000000060008816                DMA15_DMA31_IRQHandler
 .text.DMA_ERROR_IRQHandler
                0x000000006000881e        0x8 ./startup/startup_mimxrt1021.o
                0x000000006000881e                DMA_ERROR_IRQHandler
 .text.CTI0_ERROR_IRQHandler
                0x0000000060008826        0x8 ./startup/startup_mimxrt1021.o
                0x0000000060008826                CTI0_ERROR_IRQHandler
 .text.CTI1_ERROR_IRQHandler
                0x000000006000882e        0x8 ./startup/startup_mimxrt1021.o
                0x000000006000882e                CTI1_ERROR_IRQHandler
 .text.CORE_IRQHandler
                0x0000000060008836        0x8 ./startup/startup_mimxrt1021.o
                0x0000000060008836                CORE_IRQHandler
 .text.LPUART1_IRQHandler
                0x000000006000883e        0x8 ./startup/startup_mimxrt1021.o
                0x000000006000883e                LPUART1_IRQHandler
 .text.LPUART2_IRQHandler
                0x0000000060008846        0x8 ./startup/startup_mimxrt1021.o
                0x0000000060008846                LPUART2_IRQHandler
 .text.LPUART3_IRQHandler
                0x000000006000884e        0x8 ./startup/startup_mimxrt1021.o
                0x000000006000884e                LPUART3_IRQHandler
 .text.LPUART4_IRQHandler
                0x0000000060008856        0x8 ./startup/startup_mimxrt1021.o
                0x0000000060008856                LPUART4_IRQHandler
 .text.LPUART5_IRQHandler
                0x000000006000885e        0x8 ./startup/startup_mimxrt1021.o
                0x000000006000885e                LPUART5_IRQHandler
 .text.LPUART6_IRQHandler
                0x0000000060008866        0x8 ./startup/startup_mimxrt1021.o
                0x0000000060008866                LPUART6_IRQHandler
 .text.LPUART7_IRQHandler
                0x000000006000886e        0x8 ./startup/startup_mimxrt1021.o
                0x000000006000886e                LPUART7_IRQHandler
 .text.LPUART8_IRQHandler
                0x0000000060008876        0x8 ./startup/startup_mimxrt1021.o
                0x0000000060008876                LPUART8_IRQHandler
 .text.LPI2C1_IRQHandler
                0x000000006000887e        0x8 ./startup/startup_mimxrt1021.o
                0x000000006000887e                LPI2C1_IRQHandler
 .text.LPI2C2_IRQHandler
                0x0000000060008886        0x8 ./startup/startup_mimxrt1021.o
                0x0000000060008886                LPI2C2_IRQHandler
 .text.LPI2C3_IRQHandler
                0x000000006000888e        0x8 ./startup/startup_mimxrt1021.o
                0x000000006000888e                LPI2C3_IRQHandler
 .text.LPI2C4_IRQHandler
                0x0000000060008896        0x8 ./startup/startup_mimxrt1021.o
                0x0000000060008896                LPI2C4_IRQHandler
 .text.LPSPI1_IRQHandler
                0x000000006000889e        0x8 ./startup/startup_mimxrt1021.o
                0x000000006000889e                LPSPI1_IRQHandler
 .text.LPSPI2_IRQHandler
                0x00000000600088a6        0x8 ./startup/startup_mimxrt1021.o
                0x00000000600088a6                LPSPI2_IRQHandler
 .text.LPSPI3_IRQHandler
                0x00000000600088ae        0x8 ./startup/startup_mimxrt1021.o
                0x00000000600088ae                LPSPI3_IRQHandler
 .text.LPSPI4_IRQHandler
                0x00000000600088b6        0x8 ./startup/startup_mimxrt1021.o
                0x00000000600088b6                LPSPI4_IRQHandler
 .text.CAN1_IRQHandler
                0x00000000600088be        0x8 ./startup/startup_mimxrt1021.o
                0x00000000600088be                CAN1_IRQHandler
 .text.CAN2_IRQHandler
                0x00000000600088c6        0x8 ./startup/startup_mimxrt1021.o
                0x00000000600088c6                CAN2_IRQHandler
 .text.FLEXRAM_IRQHandler
                0x00000000600088ce        0x8 ./startup/startup_mimxrt1021.o
                0x00000000600088ce                FLEXRAM_IRQHandler
 .text.KPP_IRQHandler
                0x00000000600088d6        0x8 ./startup/startup_mimxrt1021.o
                0x00000000600088d6                KPP_IRQHandler
 .text.Reserved56_IRQHandler
                0x00000000600088de        0x8 ./startup/startup_mimxrt1021.o
                0x00000000600088de                Reserved56_IRQHandler
 .text.GPR_IRQ_IRQHandler
                0x00000000600088e6        0x8 ./startup/startup_mimxrt1021.o
                0x00000000600088e6                GPR_IRQ_IRQHandler
 .text.Reserved58_IRQHandler
                0x00000000600088ee        0x8 ./startup/startup_mimxrt1021.o
                0x00000000600088ee                Reserved58_IRQHandler
 .text.Reserved59_IRQHandler
                0x00000000600088f6        0x8 ./startup/startup_mimxrt1021.o
                0x00000000600088f6                Reserved59_IRQHandler
 .text.Reserved60_IRQHandler
                0x00000000600088fe        0x8 ./startup/startup_mimxrt1021.o
                0x00000000600088fe                Reserved60_IRQHandler
 .text.WDOG2_IRQHandler
                0x0000000060008906        0x8 ./startup/startup_mimxrt1021.o
                0x0000000060008906                WDOG2_IRQHandler
 .text.SNVS_HP_WRAPPER_IRQHandler
                0x000000006000890e        0x8 ./startup/startup_mimxrt1021.o
                0x000000006000890e                SNVS_HP_WRAPPER_IRQHandler
 .text.SNVS_HP_WRAPPER_TZ_IRQHandler
                0x0000000060008916        0x8 ./startup/startup_mimxrt1021.o
                0x0000000060008916                SNVS_HP_WRAPPER_TZ_IRQHandler
 .text.SNVS_LP_WRAPPER_IRQHandler
                0x000000006000891e        0x8 ./startup/startup_mimxrt1021.o
                0x000000006000891e                SNVS_LP_WRAPPER_IRQHandler
 .text.CSU_IRQHandler
                0x0000000060008926        0x8 ./startup/startup_mimxrt1021.o
                0x0000000060008926                CSU_IRQHandler
 .text.DCP_IRQHandler
                0x000000006000892e        0x8 ./startup/startup_mimxrt1021.o
                0x000000006000892e                DCP_IRQHandler
 .text.DCP_VMI_IRQHandler
                0x0000000060008936        0x8 ./startup/startup_mimxrt1021.o
                0x0000000060008936                DCP_VMI_IRQHandler
 .text.Reserved68_IRQHandler
                0x000000006000893e        0x8 ./startup/startup_mimxrt1021.o
                0x000000006000893e                Reserved68_IRQHandler
 .text.TRNG_IRQHandler
                0x0000000060008946        0x8 ./startup/startup_mimxrt1021.o
                0x0000000060008946                TRNG_IRQHandler
 .text.Reserved70_IRQHandler
                0x000000006000894e        0x8 ./startup/startup_mimxrt1021.o
                0x000000006000894e                Reserved70_IRQHandler
 .text.BEE_IRQHandler
                0x0000000060008956        0x8 ./startup/startup_mimxrt1021.o
                0x0000000060008956                BEE_IRQHandler
 .text.SAI1_IRQHandler
                0x000000006000895e        0x8 ./startup/startup_mimxrt1021.o
                0x000000006000895e                SAI1_IRQHandler
 .text.SAI2_IRQHandler
                0x0000000060008966        0x8 ./startup/startup_mimxrt1021.o
                0x0000000060008966                SAI2_IRQHandler
 .text.SAI3_RX_IRQHandler
                0x000000006000896e        0x8 ./startup/startup_mimxrt1021.o
                0x000000006000896e                SAI3_RX_IRQHandler
 .text.SAI3_TX_IRQHandler
                0x0000000060008976        0x8 ./startup/startup_mimxrt1021.o
                0x0000000060008976                SAI3_TX_IRQHandler
 .text.SPDIF_IRQHandler
                0x000000006000897e        0x8 ./startup/startup_mimxrt1021.o
                0x000000006000897e                SPDIF_IRQHandler
 .text.PMU_IRQHandler
                0x0000000060008986        0x8 ./startup/startup_mimxrt1021.o
                0x0000000060008986                PMU_IRQHandler
 .text.Reserved78_IRQHandler
                0x000000006000898e        0x8 ./startup/startup_mimxrt1021.o
                0x000000006000898e                Reserved78_IRQHandler
 .text.TEMP_LOW_HIGH_IRQHandler
                0x0000000060008996        0x8 ./startup/startup_mimxrt1021.o
                0x0000000060008996                TEMP_LOW_HIGH_IRQHandler
 .text.TEMP_PANIC_IRQHandler
                0x000000006000899e        0x8 ./startup/startup_mimxrt1021.o
                0x000000006000899e                TEMP_PANIC_IRQHandler
 .text.USB_PHY_IRQHandler
                0x00000000600089a6        0x8 ./startup/startup_mimxrt1021.o
                0x00000000600089a6                USB_PHY_IRQHandler
 .text.Reserved82_IRQHandler
                0x00000000600089ae        0x8 ./startup/startup_mimxrt1021.o
                0x00000000600089ae                Reserved82_IRQHandler
 .text.ADC1_IRQHandler
                0x00000000600089b6        0x8 ./startup/startup_mimxrt1021.o
                0x00000000600089b6                ADC1_IRQHandler
 .text.ADC2_IRQHandler
                0x00000000600089be        0x8 ./startup/startup_mimxrt1021.o
                0x00000000600089be                ADC2_IRQHandler
 .text.DCDC_IRQHandler
                0x00000000600089c6        0x8 ./startup/startup_mimxrt1021.o
                0x00000000600089c6                DCDC_IRQHandler
 .text.Reserved86_IRQHandler
                0x00000000600089ce        0x8 ./startup/startup_mimxrt1021.o
                0x00000000600089ce                Reserved86_IRQHandler
 .text.Reserved87_IRQHandler
                0x00000000600089d6        0x8 ./startup/startup_mimxrt1021.o
                0x00000000600089d6                Reserved87_IRQHandler
 .text.GPIO1_INT0_IRQHandler
                0x00000000600089de        0x8 ./startup/startup_mimxrt1021.o
                0x00000000600089de                GPIO1_INT0_IRQHandler
 .text.GPIO1_INT1_IRQHandler
                0x00000000600089e6        0x8 ./startup/startup_mimxrt1021.o
                0x00000000600089e6                GPIO1_INT1_IRQHandler
 .text.GPIO1_INT2_IRQHandler
                0x00000000600089ee        0x8 ./startup/startup_mimxrt1021.o
                0x00000000600089ee                GPIO1_INT2_IRQHandler
 .text.GPIO1_INT3_IRQHandler
                0x00000000600089f6        0x8 ./startup/startup_mimxrt1021.o
                0x00000000600089f6                GPIO1_INT3_IRQHandler
 .text.GPIO1_INT4_IRQHandler
                0x00000000600089fe        0x8 ./startup/startup_mimxrt1021.o
                0x00000000600089fe                GPIO1_INT4_IRQHandler
 .text.GPIO1_INT5_IRQHandler
                0x0000000060008a06        0x8 ./startup/startup_mimxrt1021.o
                0x0000000060008a06                GPIO1_INT5_IRQHandler
 .text.GPIO1_INT6_IRQHandler
                0x0000000060008a0e        0x8 ./startup/startup_mimxrt1021.o
                0x0000000060008a0e                GPIO1_INT6_IRQHandler
 .text.GPIO1_INT7_IRQHandler
                0x0000000060008a16        0x8 ./startup/startup_mimxrt1021.o
                0x0000000060008a16                GPIO1_INT7_IRQHandler
 .text.GPIO1_Combined_0_15_IRQHandler
                0x0000000060008a1e        0x8 ./startup/startup_mimxrt1021.o
                0x0000000060008a1e                GPIO1_Combined_0_15_IRQHandler
 .text.GPIO1_Combined_16_31_IRQHandler
                0x0000000060008a26        0x8 ./startup/startup_mimxrt1021.o
                0x0000000060008a26                GPIO1_Combined_16_31_IRQHandler
 .text.GPIO2_Combined_0_15_IRQHandler
                0x0000000060008a2e        0x8 ./startup/startup_mimxrt1021.o
                0x0000000060008a2e                GPIO2_Combined_0_15_IRQHandler
 .text.GPIO2_Combined_16_31_IRQHandler
                0x0000000060008a36        0x8 ./startup/startup_mimxrt1021.o
                0x0000000060008a36                GPIO2_Combined_16_31_IRQHandler
 .text.GPIO3_Combined_0_15_IRQHandler
                0x0000000060008a3e        0x8 ./startup/startup_mimxrt1021.o
                0x0000000060008a3e                GPIO3_Combined_0_15_IRQHandler
 .text.GPIO3_Combined_16_31_IRQHandler
                0x0000000060008a46        0x8 ./startup/startup_mimxrt1021.o
                0x0000000060008a46                GPIO3_Combined_16_31_IRQHandler
 .text.Reserved102_IRQHandler
                0x0000000060008a4e        0x8 ./startup/startup_mimxrt1021.o
                0x0000000060008a4e                Reserved102_IRQHandler
 .text.Reserved103_IRQHandler
                0x0000000060008a56        0x8 ./startup/startup_mimxrt1021.o
                0x0000000060008a56                Reserved103_IRQHandler
 .text.GPIO5_Combined_0_15_IRQHandler
                0x0000000060008a5e        0x8 ./startup/startup_mimxrt1021.o
                0x0000000060008a5e                GPIO5_Combined_0_15_IRQHandler
 .text.GPIO5_Combined_16_31_IRQHandler
                0x0000000060008a66        0x8 ./startup/startup_mimxrt1021.o
                0x0000000060008a66                GPIO5_Combined_16_31_IRQHandler
 .text.FLEXIO1_IRQHandler
                0x0000000060008a6e        0x8 ./startup/startup_mimxrt1021.o
                0x0000000060008a6e                FLEXIO1_IRQHandler
 .text.Reserved107_IRQHandler
                0x0000000060008a76        0x8 ./startup/startup_mimxrt1021.o
                0x0000000060008a76                Reserved107_IRQHandler
 .text.WDOG1_IRQHandler
                0x0000000060008a7e        0x8 ./startup/startup_mimxrt1021.o
                0x0000000060008a7e                WDOG1_IRQHandler
 .text.RTWDOG_IRQHandler
                0x0000000060008a86        0x8 ./startup/startup_mimxrt1021.o
                0x0000000060008a86                RTWDOG_IRQHandler
 .text.EWM_IRQHandler
                0x0000000060008a8e        0x8 ./startup/startup_mimxrt1021.o
                0x0000000060008a8e                EWM_IRQHandler
 .text.CCM_1_IRQHandler
                0x0000000060008a96        0x8 ./startup/startup_mimxrt1021.o
                0x0000000060008a96                CCM_1_IRQHandler
 .text.CCM_2_IRQHandler
                0x0000000060008a9e        0x8 ./startup/startup_mimxrt1021.o
                0x0000000060008a9e                CCM_2_IRQHandler
 .text.GPC_IRQHandler
                0x0000000060008aa6        0x8 ./startup/startup_mimxrt1021.o
                0x0000000060008aa6                GPC_IRQHandler
 .text.SRC_IRQHandler
                0x0000000060008aae        0x8 ./startup/startup_mimxrt1021.o
                0x0000000060008aae                SRC_IRQHandler
 .text.Reserved115_IRQHandler
                0x0000000060008ab6        0x8 ./startup/startup_mimxrt1021.o
                0x0000000060008ab6                Reserved115_IRQHandler
 .text.GPT1_IRQHandler
                0x0000000060008abe        0x8 ./startup/startup_mimxrt1021.o
                0x0000000060008abe                GPT1_IRQHandler
 .text.GPT2_IRQHandler
                0x0000000060008ac6        0x8 ./startup/startup_mimxrt1021.o
                0x0000000060008ac6                GPT2_IRQHandler
 .text.PWM1_0_IRQHandler
                0x0000000060008ace        0x8 ./startup/startup_mimxrt1021.o
                0x0000000060008ace                PWM1_0_IRQHandler
 .text.PWM1_1_IRQHandler
                0x0000000060008ad6        0x8 ./startup/startup_mimxrt1021.o
                0x0000000060008ad6                PWM1_1_IRQHandler
 .text.PWM1_2_IRQHandler
                0x0000000060008ade        0x8 ./startup/startup_mimxrt1021.o
                0x0000000060008ade                PWM1_2_IRQHandler
 .text.PWM1_3_IRQHandler
                0x0000000060008ae6        0x8 ./startup/startup_mimxrt1021.o
                0x0000000060008ae6                PWM1_3_IRQHandler
 .text.PWM1_FAULT_IRQHandler
                0x0000000060008aee        0x8 ./startup/startup_mimxrt1021.o
                0x0000000060008aee                PWM1_FAULT_IRQHandler
 .text.Reserved123_IRQHandler
                0x0000000060008af6        0x8 ./startup/startup_mimxrt1021.o
                0x0000000060008af6                Reserved123_IRQHandler
 .text.FLEXSPI_IRQHandler
                0x0000000060008afe        0x8 ./startup/startup_mimxrt1021.o
                0x0000000060008afe                FLEXSPI_IRQHandler
 .text.SEMC_IRQHandler
                0x0000000060008b06        0x8 ./startup/startup_mimxrt1021.o
                0x0000000060008b06                SEMC_IRQHandler
 .text.USDHC1_IRQHandler
                0x0000000060008b0e        0x8 ./startup/startup_mimxrt1021.o
                0x0000000060008b0e                USDHC1_IRQHandler
 .text.USDHC2_IRQHandler
                0x0000000060008b16        0x8 ./startup/startup_mimxrt1021.o
                0x0000000060008b16                USDHC2_IRQHandler
 .text.Reserved128_IRQHandler
                0x0000000060008b1e        0x8 ./startup/startup_mimxrt1021.o
                0x0000000060008b1e                Reserved128_IRQHandler
 .text.USB_OTG1_IRQHandler
                0x0000000060008b26        0x8 ./startup/startup_mimxrt1021.o
                0x0000000060008b26                USB_OTG1_IRQHandler
 .text.ENET_IRQHandler
                0x0000000060008b2e        0x8 ./startup/startup_mimxrt1021.o
                0x0000000060008b2e                ENET_IRQHandler
 .text.ENET_1588_Timer_IRQHandler
                0x0000000060008b36        0x8 ./startup/startup_mimxrt1021.o
                0x0000000060008b36                ENET_1588_Timer_IRQHandler
 .text.XBAR1_IRQ_0_1_IRQHandler
                0x0000000060008b3e        0x8 ./startup/startup_mimxrt1021.o
                0x0000000060008b3e                XBAR1_IRQ_0_1_IRQHandler
 .text.XBAR1_IRQ_2_3_IRQHandler
                0x0000000060008b46        0x8 ./startup/startup_mimxrt1021.o
                0x0000000060008b46                XBAR1_IRQ_2_3_IRQHandler
 .text.ADC_ETC_IRQ0_IRQHandler
                0x0000000060008b4e        0x8 ./startup/startup_mimxrt1021.o
                0x0000000060008b4e                ADC_ETC_IRQ0_IRQHandler
 .text.ADC_ETC_IRQ1_IRQHandler
                0x0000000060008b56        0x8 ./startup/startup_mimxrt1021.o
                0x0000000060008b56                ADC_ETC_IRQ1_IRQHandler
 .text.ADC_ETC_IRQ2_IRQHandler
                0x0000000060008b5e        0x8 ./startup/startup_mimxrt1021.o
                0x0000000060008b5e                ADC_ETC_IRQ2_IRQHandler
 .text.ADC_ETC_ERROR_IRQ_IRQHandler
                0x0000000060008b66        0x8 ./startup/startup_mimxrt1021.o
                0x0000000060008b66                ADC_ETC_ERROR_IRQ_IRQHandler
 .text.PIT_IRQHandler
                0x0000000060008b6e        0x8 ./startup/startup_mimxrt1021.o
                0x0000000060008b6e                PIT_IRQHandler
 .text.ACMP1_IRQHandler
                0x0000000060008b76        0x8 ./startup/startup_mimxrt1021.o
                0x0000000060008b76                ACMP1_IRQHandler
 .text.ACMP2_IRQHandler
                0x0000000060008b7e        0x8 ./startup/startup_mimxrt1021.o
                0x0000000060008b7e                ACMP2_IRQHandler
 .text.ACMP3_IRQHandler
                0x0000000060008b86        0x8 ./startup/startup_mimxrt1021.o
                0x0000000060008b86                ACMP3_IRQHandler
 .text.ACMP4_IRQHandler
                0x0000000060008b8e        0x8 ./startup/startup_mimxrt1021.o
                0x0000000060008b8e                ACMP4_IRQHandler
 .text.Reserved143_IRQHandler
                0x0000000060008b96        0x8 ./startup/startup_mimxrt1021.o
                0x0000000060008b96                Reserved143_IRQHandler
 .text.Reserved144_IRQHandler
                0x0000000060008b9e        0x8 ./startup/startup_mimxrt1021.o
                0x0000000060008b9e                Reserved144_IRQHandler
 .text.ENC1_IRQHandler
                0x0000000060008ba6        0x8 ./startup/startup_mimxrt1021.o
                0x0000000060008ba6                ENC1_IRQHandler
 .text.ENC2_IRQHandler
                0x0000000060008bae        0x8 ./startup/startup_mimxrt1021.o
                0x0000000060008bae                ENC2_IRQHandler
 .text.Reserved147_IRQHandler
                0x0000000060008bb6        0x8 ./startup/startup_mimxrt1021.o
                0x0000000060008bb6                Reserved147_IRQHandler
 .text.Reserved148_IRQHandler
                0x0000000060008bbe        0x8 ./startup/startup_mimxrt1021.o
                0x0000000060008bbe                Reserved148_IRQHandler
 .text.TMR1_IRQHandler
                0x0000000060008bc6        0x8 ./startup/startup_mimxrt1021.o
                0x0000000060008bc6                TMR1_IRQHandler
 .text.TMR2_IRQHandler
                0x0000000060008bce        0x8 ./startup/startup_mimxrt1021.o
                0x0000000060008bce                TMR2_IRQHandler
 .text.Reserved151_IRQHandler
                0x0000000060008bd6        0x8 ./startup/startup_mimxrt1021.o
                0x0000000060008bd6                Reserved151_IRQHandler
 .text.Reserved152_IRQHandler
                0x0000000060008bde        0x8 ./startup/startup_mimxrt1021.o
                0x0000000060008bde                Reserved152_IRQHandler
 .text.PWM2_0_IRQHandler
                0x0000000060008be6        0x8 ./startup/startup_mimxrt1021.o
                0x0000000060008be6                PWM2_0_IRQHandler
 .text.PWM2_1_IRQHandler
                0x0000000060008bee        0x8 ./startup/startup_mimxrt1021.o
                0x0000000060008bee                PWM2_1_IRQHandler
 .text.PWM2_2_IRQHandler
                0x0000000060008bf6        0x8 ./startup/startup_mimxrt1021.o
                0x0000000060008bf6                PWM2_2_IRQHandler
 .text.PWM2_3_IRQHandler
                0x0000000060008bfe        0x8 ./startup/startup_mimxrt1021.o
                0x0000000060008bfe                PWM2_3_IRQHandler
 .text.PWM2_FAULT_IRQHandler
                0x0000000060008c06        0x8 ./startup/startup_mimxrt1021.o
                0x0000000060008c06                PWM2_FAULT_IRQHandler
 .text.HardFault_Handler
                0x0000000060008c0e       0x2c ./source/semihost_hardfault.o
                0x0000000060008c0e                HardFault_Handler
 .text.vListInitialise
                0x0000000060008c3a       0x40 ./freertos/freertos_kernel/list.o
                0x0000000060008c3a                vListInitialise
 .text.vListInitialiseItem
                0x0000000060008c7a       0x1a ./freertos/freertos_kernel/list.o
                0x0000000060008c7a                vListInitialiseItem
 .text.vListInsertEnd
                0x0000000060008c94       0x48 ./freertos/freertos_kernel/list.o
                0x0000000060008c94                vListInsertEnd
 .text.vListInsert
                0x0000000060008cdc       0x72 ./freertos/freertos_kernel/list.o
                0x0000000060008cdc                vListInsert
 .text.uxListRemove
                0x0000000060008d4e       0x54 ./freertos/freertos_kernel/list.o
                0x0000000060008d4e                uxListRemove
 .text.xQueueGenericCreate
                0x0000000060008da2       0x6c ./freertos/freertos_kernel/queue.o
                0x0000000060008da2                xQueueGenericCreate
 .text.prvInitialiseNewQueue
                0x0000000060008e0e       0x46 ./freertos/freertos_kernel/queue.o
 .text.prvInitialiseMutex
                0x0000000060008e54       0x34 ./freertos/freertos_kernel/queue.o
 .text.xQueueCreateMutex
                0x0000000060008e88       0x30 ./freertos/freertos_kernel/queue.o
                0x0000000060008e88                xQueueCreateMutex
 .text.xQueueGenericSendFromISR
                0x0000000060008eb8      0x136 ./freertos/freertos_kernel/queue.o
                0x0000000060008eb8                xQueueGenericSendFromISR
 .text.xQueueGiveFromISR
                0x0000000060008fee      0x11a ./freertos/freertos_kernel/queue.o
                0x0000000060008fee                xQueueGiveFromISR
 .text.vQueueDelete
                0x0000000060009108       0x3c ./freertos/freertos_kernel/queue.o
                0x0000000060009108                vQueueDelete
 .text.prvGetDisinheritPriorityAfterTimeout
                0x0000000060009144       0x30 ./freertos/freertos_kernel/queue.o
 .text.prvCopyDataToQueue
                0x0000000060009174       0xd4 ./freertos/freertos_kernel/queue.o
 .text.prvCopyDataFromQueue
                0x0000000060009248       0x4c ./freertos/freertos_kernel/queue.o
 .text.prvUnlockQueue
                0x0000000060009294       0xa4 ./freertos/freertos_kernel/queue.o
 .text.prvIsQueueEmpty
                0x0000000060009338       0x2c ./freertos/freertos_kernel/queue.o
 .text.prvIsQueueFull
                0x0000000060009364       0x30 ./freertos/freertos_kernel/queue.o
 .text.vQueueWaitForMessageRestricted
                0x0000000060009394       0x68 ./freertos/freertos_kernel/queue.o
                0x0000000060009394                vQueueWaitForMessageRestricted
 .text.xTaskCreate
                0x00000000600093fc       0x82 ./freertos/freertos_kernel/tasks.o
                0x00000000600093fc                xTaskCreate
 .text.prvInitialiseNewTask
                0x000000006000947e      0x144 ./freertos/freertos_kernel/tasks.o
 .text.prvDeleteTCB
                0x00000000600095c2       0x20 ./freertos/freertos_kernel/tasks.o
 .text.prvTimerTask
                0x00000000600095e2       0x24 ./freertos/freertos_kernel/timers.o
 .text.LPI2C_RTOS_Transfer
                0x0000000060009606       0x76 ./drivers/freertos/fsl_lpi2c_freertos.o
                0x0000000060009606                LPI2C_RTOS_Transfer
 .text.CLOCK_GetRtcFreq
                0x000000006000967c       0x12 ./drivers/fsl_clock.o
 .text.CLOCK_IsPllBypassed
                0x000000006000968e       0x32 ./drivers/fsl_clock.o
 .text.CLOCK_IsPllEnabled
                0x00000000600096c0       0x3c ./drivers/fsl_clock.o
 .text.CLOCK_GetPllBypassRefClk
                0x00000000600096fc       0x34 ./drivers/fsl_clock.o
 .text.CLOCK_EnableClock
                0x0000000060009730       0x1e ./drivers/fsl_lpi2c.o
 .text.EnableIRQ
                0x000000006000974e       0x2c ./drivers/fsl_lpi2c.o
 .text.LPI2C_MasterReset
                0x000000006000977a       0x20 ./drivers/fsl_lpi2c.o
 .text.LPI2C_MasterEnable
                0x000000006000979a       0x28 ./drivers/fsl_lpi2c.o
 .text.LPI2C_MasterGetStatusFlags
                0x00000000600097c2       0x18 ./drivers/fsl_lpi2c.o
 .text.LPI2C_MasterClearStatusFlags
                0x00000000600097da       0x1c ./drivers/fsl_lpi2c.o
 .text.LPI2C_MasterEnableInterrupts
                0x00000000600097f6       0x22 ./drivers/fsl_lpi2c.o
 .text.LPI2C_MasterDisableInterrupts
                0x0000000060009818       0x24 ./drivers/fsl_lpi2c.o
 .text.LPI2C_MasterSetWatermarks
                0x000000006000983c       0x2c ./drivers/fsl_lpi2c.o
 .text.LPI2C_MasterGetFifoCounts
                0x0000000060009868       0x3e ./drivers/fsl_lpi2c.o
 .text.LPI2C_SlaveReset
                0x00000000600098a6       0x24 ./drivers/fsl_lpi2c.o
 .text.LPI2C_SlaveGetStatusFlags
                0x00000000600098ca       0x1a ./drivers/fsl_lpi2c.o
 .text.LPI2C_SlaveClearStatusFlags
                0x00000000600098e4       0x1e ./drivers/fsl_lpi2c.o
 .text.LPI2C_SlaveEnableInterrupts
                0x0000000060009902       0x26 ./drivers/fsl_lpi2c.o
 .text.LPI2C_SlaveDisableInterrupts
                0x0000000060009928       0x28 ./drivers/fsl_lpi2c.o
 .text.LPI2C_MasterCheckAndClearError
                0x0000000060009950       0x80 ./drivers/fsl_lpi2c.o
                0x0000000060009950                LPI2C_MasterCheckAndClearError
 .text.LPI2C_CheckForBusyBus
                0x00000000600099d0       0x38 ./drivers/fsl_lpi2c.o
                0x00000000600099d0                LPI2C_CheckForBusyBus
 .text.LPI2C_InitTransferStateMachine
                0x0000000060009a08      0x138 ./drivers/fsl_lpi2c.o
 .text.LPI2C_MasterTransferAbort
                0x0000000060009b40       0x3e ./drivers/fsl_lpi2c.o
                0x0000000060009b40                LPI2C_MasterTransferAbort
 .text.LPI2C_MasterTransferHandleIRQ
                0x0000000060009b7e       0xaa ./drivers/fsl_lpi2c.o
                0x0000000060009b7e                LPI2C_MasterTransferHandleIRQ
 .text.LPI2C_SlaveGetDefaultConfig
                0x0000000060009c28       0x80 ./drivers/fsl_lpi2c.o
                0x0000000060009c28                LPI2C_SlaveGetDefaultConfig
 .text.LPI2C_SlaveCheckAndClearError
                0x0000000060009ca8       0x50 ./drivers/fsl_lpi2c.o
 .text.LPI2C_SlaveTransferHandleIRQ
                0x0000000060009cf8      0x27e ./drivers/fsl_lpi2c.o
                0x0000000060009cf8                LPI2C_SlaveTransferHandleIRQ
 .text.CLOCK_EnableClock
                0x0000000060009f76       0x1e ./drivers/fsl_lpuart.o
 .text.LPUART_SoftwareReset
                0x0000000060009f94       0x2c ./drivers/fsl_lpuart.o
 .text.SystemInitHook
                0x0000000060009fc0        0xe ./device/system_MIMXRT1021.o
                0x0000000060009fc0                SystemInitHook
 .text.HAL_UartGetStatus
                0x0000000060009fce       0x22 ./component/uart/lpuart_adapter.o
 .text.DisableGlobalIRQ
                0x0000000060009ff0       0x22 ./component/serial_manager/serial_manager.o
 .text.EnableGlobalIRQ
                0x000000006000a012       0x20 ./component/serial_manager/serial_manager.o
 .text.SerialManager_StartWriting
                0x000000006000a032       0x38 ./component/serial_manager/serial_manager.o
 .text.SerialManager_WriteBlocking
                0x000000006000a06a       0x20 ./component/serial_manager/serial_manager.o
                0x000000006000a06a                SerialManager_WriteBlocking
 .text.BOARD_InitDebugConsole
                0x000000006000a08a       0x22 ./board/board.o
                0x000000006000a08a                BOARD_InitDebugConsole
 .text.CLOCK_DisableClock
                0x000000006000a0ac       0x1e ./board/clock_config.o
 .text.CLOCK_SetPllBypass
                0x000000006000a0ca       0x4e ./board/clock_config.o
 .text.IOMUXC_SetSaiMClkClockSource
                0x000000006000a118       0x6c ./board/clock_config.o
 .text.BOARD_InitBootClocks
                0x000000006000a184        0xc ./board/clock_config.o
                0x000000006000a184                BOARD_InitBootClocks
 .text.CLOCK_EnableClock
                0x000000006000a190       0x1e ./board/pin_mux.o
 .text.IOMUXC_SetPinMux
                0x000000006000a1ae       0x3a ./board/pin_mux.o
 .text.IOMUXC_SetPinConfig
                0x000000006000a1e8       0x26 ./board/pin_mux.o
 .text.BOARD_InitBootPins
                0x000000006000a20e        0xc ./board/pin_mux.o
                0x000000006000a20e                BOARD_InitBootPins
 .text.__main   0x000000006000a21a        0xe /Applications/MCUXpressoIDE_11.2.1_4149/ide/plugins/com.nxp.mcuxpresso.tools.macosx_11.2.0.202001021529/tools/bin/../lib/gcc/arm-none-eabi/9.2.1/../../../../arm-none-eabi/lib/thumb/v7e-m+dp/hard/libcr_nohost_nf.a(_cr__main.o)
                0x000000006000a21a                __main
 .text.memcpy   0x000000006000a228        0x4 /Applications/MCUXpressoIDE_11.2.1_4149/ide/plugins/com.nxp.mcuxpresso.tools.macosx_11.2.0.202001021529/tools/bin/../lib/gcc/arm-none-eabi/9.2.1/../../../../arm-none-eabi/lib/thumb/v7e-m+dp/hard/libcr_c.a(memcpy.o)
                0x000000006000a228                memcpy
 .text.memset   0x000000006000a22c        0x4 /Applications/MCUXpressoIDE_11.2.1_4149/ide/plugins/com.nxp.mcuxpresso.tools.macosx_11.2.0.202001021529/tools/bin/../lib/gcc/arm-none-eabi/9.2.1/../../../../arm-none-eabi/lib/thumb/v7e-m+dp/hard/libcr_c.a(memset.o)
                0x000000006000a22c                memset
 .text.free     0x000000006000a230       0x30 /Applications/MCUXpressoIDE_11.2.1_4149/ide/plugins/com.nxp.mcuxpresso.tools.macosx_11.2.0.202001021529/tools/bin/../lib/gcc/arm-none-eabi/9.2.1/../../../../arm-none-eabi/lib/thumb/v7e-m+dp/hard/libcr_c.a(alloc.o)
                0x000000006000a230                free
 .text.setvbuf  0x000000006000a260       0x3e /Applications/MCUXpressoIDE_11.2.1_4149/ide/plugins/com.nxp.mcuxpresso.tools.macosx_11.2.0.202001021529/tools/bin/../lib/gcc/arm-none-eabi/9.2.1/../../../../arm-none-eabi/lib/thumb/v7e-m+dp/hard/libcr_c.a(setvbuf.o)
                0x000000006000a260                setvbuf
 .text.strlen   0x000000006000a29e       0x4c /Applications/MCUXpressoIDE_11.2.1_4149/ide/plugins/com.nxp.mcuxpresso.tools.macosx_11.2.0.202001021529/tools/bin/../lib/gcc/arm-none-eabi/9.2.1/../../../../arm-none-eabi/lib/thumb/v7e-m+dp/hard/libcr_c.a(strlen.o)
                0x000000006000a29e                strlen
 .text._deferredlazyseek
                0x000000006000a2ea       0x40 /Applications/MCUXpressoIDE_11.2.1_4149/ide/plugins/com.nxp.mcuxpresso.tools.macosx_11.2.0.202001021529/tools/bin/../lib/gcc/arm-none-eabi/9.2.1/../../../../arm-none-eabi/lib/thumb/v7e-m+dp/hard/libcr_c.a(_deferredlazyseek.o)
                0x000000006000a2ea                _deferredlazyseek
 .text._fdopen  0x000000006000a32a       0x68 /Applications/MCUXpressoIDE_11.2.1_4149/ide/plugins/com.nxp.mcuxpresso.tools.macosx_11.2.0.202001021529/tools/bin/../lib/gcc/arm-none-eabi/9.2.1/../../../../arm-none-eabi/lib/thumb/v7e-m+dp/hard/libcr_c.a(_fdopen.o)
                0x000000006000a32a                _fdopen
 .text._fflush  0x000000006000a392       0x52 /Applications/MCUXpressoIDE_11.2.1_4149/ide/plugins/com.nxp.mcuxpresso.tools.macosx_11.2.0.202001021529/tools/bin/../lib/gcc/arm-none-eabi/9.2.1/../../../../arm-none-eabi/lib/thumb/v7e-m+dp/hard/libcr_c.a(_fflush.o)
                0x000000006000a392                _fflush
 .text.fclose   0x000000006000a3e4       0x58 /Applications/MCUXpressoIDE_11.2.1_4149/ide/plugins/com.nxp.mcuxpresso.tools.macosx_11.2.0.202001021529/tools/bin/../lib/gcc/arm-none-eabi/9.2.1/../../../../arm-none-eabi/lib/thumb/v7e-m+dp/hard/libcr_c.a(fclose.o)
                0x000000006000a3e4                fclose
 .text.remove   0x000000006000a43c       0x14 /Applications/MCUXpressoIDE_11.2.1_4149/ide/plugins/com.nxp.mcuxpresso.tools.macosx_11.2.0.202001021529/tools/bin/../lib/gcc/arm-none-eabi/9.2.1/../../../../arm-none-eabi/lib/thumb/v7e-m+dp/hard/libcr_c.a(remove.o)
                0x000000006000a43c                remove
 .text._do_fflush
                0x000000006000a450       0x40 /Applications/MCUXpressoIDE_11.2.1_4149/ide/plugins/com.nxp.mcuxpresso.tools.macosx_11.2.0.202001021529/tools/bin/../lib/gcc/arm-none-eabi/9.2.1/../../../../arm-none-eabi/lib/thumb/v7e-m+dp/hard/libcr_c.a(_do_fflush.o)
                0x000000006000a450                _do_fflush
 .text.__aeabi_memcpy
                0x000000006000a490       0x34 /Applications/MCUXpressoIDE_11.2.1_4149/ide/plugins/com.nxp.mcuxpresso.tools.macosx_11.2.0.202001021529/tools/bin/../lib/gcc/arm-none-eabi/9.2.1/thumb/v7e-m+dp/hard/libcr_eabihelpers.a(memcpy.o)
                0x000000006000a490                __aeabi_memcpy
                0x000000006000a49a                __aeabi_memcpy4
                0x000000006000a49a                __aeabi_memcpy8
 .text.__aeabi_memset_lowlevel
                0x000000006000a4c4       0x32 /Applications/MCUXpressoIDE_11.2.1_4149/ide/plugins/com.nxp.mcuxpresso.tools.macosx_11.2.0.202001021529/tools/bin/../lib/gcc/arm-none-eabi/9.2.1/thumb/v7e-m+dp/hard/libcr_eabihelpers.a(memcpy.o)
                0x000000006000a4c4                __aeabi_lowlevel_memset
 .text.__sys_close
                0x000000006000a4f6        0x6 /Applications/MCUXpressoIDE_11.2.1_4149/ide/plugins/com.nxp.mcuxpresso.tools.macosx_11.2.0.202001021529/tools/bin/../lib/gcc/arm-none-eabi/9.2.1/../../../../arm-none-eabi/lib/thumb/v7e-m+dp/hard/libcr_nohost_nf.a(__sys_close.o)
                0x000000006000a4f6                __sys_close
 .text.__sys_flen
                0x000000006000a4fc        0x6 /Applications/MCUXpressoIDE_11.2.1_4149/ide/plugins/com.nxp.mcuxpresso.tools.macosx_11.2.0.202001021529/tools/bin/../lib/gcc/arm-none-eabi/9.2.1/../../../../arm-none-eabi/lib/thumb/v7e-m+dp/hard/libcr_nohost_nf.a(__sys_flen.o)
                0x000000006000a4fc                __sys_flen
 .text.__sys_istty
                0x000000006000a502        0x6 /Applications/MCUXpressoIDE_11.2.1_4149/ide/plugins/com.nxp.mcuxpresso.tools.macosx_11.2.0.202001021529/tools/bin/../lib/gcc/arm-none-eabi/9.2.1/../../../../arm-none-eabi/lib/thumb/v7e-m+dp/hard/libcr_nohost_nf.a(__sys_istty.o)
                0x000000006000a502                __sys_istty
 .text.__sys_remove
                0x000000006000a508        0x6 /Applications/MCUXpressoIDE_11.2.1_4149/ide/plugins/com.nxp.mcuxpresso.tools.macosx_11.2.0.202001021529/tools/bin/../lib/gcc/arm-none-eabi/9.2.1/../../../../arm-none-eabi/lib/thumb/v7e-m+dp/hard/libcr_nohost_nf.a(__sys_remove.o)
                0x000000006000a508                __sys_remove
 .text.__sys_seek
                0x000000006000a50e        0x6 /Applications/MCUXpressoIDE_11.2.1_4149/ide/plugins/com.nxp.mcuxpresso.tools.macosx_11.2.0.202001021529/tools/bin/../lib/gcc/arm-none-eabi/9.2.1/../../../../arm-none-eabi/lib/thumb/v7e-m+dp/hard/libcr_nohost_nf.a(__sys_seek.o)
                0x000000006000a50e                __sys_seek
 .text.__sys_tmpnam
                0x000000006000a514        0x6 /Applications/MCUXpressoIDE_11.2.1_4149/ide/plugins/com.nxp.mcuxpresso.tools.macosx_11.2.0.202001021529/tools/bin/../lib/gcc/arm-none-eabi/9.2.1/../../../../arm-none-eabi/lib/thumb/v7e-m+dp/hard/libcr_nohost_nf.a(__sys_tmpnam.o)
                0x000000006000a514                __sys_tmpnam
 .text.__sys_write
                0x000000006000a51a        0x4 /Applications/MCUXpressoIDE_11.2.1_4149/ide/plugins/com.nxp.mcuxpresso.tools.macosx_11.2.0.202001021529/tools/bin/../lib/gcc/arm-none-eabi/9.2.1/../../../../arm-none-eabi/lib/thumb/v7e-m+dp/hard/libcr_nohost_nf.a(__sys_write.o)
                0x000000006000a51a                __sys_write
 *freertos*/tasks.o(SORT_BY_ALIGNMENT(.rodata*))
 *fill*         0x000000006000a51e        0x2 ff
 .rodata.vTaskStartScheduler.str1.4
                0x000000006000a520        0x5 ./freertos/freertos_kernel/tasks.o
 *fill*         0x000000006000a525        0x3 ff
 .rodata        0x000000006000a528       0x1c ./freertos/freertos_kernel/tasks.o
                0x000000006000a528                portArch_Name
                0x000000006000a52c                FreeRTOSDebugConfig
 *(SORT_BY_ALIGNMENT(.rodata) SORT_BY_ALIGNMENT(.rodata.*) SORT_BY_ALIGNMENT(.constdata) SORT_BY_ALIGNMENT(.constdata.*))
 .rodata.__assertion_failed.str1.4
                0x000000006000a544       0x14 ./utilities/fsl_assert.o
 .rodata.DbgConsole_SendDataReliable.str1.4
                0x000000006000a558       0x4e ./utilities/fsl_debug_console.o
 *fill*         0x000000006000a5a6        0x2 ff
 .rodata.DbgConsole_Init.str1.4
                0x000000006000a5a8       0xcb ./utilities/fsl_debug_console.o
 *fill*         0x000000006000a673        0x1 ff
 .rodata.CLOCK_SetMux.str1.4
                0x000000006000a674       0x7a ./source/freertos_lpi2c.o
 *fill*         0x000000006000a6ee        0x2 ff
 .rodata.CLOCK_SetDiv.str1.4
                0x000000006000a6f0       0x7a ./source/freertos_lpi2c.o
 *fill*         0x000000006000a76a        0x2 ff
 .rodata.main.str1.4
                0x000000006000a76c       0x60 ./source/freertos_lpi2c.o
 .rodata.slave_task.str1.4
                0x000000006000a7cc      0x13d ./source/freertos_lpi2c.o
                                        0x141 (size before relaxing)
 *fill*         0x000000006000a909        0x3 ff
 .rodata.master_task.str1.4
                0x000000006000a90c       0xa0 ./source/freertos_lpi2c.o
 .rodata.xTimerCreateTimerTask.str1.4
                0x000000006000a9ac        0x8 ./freertos/freertos_kernel/timers.o
 .rodata.prvCheckForValidListAndQueue.str1.4
                0x000000006000a9b4        0x5 ./freertos/freertos_kernel/timers.o
 *fill*         0x000000006000a9b9        0x3 ff
 .rodata.CLOCK_InitExternalClk.str1.4
                0x000000006000a9bc       0x22 ./drivers/fsl_clock.o
 *fill*         0x000000006000a9de        0x2 ff
 .rodata.CLOCK_GetPllFreq.str1.4
                0x000000006000a9e0       0x35 ./drivers/fsl_clock.o
 *fill*         0x000000006000aa15        0x3 ff
 .rodata        0x000000006000aa18       0x10 ./drivers/fsl_clock.o
 .rodata.CLOCK_ControlGate.str1.4
                0x000000006000aa28       0x20 ./drivers/fsl_lpi2c.o
 .rodata.kLpi2cBases
                0x000000006000aa48       0x14 ./drivers/fsl_lpi2c.o
 .rodata.kLpi2cIrqs
                0x000000006000aa5c        0xa ./drivers/fsl_lpi2c.o
 *fill*         0x000000006000aa66        0x2 ff
 .rodata.kLpi2cClocks
                0x000000006000aa68        0xa ./drivers/fsl_lpi2c.o
 *fill*         0x000000006000aa72        0x2 ff
 .rodata.LPI2C_GetInstance.str1.4
                0x000000006000aa74       0x36 ./drivers/fsl_lpi2c.o
 *fill*         0x000000006000aaaa        0x2 ff
 .rodata.LPI2C_GetCyclesForWidth.str1.4
                0x000000006000aaac       0x4a ./drivers/fsl_lpi2c.o
 *fill*         0x000000006000aaf6        0x2 ff
 .rodata.LPI2C_MasterTransferCreateHandle.str1.4
                0x000000006000aaf8       0x22 ./drivers/fsl_lpi2c.o
 *fill*         0x000000006000ab1a        0x2 ff
 .rodata.LPI2C_RunTransferStateMachine.str1.4
                0x000000006000ab1c       0x1a ./drivers/fsl_lpi2c.o
 *fill*         0x000000006000ab36        0x2 ff
 .rodata.LPI2C_MasterTransferNonBlocking.str1.4
                0x000000006000ab38       0x99 ./drivers/fsl_lpi2c.o
 *fill*         0x000000006000abd1        0x3 ff
 .rodata.LPI2C_SlaveTransferCreateHandle.str1.4
                0x000000006000abd4       0x23 ./drivers/fsl_lpi2c.o
 *fill*         0x000000006000abf7        0x1 ff
 .rodata.LPI2C_SlaveTransferNonBlocking.str1.4
                0x000000006000abf8       0x23 ./drivers/fsl_lpi2c.o
 .rodata.CLOCK_ControlGate.str1.4
                0x000000006000ac1b       0x20 ./drivers/fsl_lpuart.o
 *fill*         0x000000006000ac1b        0x1 ff
 .rodata.s_lpuartBases
                0x000000006000ac1c       0x24 ./drivers/fsl_lpuart.o
 .rodata.s_lpuartClock
                0x000000006000ac40       0x12 ./drivers/fsl_lpuart.o
 *fill*         0x000000006000ac52        0x2 ff
 .rodata.LPUART_GetInstance.str1.4
                0x000000006000ac54       0x39 ./drivers/fsl_lpuart.o
 *fill*         0x000000006000ac8d        0x3 ff
 .rodata.LPUART_Init.str1.4
                0x000000006000ac90      0x10c ./drivers/fsl_lpuart.o
 .rodata.LPUART_GetDefaultConfig.str1.4
                0x000000006000ad9c       0x23 ./drivers/fsl_lpuart.o
 *fill*         0x000000006000adbf        0x1 ff
 .rodata.LPUART_WriteBlocking.str1.4
                0x000000006000adc0       0x21 ./drivers/fsl_lpuart.o
 *fill*         0x000000006000ade1        0x3 ff
 .rodata.s_LpuartAdapterBase
                0x000000006000ade4       0x24 ./component/uart/lpuart_adapter.o
 .rodata.HAL_UartInit.str1.4
                0x000000006000ae08       0xe2 ./component/uart/lpuart_adapter.o
 *fill*         0x000000006000aeea        0x2 ff
 .rodata.HAL_UartSendBlocking.str1.4
                0x000000006000aeec       0x5f ./component/uart/lpuart_adapter.o
 *fill*         0x000000006000af4b        0x1 ff
 .rodata.SerialManager_Write.str1.4
                0x000000006000af4c       0x83 ./component/serial_manager/serial_manager.o
 *fill*         0x000000006000afcf        0x1 ff
 .rodata.SerialManager_Init.str1.4
                0x000000006000afd0       0x45 ./component/serial_manager/serial_manager.o
 *fill*         0x000000006000b015        0x3 ff
 .rodata.SerialManager_OpenWriteHandle.str1.4
                0x000000006000b018       0x4d ./component/serial_manager/serial_manager.o
 *fill*         0x000000006000b065        0x3 ff
 .rodata.SerialManager_OpenReadHandle.str1.4
                0x000000006000b068       0x4c ./component/serial_manager/serial_manager.o
 .rodata.Serial_UartInit.str1.4
                0x000000006000b0b4       0x4f ./component/serial_manager/serial_port_uart.o
 *fill*         0x000000006000b103        0x1 ff
 .rodata.Serial_UartWrite.str1.4
                0x000000006000b104       0x6d ./component/serial_manager/serial_port_uart.o
 *fill*         0x000000006000b171        0x3 ff
 .rodata.BOARD_ConfigMPU.str1.4
                0x000000006000b174       0x6a ./board/board.o
 .rodata.CLOCK_SetMux.str1.4
                0x000000006000b1de       0x7a ./board/clock_config.o
 .rodata.CLOCK_SetDiv.str1.4
                0x000000006000b1de       0x7a ./board/clock_config.o
 *fill*         0x000000006000b1de        0x2 ff
 .rodata.CLOCK_ControlGate.str1.4
                0x000000006000b1e0       0x69 ./board/clock_config.o
 *fill*         0x000000006000b249        0x3 ff
 .rodata.sysPllConfig_BOARD_BootClockRUN
                0x000000006000b24c       0x14 ./board/clock_config.o
                0x000000006000b24c                sysPllConfig_BOARD_BootClockRUN
 .rodata.enetPllConfig_BOARD_BootClockRUN
                0x000000006000b260        0x5 ./board/clock_config.o
                0x000000006000b260                enetPllConfig_BOARD_BootClockRUN
 .rodata.CLOCK_ControlGate.str1.4
                0x000000006000b265       0x69 ./board/pin_mux.o
 *fill*         0x000000006000b265        0x3 ff
 .rodata.__num_Ciob_streams
                0x000000006000b268        0x4 /Applications/MCUXpressoIDE_11.2.1_4149/ide/plugins/com.nxp.mcuxpresso.tools.macosx_11.2.0.202001021529/tools/bin/../lib/gcc/arm-none-eabi/9.2.1/../../../../arm-none-eabi/lib/thumb/v7e-m+dp/hard/libcr_nohost_nf.a(__ciob.o)
                0x000000006000b268                __num_Ciob_streams
 .rodata._initio.str1.1
                0x000000006000b26c        0x4 /Applications/MCUXpressoIDE_11.2.1_4149/ide/plugins/com.nxp.mcuxpresso.tools.macosx_11.2.0.202001021529/tools/bin/../lib/gcc/arm-none-eabi/9.2.1/../../../../arm-none-eabi/lib/thumb/v7e-m+dp/hard/libcr_c.a(initio.o)
                0x000000006000b270                . = ALIGN (0x4)

.glue_7         0x000000006000b270        0x0
 .glue_7        0x000000006000b270        0x0 linker stubs

.glue_7t        0x000000006000b270        0x0
 .glue_7t       0x000000006000b270        0x0 linker stubs

.vfp11_veneer   0x000000006000b270        0x0
 .vfp11_veneer  0x000000006000b270        0x0 linker stubs

.v4_bx          0x000000006000b270        0x0
 .v4_bx         0x000000006000b270        0x0 linker stubs

.iplt           0x000000006000b270        0x0
 .iplt          0x000000006000b270        0x0 ./xip/evkmimxrt1020_flexspi_nor_config.o

.rel.dyn        0x000000006000b270        0x0
 .rel.iplt      0x000000006000b270        0x0 ./xip/evkmimxrt1020_flexspi_nor_config.o

.ARM.extab
 *(SORT_BY_ALIGNMENT(.ARM.extab*) SORT_BY_ALIGNMENT(.gnu.linkonce.armextab.*))

.ARM.exidx      0x000000006000b270        0x0
                0x000000006000b270                __exidx_start = .
 *(SORT_BY_ALIGNMENT(.ARM.exidx*) SORT_BY_ALIGNMENT(.gnu.linkonce.armexidx.*))
                0x000000006000b270                __exidx_end = .
                0x000000006000b270                _etext = .

.data_RAM2      0x0000000000000000        0x0 load address 0x000000006000b270
 FILL mask 0xff
                [!provide]                        PROVIDE (__start_data_RAM2 = .)
                [!provide]                        PROVIDE (__start_data_SRAM_ITC = .)
 *(SORT_BY_ALIGNMENT(.ramfunc.$RAM2))
 *(SORT_BY_ALIGNMENT(.ramfunc.$SRAM_ITC))
 *(SORT_BY_ALIGNMENT(.data.$RAM2))
 *(SORT_BY_ALIGNMENT(.data.$SRAM_ITC))
 *(SORT_BY_ALIGNMENT(.data.$RAM2.*))
 *(SORT_BY_ALIGNMENT(.data.$SRAM_ITC.*))
                0x0000000000000000                . = ALIGN (0x4)
                [!provide]                        PROVIDE (__end_data_RAM2 = .)
                [!provide]                        PROVIDE (__end_data_SRAM_ITC = .)

.data_RAM3      0x0000000020200000        0x0 load address 0x000000006000b270
 FILL mask 0xff
                [!provide]                        PROVIDE (__start_data_RAM3 = .)