Archive member included to satisfy reference by file (symbol)

/Applications/MCUXpressoIDE_11.2.1_4149/ide/plugins/com.nxp.mcuxpresso.tools.macosx_11.2.0.202001021529/tools/bin/../lib/gcc/arm-none-eabi/9.2.1/../../../../arm-none-eabi/lib/thumb/v7e-m+dp/hard/libcr_nohost_nf.a(_cr__main.o)
                              ./startup/startup_mimxrt1021.o (__main)
/Applications/MCUXpressoIDE_11.2.1_4149/ide/plugins/com.nxp.mcuxpresso.tools.macosx_11.2.0.202001021529/tools/bin/../lib/gcc/arm-none-eabi/9.2.1/../../../../arm-none-eabi/lib/thumb/v7e-m+dp/hard/libcr_c.a(memcpy.o)
                              ./utilities/fsl_str.o (memcpy)
/Applications/MCUXpressoIDE_11.2.1_4149/ide/plugins/com.nxp.mcuxpresso.tools.macosx_11.2.0.202001021529/tools/bin/../lib/gcc/arm-none-eabi/9.2.1/../../../../arm-none-eabi/lib/thumb/v7e-m+dp/hard/libcr_c.a(memset.o)
                              ./utilities/fsl_debug_console.o (memset)
/Applications/MCUXpressoIDE_11.2.1_4149/ide/plugins/com.nxp.mcuxpresso.tools.macosx_11.2.0.202001021529/tools/bin/../lib/gcc/arm-none-eabi/9.2.1/../../../../arm-none-eabi/lib/thumb/v7e-m+dp/hard/libcr_c.a(alloc.o)
                              ./drivers/fsl_common.o (malloc)
/Applications/MCUXpressoIDE_11.2.1_4149/ide/plugins/com.nxp.mcuxpresso.tools.macosx_11.2.0.202001021529/tools/bin/../lib/gcc/arm-none-eabi/9.2.1/../../../../arm-none-eabi/lib/thumb/v7e-m+dp/hard/libcr_c.a(initio.o)
                              /Applications/MCUXpressoIDE_11.2.1_4149/ide/plugins/com.nxp.mcuxpresso.tools.macosx_11.2.0.202001021529/tools/bin/../lib/gcc/arm-none-eabi/9.2.1/../../../../arm-none-eabi/lib/thumb/v7e-m+dp/hard/libcr_nohost_nf.a(_cr__main.o) (_initio)
/Applications/MCUXpressoIDE_11.2.1_4149/ide/plugins/com.nxp.mcuxpresso.tools.macosx_11.2.0.202001021529/tools/bin/../lib/gcc/arm-none-eabi/9.2.1/../../../../arm-none-eabi/lib/thumb/v7e-m+dp/hard/libcr_c.a(scanf.o)
                              ./utilities/fsl_str.o (strtoul)
/Applications/MCUXpressoIDE_11.2.1_4149/ide/plugins/com.nxp.mcuxpresso.tools.macosx_11.2.0.202001021529/tools/bin/../lib/gcc/arm-none-eabi/9.2.1/../../../../arm-none-eabi/lib/thumb/v7e-m+dp/hard/libcr_c.a(setvbuf.o)
                              /Applications/MCUXpressoIDE_11.2.1_4149/ide/plugins/com.nxp.mcuxpresso.tools.macosx_11.2.0.202001021529/tools/bin/../lib/gcc/arm-none-eabi/9.2.1/../../../../arm-none-eabi/lib/thumb/v7e-m+dp/hard/libcr_c.a(initio.o) (setvbuf)
/Applications/MCUXpressoIDE_11.2.1_4149/ide/plugins/com.nxp.mcuxpresso.tools.macosx_11.2.0.202001021529/tools/bin/../lib/gcc/arm-none-eabi/9.2.1/../../../../arm-none-eabi/lib/thumb/v7e-m+dp/hard/libcr_c.a(strlen.o)
                              ./utilities/fsl_str.o (strlen)
/Applications/MCUXpressoIDE_11.2.1_4149/ide/plugins/com.nxp.mcuxpresso.tools.macosx_11.2.0.202001021529/tools/bin/../lib/gcc/arm-none-eabi/9.2.1/../../../../arm-none-eabi/lib/thumb/v7e-m+dp/hard/libcr_c.a(ungetc.o)
                              /Applications/MCUXpressoIDE_11.2.1_4149/ide/plugins/com.nxp.mcuxpresso.tools.macosx_11.2.0.202001021529/tools/bin/../lib/gcc/arm-none-eabi/9.2.1/../../../../arm-none-eabi/lib/thumb/v7e-m+dp/hard/libcr_c.a(scanf.o) (ungetc)
/Applications/MCUXpressoIDE_11.2.1_4149/ide/plugins/com.nxp.mcuxpresso.tools.macosx_11.2.0.202001021529/tools/bin/../lib/gcc/arm-none-eabi/9.2.1/../../../../arm-none-eabi/lib/thumb/v7e-m+dp/hard/libcr_c.a(__fillbuf.o)
                              /Applications/MCUXpressoIDE_11.2.1_4149/ide/plugins/com.nxp.mcuxpresso.tools.macosx_11.2.0.202001021529/tools/bin/../lib/gcc/arm-none-eabi/9.2.1/../../../../arm-none-eabi/lib/thumb/v7e-m+dp/hard/libcr_c.a(scanf.o) (__filbuf)
/Applications/MCUXpressoIDE_11.2.1_4149/ide/plugins/com.nxp.mcuxpresso.tools.macosx_11.2.0.202001021529/tools/bin/../lib/gcc/arm-none-eabi/9.2.1/../../../../arm-none-eabi/lib/thumb/v7e-m+dp/hard/libcr_c.a(__init_alloc.o)
                              /Applications/MCUXpressoIDE_11.2.1_4149/ide/plugins/com.nxp.mcuxpresso.tools.macosx_11.2.0.202001021529/tools/bin/../lib/gcc/arm-none-eabi/9.2.1/../../../../arm-none-eabi/lib/thumb/v7e-m+dp/hard/libcr_c.a(alloc.o) (__heaps)
/Applications/MCUXpressoIDE_11.2.1_4149/ide/plugins/com.nxp.mcuxpresso.tools.macosx_11.2.0.202001021529/tools/bin/../lib/gcc/arm-none-eabi/9.2.1/../../../../arm-none-eabi/lib/thumb/v7e-m+dp/hard/libcr_c.a(_cr_sbrk.o)
                              /Applications/MCUXpressoIDE_11.2.1_4149/ide/plugins/com.nxp.mcuxpresso.tools.macosx_11.2.0.202001021529/tools/bin/../lib/gcc/arm-none-eabi/9.2.1/../../../../arm-none-eabi/lib/thumb/v7e-m+dp/hard/libcr_c.a(alloc.o) (_sbrk)
/Applications/MCUXpressoIDE_11.2.1_4149/ide/plugins/com.nxp.mcuxpresso.tools.macosx_11.2.0.202001021529/tools/bin/../lib/gcc/arm-none-eabi/9.2.1/../../../../arm-none-eabi/lib/thumb/v7e-m+dp/hard/libcr_c.a(_deferredlazyseek.o)
[...]
Memory Configuration

Name             Origin             Length             Attributes
BOARD_FLASH      0x0000000060000000 0x0000000000800000 xr
SRAM_DTC         0x0000000020000000 0x0000000000010000 xrw
SRAM_ITC         0x0000000000000000 0x0000000000010000 xrw
SRAM_OC          0x0000000020200000 0x0000000000020000 xrw
BOARD_SDRAM      0x0000000080000000 0x0000000001e00000 xrw
NCACHE_REGION    0x0000000081e00000 0x0000000000200000 xrw
*default*        0x0000000000000000 0xffffffffffffffff

Linker script and memory map

LOAD ./xip/evkmimxrt1020_flexspi_nor_config.o
LOAD ./xip/fsl_flexspi_nor_boot.o
LOAD ./utilities/fsl_assert.o
LOAD ./utilities/fsl_debug_console.o
LOAD ./utilities/fsl_str.o
LOAD ./startup/startup_mimxrt1021.o
LOAD ./source/freertos_lpuart.o
LOAD ./source/semihost_hardfault.o
LOAD ./freertos/freertos_kernel/portable/MemMang/heap_4.o
LOAD ./freertos/freertos_kernel/portable/GCC/ARM_CM4F/port.o
LOAD ./freertos/freertos_kernel/croutine.o
LOAD ./freertos/freertos_kernel/event_groups.o
LOAD ./freertos/freertos_kernel/list.o
LOAD ./freertos/freertos_kernel/queue.o
LOAD ./freertos/freertos_kernel/stream_buffer.o
LOAD ./freertos/freertos_kernel/tasks.o
LOAD ./freertos/freertos_kernel/timers.o
LOAD ./drivers/freertos/fsl_lpuart_freertos.o
LOAD ./drivers/fsl_clock.o
LOAD ./drivers/fsl_common.o
LOAD ./drivers/fsl_gpio.o
LOAD ./drivers/fsl_lpuart.o
LOAD ./device/system_MIMXRT1021.o
LOAD ./component/uart/lpuart_adapter.o
LOAD ./component/serial_manager/serial_manager.o
LOAD ./component/serial_manager/serial_port_uart.o
LOAD ./component/lists/generic_list.o
LOAD ./board/board.o
LOAD ./board/clock_config.o
LOAD ./board/dcd.o
LOAD ./board/pin_mux.o
START GROUP
LOAD /Applications/MCUXpressoIDE_11.2.1_4149/ide/plugins/com.nxp.mcuxpresso.tools.macosx_11.2.0.202001021529/tools/bin/../lib/gcc/arm-none-eabi/9.2.1/../../../../arm-none-eabi/lib/thumb/v7e-m+dp/hard/libcr_nohost_nf.a
LOAD /Applications/MCUXpressoIDE_11.2.1_4149/ide/plugins/com.nxp.mcuxpresso.tools.macosx_11.2.0.202001021529/tools/bin/../lib/gcc/arm-none-eabi/9.2.1/../../../../arm-none-eabi/lib/thumb/v7e-m+dp/hard/libcr_c.a
LOAD /Applications/MCUXpressoIDE_11.2.1_4149/ide/plugins/com.nxp.mcuxpresso.tools.macosx_11.2.0.202001021529/tools/bin/../lib/gcc/arm-none-eabi/9.2.1/thumb/v7e-m+dp/hard/libcr_eabihelpers.a
LOAD /Applications/MCUXpressoIDE_11.2.1_4149/ide/plugins/com.nxp.mcuxpresso.tools.macosx_11.2.0.202001021529/tools/bin/../lib/gcc/arm-none-eabi/9.2.1/thumb/v7e-m+dp/hard/libgcc.a
END GROUP
                0x0000000060000000                __base_BOARD_FLASH = 0x60000000
                0x0000000060000000                __base_Flash = 0x60000000
                0x0000000060800000                __top_BOARD_FLASH = 0x60800000
                0x0000000060800000                __top_Flash = 0x60800000
                0x0000000020000000                __base_SRAM_DTC = 0x20000000
                0x0000000020000000                __base_RAM = 0x20000000
                0x0000000020010000                __top_SRAM_DTC = 0x20010000
                0x0000000020010000                __top_RAM = 0x20010000
                0x0000000000000000                __base_SRAM_ITC = 0x0
                0x0000000000000000                __base_RAM2 = 0x0
                0x0000000000010000                __top_SRAM_ITC = 0x10000
                0x0000000000010000                __top_RAM2 = 0x10000
                0x0000000020200000                __base_SRAM_OC = 0x20200000
                0x0000000020200000                __base_RAM3 = 0x20200000
                0x0000000020220000                __top_SRAM_OC = 0x20220000
                0x0000000020220000                __top_RAM3 = 0x20220000
                0x0000000080000000                __base_BOARD_SDRAM = 0x80000000
                0x0000000080000000                __base_RAM4 = 0x80000000
                0x0000000081e00000                __top_BOARD_SDRAM = 0x81e00000
                0x0000000081e00000                __top_RAM4 = 0x81e00000
                0x0000000081e00000                __base_NCACHE_REGION = 0x81e00000
                0x0000000081e00000                __base_RAM5 = 0x81e00000
                0x0000000082000000                __top_NCACHE_REGION = 0x82000000
                0x0000000082000000                __top_RAM5 = 0x82000000

.boot_hdr       0x0000000060000000     0x2000
 FILL mask 0xff
                0x0000000060000000                __boot_hdr_start__ = ABSOLUTE (.)
 *(SORT_BY_ALIGNMENT(.boot_hdr.conf))
 .boot_hdr.conf
                0x0000000060000000      0x200 ./xip/evkmimxrt1020_flexspi_nor_config.o
                0x0000000060000000                qspiflash_config
                0x0000000000001000                . = 0x1000
 *fill*         0x0000000060000200      0xe00 ff
 *(SORT_BY_ALIGNMENT(.boot_hdr.ivt))
 .boot_hdr.ivt  0x0000000060001000       0x20 ./xip/fsl_flexspi_nor_boot.o
                0x0000000060001000                image_vector_table
                0x0000000000001020                . = 0x1020
 *(SORT_BY_ALIGNMENT(.boot_hdr.boot_data))
 .boot_hdr.boot_data
                0x0000000060001020       0x10 ./xip/fsl_flexspi_nor_boot.o
                0x0000000060001020                boot_data
                0x0000000000001030                . = 0x1030
 *(SORT_BY_ALIGNMENT(.boot_hdr.dcd_data))
                0x0000000060001030                __boot_hdr_end__ = ABSOLUTE (.)
                0x0000000000002000                . = 0x2000
 *fill*         0x0000000060001030      0xfd0 ff

.text           0x0000000060002000     0x80cc
 FILL mask 0xff
                0x0000000060002000                __vectors_start__ = ABSOLUTE (.)
 *(SORT_BY_ALIGNMENT(.isr_vector))
 .isr_vector    0x0000000060002000      0x278 ./startup/startup_mimxrt1021.o
                0x0000000060002000                __Vectors
                0x0000000060002000                g_pfnVectors
                0x0000000060002278                . = ALIGN (0x4)
                0x0000000060002278                __section_table_start = .
                0x0000000060002278                __data_section_table = .
                0x0000000060002278        0x4 LONG 0x6000a0cc LOADADDR (.data)
                0x000000006000227c        0x4 LONG 0x20000000 ADDR (.data)
                0x0000000060002280        0x4 LONG 0x30 SIZEOF (.data)
                0x0000000060002284        0x4 LONG 0x6000a0cc LOADADDR (.data_RAM2)
                0x0000000060002288        0x4 LONG 0x0 ADDR (.data_RAM2)
                0x000000006000228c        0x4 LONG 0x0 SIZEOF (.data_RAM2)
                0x0000000060002290        0x4 LONG 0x6000a0cc LOADADDR (.data_RAM3)
                0x0000000060002294        0x4 LONG 0x20200000 ADDR (.data_RAM3)
                0x0000000060002298        0x4 LONG 0x0 SIZEOF (.data_RAM3)
                0x000000006000229c        0x4 LONG 0x6000a0cc LOADADDR (.data_RAM4)
                0x00000000600022a0        0x4 LONG 0x80000000 ADDR (.data_RAM4)
                0x00000000600022a4        0x4 LONG 0x0 SIZEOF (.data_RAM4)
                0x00000000600022a8        0x4 LONG 0x6000a0cc LOADADDR (.data_RAM5)
                0x00000000600022ac        0x4 LONG 0x81e00000 ADDR (.data_RAM5)
                0x00000000600022b0        0x4 LONG 0x0 SIZEOF (.data_RAM5)
                0x00000000600022b4                __data_section_table_end = .
                0x00000000600022b4                __bss_section_table = .
                0x00000000600022b4        0x4 LONG 0x20000030 ADDR (.bss)
                0x00000000600022b8        0x4 LONG 0x2b2c SIZEOF (.bss)
                0x00000000600022bc        0x4 LONG 0x0 ADDR (.bss_RAM2)
                0x00000000600022c0        0x4 LONG 0x0 SIZEOF (.bss_RAM2)
                0x00000000600022c4        0x4 LONG 0x20200000 ADDR (.bss_RAM3)
                0x00000000600022c8        0x4 LONG 0x0 SIZEOF (.bss_RAM3)
                0x00000000600022cc        0x4 LONG 0x80000000 ADDR (.bss_RAM4)
                0x00000000600022d0        0x4 LONG 0x0 SIZEOF (.bss_RAM4)
                0x00000000600022d4        0x4 LONG 0x81e00000 ADDR (.bss_RAM5)
                0x00000000600022d8        0x4 LONG 0x0 SIZEOF (.bss_RAM5)
                0x00000000600022dc                __bss_section_table_end = .
                0x00000000600022dc                __section_table_end = .
 *(SORT_BY_ALIGNMENT(.after_vectors*))
 .after_vectors.reset
                0x00000000600022dc       0x4c ./startup/startup_mimxrt1021.o
                0x00000000600022dc                ResetISR
 .after_vectors.init_data
                0x0000000060002328       0x1e ./startup/startup_mimxrt1021.o
                0x0000000060002328                data_init
 .after_vectors.init_bss
                0x0000000060002346       0x12 ./startup/startup_mimxrt1021.o
                0x0000000060002346                bss_init
 .after_vectors
                0x0000000060002358       0x14 ./startup/startup_mimxrt1021.o
                0x0000000060002358                NMI_Handler
                0x000000006000235c                MemManage_Handler
                0x000000006000235e                BusFault_Handler
                0x0000000060002360                UsageFault_Handler
                0x0000000060002364                DebugMon_Handler
                0x000000006000236a                CCM_2_DriverIRQHandler
                0x000000006000236a                PIT_DriverIRQHandler
                0x000000006000236a                Reserved102_DriverIRQHandler
                0x000000006000236a                Reserved152_DriverIRQHandler
                0x000000006000236a                DMA13_DMA29_DriverIRQHandler
                0x000000006000236a                FLEXRAM_DriverIRQHandler
                0x000000006000236a                LPSPI4_DriverIRQHandler
                0x000000006000236a                SEMC_DriverIRQHandler
                0x000000006000236a                SPDIF_DriverIRQHandler
                0x000000006000236a                USB_PHY_DriverIRQHandler
                0x000000006000236a                GPIO3_Combined_0_15_DriverIRQHandler
                0x000000006000236a                Reserved82_DriverIRQHandler
                0x000000006000236a                DMA7_DMA23_DriverIRQHandler
                0x000000006000236a                BEE_DriverIRQHandler
                0x000000006000236a                LPI2C3_DriverIRQHandler
                0x000000006000236a                GPR_IRQ_DriverIRQHandler
                0x000000006000236a                Reserved103_DriverIRQHandler
                0x000000006000236a                PWM2_FAULT_DriverIRQHandler
                0x000000006000236a                Reserved56_DriverIRQHandler
                0x000000006000236a                DMA14_DMA30_DriverIRQHandler
                0x000000006000236a                TMR1_DriverIRQHandler
                0x000000006000236a                TRNG_DriverIRQHandler
                0x000000006000236a                ENET_1588_Timer_DriverIRQHandler
                0x000000006000236a                GPIO2_Combined_16_31_DriverIRQHandler
                0x000000006000236a                Reserved143_DriverIRQHandler
                0x000000006000236a                Reserved151_DriverIRQHandler
                0x000000006000236a                DMA0_DMA16_DriverIRQHandler
                0x000000006000236a                IntDefaultHandler
                0x000000006000236a                DMA2_DMA18_DriverIRQHandler
                0x000000006000236a                SRC_DriverIRQHandler
                0x000000006000236a                GPIO1_INT4_DriverIRQHandler
                0x000000006000236a                Reserved144_DriverIRQHandler
                0x000000006000236a                USDHC1_DriverIRQHandler
                0x000000006000236a                EWM_DriverIRQHandler
                0x000000006000236a                WDOG1_DriverIRQHandler
                0x000000006000236a                FLEXIO1_DriverIRQHandler
                0x000000006000236a                ENET_DriverIRQHandler
                0x000000006000236a                Reserved78_DriverIRQHandler
                0x000000006000236a                ENC2_DriverIRQHandler
                0x000000006000236a                ADC_ETC_IRQ2_DriverIRQHandler
                0x000000006000236a                GPIO1_Combined_16_31_DriverIRQHandler
                0x000000006000236a                GPIO1_INT7_DriverIRQHandler
                0x000000006000236a                SAI1_DriverIRQHandler
                0x000000006000236a                DCDC_DriverIRQHandler
                0x000000006000236a                DMA12_DMA28_DriverIRQHandler
                0x000000006000236a                ADC_ETC_ERROR_IRQ_DriverIRQHandler
                0x000000006000236a                ACMP2_DriverIRQHandler
                0x000000006000236a                GPIO5_Combined_0_15_DriverIRQHandler
                0x000000006000236a                GPIO1_INT0_DriverIRQHandler
                0x000000006000236a                GPIO1_INT2_DriverIRQHandler
                0x000000006000236a                RTWDOG_DriverIRQHandler
                0x000000006000236a                FLEXSPI_DriverIRQHandler
                0x000000006000236a                GPT2_DriverIRQHandler
                0x000000006000236a                DMA10_DMA26_DriverIRQHandler
                0x000000006000236a                PWM2_1_DriverIRQHandler
                0x000000006000236a                PWM1_1_DriverIRQHandler
                0x000000006000236a                ADC1_DriverIRQHandler
                0x000000006000236a                Reserved148_DriverIRQHandler
                0x000000006000236a                PWM1_0_DriverIRQHandler
                0x000000006000236a                DMA1_DMA17_DriverIRQHandler
                0x000000006000236a                ENC1_DriverIRQHandler
                0x000000006000236a                CAN2_DriverIRQHandler
                0x000000006000236a                DCP_DriverIRQHandler
                0x000000006000236a                CTI0_ERROR_DriverIRQHandler
                0x000000006000236a                DMA8_DMA24_DriverIRQHandler
                0x000000006000236a                GPT1_DriverIRQHandler
                0x000000006000236a                ACMP3_DriverIRQHandler
                0x000000006000236a                DMA6_DMA22_DriverIRQHandler
                0x000000006000236a                CSU_DriverIRQHandler
                0x000000006000236a                GPIO1_INT5_DriverIRQHandler
                0x000000006000236a                TMR2_DriverIRQHandler
                0x000000006000236a                CTI1_ERROR_DriverIRQHandler
                0x000000006000236a                GPIO1_Combined_0_15_DriverIRQHandler
                0x000000006000236a                USDHC2_DriverIRQHandler
                0x000000006000236a                SAI2_DriverIRQHandler
                0x000000006000236a                CORE_DriverIRQHandler
                0x000000006000236a                Reserved147_DriverIRQHandler
                0x000000006000236a                DMA11_DMA27_DriverIRQHandler
                0x000000006000236a                PWM2_3_DriverIRQHandler
                0x000000006000236a                Reserved60_DriverIRQHandler
                0x000000006000236a                XBAR1_IRQ_2_3_DriverIRQHandler
                0x000000006000236a                SNVS_HP_WRAPPER_TZ_DriverIRQHandler
                0x000000006000236a                GPIO3_Combined_16_31_DriverIRQHandler
                0x000000006000236a                PWM1_FAULT_DriverIRQHandler
                0x000000006000236a                LPI2C1_DriverIRQHandler
                0x000000006000236a                PWM2_2_DriverIRQHandler
                0x000000006000236a                Reserved128_DriverIRQHandler
                0x000000006000236a                DMA4_DMA20_DriverIRQHandler
                0x000000006000236a                DMA9_DMA25_DriverIRQHandler
                0x000000006000236a                SNVS_HP_WRAPPER_DriverIRQHandler
                0x000000006000236a                XBAR1_IRQ_0_1_DriverIRQHandler
                0x000000006000236a                ADC_ETC_IRQ1_DriverIRQHandler
                0x000000006000236a                LPSPI1_DriverIRQHandler
                0x000000006000236a                DMA3_DMA19_DriverIRQHandler
                0x000000006000236a                GPIO1_INT3_DriverIRQHandler
                0x000000006000236a                DCP_VMI_DriverIRQHandler
                0x000000006000236a                LPI2C4_DriverIRQHandler
                0x000000006000236a                GPC_DriverIRQHandler
                0x000000006000236a                Reserved123_DriverIRQHandler
                0x000000006000236a                GPIO2_Combined_0_15_DriverIRQHandler
                0x000000006000236a                PWM1_2_DriverIRQHandler
                0x000000006000236a                USB_OTG1_DriverIRQHandler
                0x000000006000236a                TEMP_LOW_HIGH_DriverIRQHandler
                0x000000006000236a                SAI3_TX_DriverIRQHandler
                0x000000006000236a                WDOG2_DriverIRQHandler
                0x000000006000236a                Reserved68_DriverIRQHandler
                0x000000006000236a                PMU_DriverIRQHandler
                0x000000006000236a                Reserved59_DriverIRQHandler
                0x000000006000236a                GPIO5_Combined_16_31_DriverIRQHandler
                0x000000006000236a                DMA5_DMA21_DriverIRQHandler
                0x000000006000236a                CCM_1_DriverIRQHandler
                0x000000006000236a                ADC2_DriverIRQHandler
                0x000000006000236a                Reserved58_DriverIRQHandler
                0x000000006000236a                Reserved115_DriverIRQHandler
                0x000000006000236a                TEMP_PANIC_DriverIRQHandler
                0x000000006000236a                DMA15_DMA31_DriverIRQHandler
                0x000000006000236a                Reserved107_DriverIRQHandler
                0x000000006000236a                LPSPI3_DriverIRQHandler
                0x000000006000236a                PWM1_3_DriverIRQHandler
                0x000000006000236a                Reserved70_DriverIRQHandler
                0x000000006000236a                ACMP1_DriverIRQHandler
                0x000000006000236a                LPI2C2_DriverIRQHandler
                0x000000006000236a                Reserved86_DriverIRQHandler
                0x000000006000236a                DMA_ERROR_DriverIRQHandler
                0x000000006000236a                ADC_ETC_IRQ0_DriverIRQHandler
                0x000000006000236a                CAN1_DriverIRQHandler
                0x000000006000236a                GPIO1_INT6_DriverIRQHandler
                0x000000006000236a                GPIO1_INT1_DriverIRQHandler
                0x000000006000236a                PWM2_0_DriverIRQHandler
                0x000000006000236a                ACMP4_DriverIRQHandler
                0x000000006000236a                SNVS_LP_WRAPPER_DriverIRQHandler
                0x000000006000236a                Reserved87_DriverIRQHandler
                0x000000006000236a                KPP_DriverIRQHandler
                0x000000006000236a                LPSPI2_DriverIRQHandler
                0x000000006000236a                SAI3_RX_DriverIRQHandler
 *(SORT_BY_ALIGNMENT(.text*))
 *fill*         0x000000006000236c        0x4 ff
 .text.SVC_Handler
                0x0000000060002370       0x28 ./freertos/freertos_kernel/portable/GCC/ARM_CM4F/port.o
                0x0000000060002370                SVC_Handler
 *fill*         0x0000000060002398        0x8 ff
 .text.PendSV_Handler
                0x00000000600023a0       0x68 ./freertos/freertos_kernel/portable/GCC/ARM_CM4F/port.o
                0x00000000600023a0                PendSV_Handler
 .text.__assertion_failed
                0x0000000060002408       0x18 ./utilities/fsl_assert.o
                0x0000000060002408                __assertion_failed
 .text.DbgConsole_SendDataReliable
                0x0000000060002420       0x64 ./utilities/fsl_debug_console.o
                0x0000000060002420                DbgConsole_SendDataReliable
 .text.DbgConsole_Printf
                0x0000000060002484       0x78 ./utilities/fsl_debug_console.o
                0x0000000060002484                DbgConsole_Printf
 .text.__NVIC_SetPriority
                0x00000000600024fc       0x54 ./source/freertos_lpuart.o
 .text.main     0x0000000060002550       0x50 ./source/freertos_lpuart.o
                0x0000000060002550                main
 .text.uart_task
                0x00000000600025a0      0x120 ./source/freertos_lpuart.o
 .text.pvPortMalloc
                0x00000000600026c0      0x198 ./freertos/freertos_kernel/portable/MemMang/heap_4.o
                0x00000000600026c0                pvPortMalloc
 .text.vPortFree
                0x0000000060002858       0xc4 ./freertos/freertos_kernel/portable/MemMang/heap_4.o
                0x0000000060002858                vPortFree
 .text.prvHeapInit
                0x000000006000291c       0xc4 ./freertos/freertos_kernel/portable/MemMang/heap_4.o
 .text.prvInsertBlockIntoFreeList
                0x00000000600029e0       0xb4 ./freertos/freertos_kernel/portable/MemMang/heap_4.o
 .text.pxPortInitialiseStack
                0x0000000060002a94       0x68 ./freertos/freertos_kernel/portable/GCC/ARM_CM4F/port.o
                0x0000000060002a94                pxPortInitialiseStack
 .text.prvTaskExitError
                0x0000000060002afc       0x58 ./freertos/freertos_kernel/portable/GCC/ARM_CM4F/port.o
 .text.prvPortStartFirstTask
                0x0000000060002b54       0x28 ./freertos/freertos_kernel/portable/GCC/ARM_CM4F/port.o
 .text.xPortStartScheduler
                0x0000000060002b7c      0x144 ./freertos/freertos_kernel/portable/GCC/ARM_CM4F/port.o
                0x0000000060002b7c                xPortStartScheduler
 .text.vPortEnterCritical
                0x0000000060002cc0       0x60 ./freertos/freertos_kernel/portable/GCC/ARM_CM4F/port.o
                0x0000000060002cc0                vPortEnterCritical
 .text.vPortExitCritical
                0x0000000060002d20       0x54 ./freertos/freertos_kernel/portable/GCC/ARM_CM4F/port.o
                0x0000000060002d20                vPortExitCritical
 .text.SysTick_Handler
                0x0000000060002d74       0x44 ./freertos/freertos_kernel/portable/GCC/ARM_CM4F/port.o
                0x0000000060002d74                SysTick_Handler
 .text.vPortSetupTimerInterrupt
                0x0000000060002db8       0x48 ./freertos/freertos_kernel/portable/GCC/ARM_CM4F/port.o
                0x0000000060002db8                vPortSetupTimerInterrupt
 .text.vPortEnableVFP
                0x0000000060002e00       0x14 ./freertos/freertos_kernel/portable/GCC/ARM_CM4F/port.o
 .text.vPortValidateInterruptPriority
                0x0000000060002e14       0x80 ./freertos/freertos_kernel/portable/GCC/ARM_CM4F/port.o
                0x0000000060002e14                vPortValidateInterruptPriority
 .text.xEventGroupWaitBits
                0x0000000060002e94      0x19c ./freertos/freertos_kernel/event_groups.o
                0x0000000060002e94                xEventGroupWaitBits
 .text.xEventGroupSetBitsFromISR
                0x0000000060003030       0x28 ./freertos/freertos_kernel/event_groups.o
                0x0000000060003030                xEventGroupSetBitsFromISR
 .text.xQueueGenericReset
                0x0000000060003058       0xd0 ./freertos/freertos_kernel/queue.o
                0x0000000060003058                xQueueGenericReset
 .text.xQueueGenericSend
                0x0000000060003128      0x1fc ./freertos/freertos_kernel/queue.o
                0x0000000060003128                xQueueGenericSend
 .text.xQueueReceive
                0x0000000060003324      0x1c0 ./freertos/freertos_kernel/queue.o
                0x0000000060003324                xQueueReceive
 .text.xQueueSemaphoreTake
                0x00000000600034e4      0x21c ./freertos/freertos_kernel/queue.o
                0x00000000600034e4                xQueueSemaphoreTake
 .text.vQueueAddToRegistry
                0x0000000060003700       0x54 ./freertos/freertos_kernel/queue.o
                0x0000000060003700                vQueueAddToRegistry
 .text.vQueueUnregisterQueue
                0x0000000060003754       0x54 ./freertos/freertos_kernel/queue.o
                0x0000000060003754                vQueueUnregisterQueue
 .text.prvAddNewTaskToReadyList
                0x00000000600037a8       0xdc ./freertos/freertos_kernel/tasks.o
 .text.vTaskSuspend
                0x0000000060003884      0x124 ./freertos/freertos_kernel/tasks.o
                0x0000000060003884                vTaskSuspend
 .text.vTaskStartScheduler
                0x00000000600039a8       0x9c ./freertos/freertos_kernel/tasks.o
                0x00000000600039a8                vTaskStartScheduler
 .text.vTaskSuspendAll
                0x0000000060003a44       0x1c ./freertos/freertos_kernel/tasks.o
                0x0000000060003a44                vTaskSuspendAll
 .text.xTaskResumeAll
                0x0000000060003a60      0x138 ./freertos/freertos_kernel/tasks.o
                0x0000000060003a60                xTaskResumeAll
 .text.xTaskGetTickCount
                0x0000000060003b98       0x20 ./freertos/freertos_kernel/tasks.o
                0x0000000060003b98                xTaskGetTickCount
 .text.xTaskIncrementTick
                0x0000000060003bb8      0x154 ./freertos/freertos_kernel/tasks.o
                0x0000000060003bb8                xTaskIncrementTick
 .text.vTaskSwitchContext
                0x0000000060003d0c       0xb8 ./freertos/freertos_kernel/tasks.o
                0x0000000060003d0c                vTaskSwitchContext
 .text.vTaskPlaceOnEventList
                0x0000000060003dc4       0x48 ./freertos/freertos_kernel/tasks.o
                0x0000000060003dc4                vTaskPlaceOnEventList
 .text.vTaskPlaceOnUnorderedEventList
                0x0000000060003e0c       0x78 ./freertos/freertos_kernel/tasks.o
                0x0000000060003e0c                vTaskPlaceOnUnorderedEventList
 .text.vTaskPlaceOnEventListRestricted
                0x0000000060003e84       0x58 ./freertos/freertos_kernel/tasks.o
                0x0000000060003e84                vTaskPlaceOnEventListRestricted
 .text.xTaskRemoveFromEventList
                0x0000000060003edc       0xc4 ./freertos/freertos_kernel/tasks.o
                0x0000000060003edc                xTaskRemoveFromEventList
 .text.vTaskRemoveFromUnorderedEventList
                0x0000000060003fa0       0xc4 ./freertos/freertos_kernel/tasks.o
                0x0000000060003fa0                vTaskRemoveFromUnorderedEventList
 .text.vTaskInternalSetTimeOutState
                0x0000000060004064       0x2c ./freertos/freertos_kernel/tasks.o
                0x0000000060004064                vTaskInternalSetTimeOutState
 .text.xTaskCheckForTimeOut
                0x0000000060004090       0xc4 ./freertos/freertos_kernel/tasks.o
                0x0000000060004090                xTaskCheckForTimeOut
 .text.vTaskMissedYield
                0x0000000060004154       0x18 ./freertos/freertos_kernel/tasks.o
                0x0000000060004154                vTaskMissedYield
 .text.prvIdleTask
                0x000000006000416c       0x30 ./freertos/freertos_kernel/tasks.o
 .text.prvInitialiseTaskLists
                0x000000006000419c       0x80 ./freertos/freertos_kernel/tasks.o
 .text.prvCheckTasksWaitingTermination
                0x000000006000421c       0x5c ./freertos/freertos_kernel/tasks.o
 .text.prvResetNextTaskUnblockTime
                0x0000000060004278       0x40 ./freertos/freertos_kernel/tasks.o
 .text.xTaskGetSchedulerState
                0x00000000600042b8       0x3c ./freertos/freertos_kernel/tasks.o
                0x00000000600042b8                xTaskGetSchedulerState
 .text.xTaskPriorityInherit
                0x00000000600042f4       0xec ./freertos/freertos_kernel/tasks.o
                0x00000000600042f4                xTaskPriorityInherit
 .text.xTaskPriorityDisinherit
                0x00000000600043e0      0x10c ./freertos/freertos_kernel/tasks.o
                0x00000000600043e0                xTaskPriorityDisinherit
 .text.vTaskPriorityDisinheritAfterTimeout
                0x00000000600044ec      0x11c ./freertos/freertos_kernel/tasks.o
                0x00000000600044ec                vTaskPriorityDisinheritAfterTimeout
 .text.uxTaskResetEventItemValue
                0x0000000060004608       0x30 ./freertos/freertos_kernel/tasks.o
                0x0000000060004608                uxTaskResetEventItemValue
 .text.pvTaskIncrementMutexHeldCount
                0x0000000060004638       0x28 ./freertos/freertos_kernel/tasks.o
                0x0000000060004638                pvTaskIncrementMutexHeldCount
 .text.prvAddCurrentTaskToDelayedList
                0x0000000060004660       0xcc ./freertos/freertos_kernel/tasks.o
 .text.xTimerCreateTimerTask
                0x000000006000472c       0x64 ./freertos/freertos_kernel/timers.o
                0x000000006000472c                xTimerCreateTimerTask
 .text.xTimerGenericCommand
                0x0000000060004790       0x9c ./freertos/freertos_kernel/timers.o
                0x0000000060004790                xTimerGenericCommand
 .text.prvProcessExpiredTimer
                0x000000006000482c       0x98 ./freertos/freertos_kernel/timers.o
 .text.prvProcessTimerOrBlockTask
                0x00000000600048c4       0x9c ./freertos/freertos_kernel/timers.o
 .text.prvGetNextExpireTime
                0x0000000060004960       0x48 ./freertos/freertos_kernel/timers.o
 .text.prvSampleTimeNow
                0x00000000600049a8       0x40 ./freertos/freertos_kernel/timers.o
 .text.prvInsertTimerInActiveList
                0x00000000600049e8       0x84 ./freertos/freertos_kernel/timers.o
 .text.prvProcessReceivedCommands
                0x0000000060004a6c      0x1c4 ./freertos/freertos_kernel/timers.o
 .text.prvSwitchTimerLists
                0x0000000060004c30       0xc8 ./freertos/freertos_kernel/timers.o
 .text.prvCheckForValidListAndQueue
                0x0000000060004cf8       0x6c ./freertos/freertos_kernel/timers.o
 .text.xTimerPendFunctionCallFromISR
                0x0000000060004d64       0x40 ./freertos/freertos_kernel/timers.o
                0x0000000060004d64                xTimerPendFunctionCallFromISR
 .text.LPUART_RTOS_Callback
                0x0000000060004da4       0xc4 ./drivers/freertos/fsl_lpuart_freertos.o
 .text.LPUART_RTOS_Init
                0x0000000060004e68      0x188 ./drivers/freertos/fsl_lpuart_freertos.o
                0x0000000060004e68                LPUART_RTOS_Init
 .text.CLOCK_GetOscFreq
                0x0000000060004ff0       0x30 ./drivers/fsl_clock.o
 .text.CLOCK_InitExternalClk
                0x0000000060005020       0x6c ./drivers/fsl_clock.o
                0x0000000060005020                CLOCK_InitExternalClk
 .text.CLOCK_SwitchOsc
                0x000000006000508c       0x34 ./drivers/fsl_clock.o
                0x000000006000508c                CLOCK_SwitchOsc
 .text.CLOCK_InitRcOsc24M
                0x00000000600050c0       0x24 ./drivers/fsl_clock.o
                0x00000000600050c0                CLOCK_InitRcOsc24M
 .text.CLOCK_InitSysPll
                0x00000000600050e4       0x9c ./drivers/fsl_clock.o
                0x00000000600050e4                CLOCK_InitSysPll
 .text.CLOCK_DeinitAudioPll
                0x0000000060005180       0x1c ./drivers/fsl_clock.o
                0x0000000060005180                CLOCK_DeinitAudioPll
 .text.CLOCK_InitEnetPll
                0x000000006000519c       0xa4 ./drivers/fsl_clock.o
                0x000000006000519c                CLOCK_InitEnetPll
 .text.CLOCK_GetPllFreq
                0x0000000060005240      0x27c ./drivers/fsl_clock.o
                0x0000000060005240                CLOCK_GetPllFreq
 .text.CLOCK_InitSysPfd
                0x00000000600054bc       0x64 ./drivers/fsl_clock.o
                0x00000000600054bc                CLOCK_InitSysPfd
 .text.__NVIC_EnableIRQ
                0x0000000060005520       0x3c ./drivers/fsl_lpuart.o
 .text.CLOCK_ControlGate
                0x000000006000555c       0x64 ./drivers/fsl_lpuart.o
 .text.LPUART_GetInstance
                0x00000000600055c0       0x4c ./drivers/fsl_lpuart.o
                0x00000000600055c0                LPUART_GetInstance
 .text.LPUART_TransferGetRxRingBufferLength
                0x000000006000560c       0x54 ./drivers/fsl_lpuart.o
                0x000000006000560c                LPUART_TransferGetRxRingBufferLength
 .text.LPUART_TransferIsRxRingBufferFull
                0x0000000060005660       0x44 ./drivers/fsl_lpuart.o
 .text.LPUART_WriteNonBlocking
                0x00000000600056a4       0x48 ./drivers/fsl_lpuart.o
 .text.LPUART_ReadNonBlocking
                0x00000000600056ec       0x98 ./drivers/fsl_lpuart.o
 .text.LPUART_Init
                0x0000000060005784      0x310 ./drivers/fsl_lpuart.o
                0x0000000060005784                LPUART_Init
 .text.LPUART_Deinit
                0x0000000060005a94       0x70 ./drivers/fsl_lpuart.o
                0x0000000060005a94                LPUART_Deinit
 .text.LPUART_GetDefaultConfig
                0x0000000060005b04       0x88 ./drivers/fsl_lpuart.o
                0x0000000060005b04                LPUART_GetDefaultConfig
 .text.LPUART_GetEnabledInterrupts
                0x0000000060005b8c       0x44 ./drivers/fsl_lpuart.o
                0x0000000060005b8c                LPUART_GetEnabledInterrupts
 .text.LPUART_ClearStatusFlags
                0x0000000060005bd0       0xa4 ./drivers/fsl_lpuart.o
                0x0000000060005bd0                LPUART_ClearStatusFlags
 .text.LPUART_WriteBlocking
                0x0000000060005c74       0x68 ./drivers/fsl_lpuart.o
                0x0000000060005c74                LPUART_WriteBlocking
 .text.LPUART_TransferCreateHandle
                0x0000000060005cdc       0xc0 ./drivers/fsl_lpuart.o
                0x0000000060005cdc                LPUART_TransferCreateHandle
 .text.LPUART_TransferStartRingBuffer
                0x0000000060005d9c       0x58 ./drivers/fsl_lpuart.o
                0x0000000060005d9c                LPUART_TransferStartRingBuffer
 .text.LPUART_TransferSendNonBlocking
                0x0000000060005df4       0x9c ./drivers/fsl_lpuart.o
                0x0000000060005df4                LPUART_TransferSendNonBlocking
 .text.LPUART_TransferReceiveNonBlocking
                0x0000000060005e90      0x198 ./drivers/fsl_lpuart.o
                0x0000000060005e90                LPUART_TransferReceiveNonBlocking
 .text.LPUART_TransferAbortReceive
                0x0000000060006028       0x44 ./drivers/fsl_lpuart.o
                0x0000000060006028                LPUART_TransferAbortReceive
 .text.LPUART_TransferHandleIRQ
                0x000000006000606c      0x3b8 ./drivers/fsl_lpuart.o
                0x000000006000606c                LPUART_TransferHandleIRQ
 .text.LPUART1_DriverIRQHandler
                0x0000000060006424       0x28 ./drivers/fsl_lpuart.o
                0x0000000060006424                LPUART1_DriverIRQHandler
 .text.LPUART2_DriverIRQHandler
                0x000000006000644c       0x28 ./drivers/fsl_lpuart.o
                0x000000006000644c                LPUART2_DriverIRQHandler
 .text.LPUART3_DriverIRQHandler
                0x0000000060006474       0x28 ./drivers/fsl_lpuart.o
                0x0000000060006474                LPUART3_DriverIRQHandler
 .text.LPUART4_DriverIRQHandler
                0x000000006000649c       0x28 ./drivers/fsl_lpuart.o
                0x000000006000649c                LPUART4_DriverIRQHandler
 .text.LPUART5_DriverIRQHandler
                0x00000000600064c4       0x28 ./drivers/fsl_lpuart.o
                0x00000000600064c4                LPUART5_DriverIRQHandler
 .text.LPUART6_DriverIRQHandler
                0x00000000600064ec       0x28 ./drivers/fsl_lpuart.o
                0x00000000600064ec                LPUART6_DriverIRQHandler
 .text.LPUART7_DriverIRQHandler
                0x0000000060006514       0x28 ./drivers/fsl_lpuart.o
                0x0000000060006514                LPUART7_DriverIRQHandler
 .text.LPUART8_DriverIRQHandler
                0x000000006000653c       0x28 ./drivers/fsl_lpuart.o
                0x000000006000653c                LPUART8_DriverIRQHandler
 .text.SystemInit
                0x0000000060006564      0x1d8 ./device/system_MIMXRT1021.o
                0x0000000060006564                SystemInit
 .text.HAL_UartSendBlocking
                0x000000006000673c       0x64 ./component/uart/lpuart_adapter.o
                0x000000006000673c                HAL_UartSendBlocking
 .text.SerialManager_Write
                0x00000000600067a0       0x6c ./component/serial_manager/serial_manager.o
 .text.Serial_UartWrite
                0x000000006000680c       0x58 ./component/serial_manager/serial_port_uart.o
                0x000000006000680c                Serial_UartWrite
 .text.ARM_MPU_Enable
                0x0000000060006864       0x40 ./board/board.o
 .text.ARM_MPU_Disable
                0x00000000600068a4       0x34 ./board/board.o
 .text.CLOCK_GetMux
                0x00000000600068d8       0x44 ./board/board.o
 .text.CLOCK_GetDiv
                0x000000006000691c       0x44 ./board/board.o
 .text.CLOCK_GetOscFreq
                0x0000000060006960       0x30 ./board/board.o
 .text.BOARD_DebugConsoleSrcFreq
                0x0000000060006990       0x64 ./board/board.o
                0x0000000060006990                BOARD_DebugConsoleSrcFreq
 .text.BOARD_ConfigMPU
                0x00000000600069f4      0x2e4 ./board/board.o
                0x00000000600069f4                BOARD_ConfigMPU
 .text.CLOCK_SetMux
                0x0000000060006cd8       0x9c ./board/clock_config.o
 .text.CLOCK_SetDiv
                0x0000000060006d74       0x9c ./board/clock_config.o
 .text.CLOCK_ControlGate
                0x0000000060006e10       0x64 ./board/clock_config.o
 .text.CLOCK_SetXtalFreq
                0x0000000060006e74       0x20 ./board/clock_config.o
 .text.CLOCK_SetRtcXtalFreq
                0x0000000060006e94       0x20 ./board/clock_config.o
 .text.IOMUXC_EnableMode
                0x0000000060006eb4       0x48 ./board/clock_config.o
 .text.IOMUXC_MQSConfig
                0x0000000060006efc       0x44 ./board/clock_config.o
 .text.BOARD_BootClockRUN
                0x0000000060006f40      0x4ec ./board/clock_config.o
                0x0000000060006f40                BOARD_BootClockRUN
 .text.CLOCK_ControlGate
                0x000000006000742c       0x64 ./board/pin_mux.o
 .text.BOARD_InitPins
                0x0000000060007490       0x78 ./board/pin_mux.o
                0x0000000060007490                BOARD_InitPins
 .text._initio  0x0000000060007508       0x78 /Applications/MCUXpressoIDE_11.2.1_4149/ide/plugins/com.nxp.mcuxpresso.tools.macosx_11.2.0.202001021529/tools/bin/../lib/gcc/arm-none-eabi/9.2.1/../../../../arm-none-eabi/lib/thumb/v7e-m+dp/hard/libcr_c.a(initio.o)
                0x0000000060007508                _initio
 .text._Cwritebuf
                0x0000000060007580       0x6c /Applications/MCUXpressoIDE_11.2.1_4149/ide/plugins/com.nxp.mcuxpresso.tools.macosx_11.2.0.202001021529/tools/bin/../lib/gcc/arm-none-eabi/9.2.1/../../../../arm-none-eabi/lib/thumb/v7e-m+dp/hard/libcr_c.a(_writebuf.o)
                0x0000000060007580                _Cwritebuf
 .text.fflush   0x00000000600075ec       0x44 /Applications/MCUXpressoIDE_11.2.1_4149/ide/plugins/com.nxp.mcuxpresso.tools.macosx_11.2.0.202001021529/tools/bin/../lib/gcc/arm-none-eabi/9.2.1/../../../../arm-none-eabi/lib/thumb/v7e-m+dp/hard/libcr_c.a(fflush.o)
                0x00000000600075ec                fflush
 .text.fseek    0x0000000060007630      0x100 /Applications/MCUXpressoIDE_11.2.1_4149/ide/plugins/com.nxp.mcuxpresso.tools.macosx_11.2.0.202001021529/tools/bin/../lib/gcc/arm-none-eabi/9.2.1/../../../../arm-none-eabi/lib/thumb/v7e-m+dp/hard/libcr_c.a(fseek.o)
                0x0000000060007630                fseek
 .text.ftell    0x0000000060007730       0x44 /Applications/MCUXpressoIDE_11.2.1_4149/ide/plugins/com.nxp.mcuxpresso.tools.macosx_11.2.0.202001021529/tools/bin/../lib/gcc/arm-none-eabi/9.2.1/../../../../arm-none-eabi/lib/thumb/v7e-m+dp/hard/libcr_c.a(ftell.o)
                0x0000000060007730                ftell
 .text.DbgConsole_PrintCallback
                0x0000000060007774       0x66 ./utilities/fsl_debug_console.o
 .text.PrintGetWidth
                0x00000000600077da       0x6a ./utilities/fsl_str.o
 .text.PrintGetPrecision
                0x0000000060007844       0x8c ./utilities/fsl_str.o
 .text.PrintIsobpu
                0x00000000600078d0       0x38 ./utilities/fsl_str.o
 .text.PrintIsdi
                0x0000000060007908       0x2c ./utilities/fsl_str.o
 .text.PrintOutputdifFobpu
                0x0000000060007934       0x44 ./utilities/fsl_str.o
 .text.PrintOutputxX
                0x0000000060007978       0x44 ./utilities/fsl_str.o
 .text.PrintIsfF
                0x00000000600079bc       0x2c ./utilities/fsl_str.o
 .text.PrintIsxX
                0x00000000600079e8       0x2c ./utilities/fsl_str.o
 .text.PrintGetRadixFromobpu
                0x0000000060007a14       0x40 ./utilities/fsl_str.o
 .text.ConvertRadixNumToString
                0x0000000060007a54      0x118 ./utilities/fsl_str.o
 .text.StrFormatPrintf
                0x0000000060007b6c      0x286 ./utilities/fsl_str.o
                0x0000000060007b6c                StrFormatPrintf
 .text.DMA0_DMA16_IRQHandler
                0x0000000060007df2        0x8 ./startup/startup_mimxrt1021.o
                0x0000000060007df2                DMA0_DMA16_IRQHandler
 .text.DMA1_DMA17_IRQHandler
                0x0000000060007dfa        0x8 ./startup/startup_mimxrt1021.o
                0x0000000060007dfa                DMA1_DMA17_IRQHandler
 .text.DMA2_DMA18_IRQHandler
                0x0000000060007e02        0x8 ./startup/startup_mimxrt1021.o
                0x0000000060007e02                DMA2_DMA18_IRQHandler
 .text.DMA3_DMA19_IRQHandler
                0x0000000060007e0a        0x8 ./startup/startup_mimxrt1021.o
                0x0000000060007e0a                DMA3_DMA19_IRQHandler
 .text.DMA4_DMA20_IRQHandler
                0x0000000060007e12        0x8 ./startup/startup_mimxrt1021.o
                0x0000000060007e12                DMA4_DMA20_IRQHandler
 .text.DMA5_DMA21_IRQHandler
                0x0000000060007e1a        0x8 ./startup/startup_mimxrt1021.o
                0x0000000060007e1a                DMA5_DMA21_IRQHandler
 .text.DMA6_DMA22_IRQHandler
                0x0000000060007e22        0x8 ./startup/startup_mimxrt1021.o
                0x0000000060007e22                DMA6_DMA22_IRQHandler
 .text.DMA7_DMA23_IRQHandler
                0x0000000060007e2a        0x8 ./startup/startup_mimxrt1021.o
                0x0000000060007e2a                DMA7_DMA23_IRQHandler
 .text.DMA8_DMA24_IRQHandler
                0x0000000060007e32        0x8 ./startup/startup_mimxrt1021.o
                0x0000000060007e32                DMA8_DMA24_IRQHandler
 .text.DMA9_DMA25_IRQHandler
                0x0000000060007e3a        0x8 ./startup/startup_mimxrt1021.o
                0x0000000060007e3a                DMA9_DMA25_IRQHandler
 .text.DMA10_DMA26_IRQHandler
                0x0000000060007e42        0x8 ./startup/startup_mimxrt1021.o
                0x0000000060007e42                DMA10_DMA26_IRQHandler
 .text.DMA11_DMA27_IRQHandler
                0x0000000060007e4a        0x8 ./startup/startup_mimxrt1021.o
                0x0000000060007e4a                DMA11_DMA27_IRQHandler
 .text.DMA12_DMA28_IRQHandler
                0x0000000060007e52        0x8 ./startup/startup_mimxrt1021.o
                0x0000000060007e52                DMA12_DMA28_IRQHandler
 .text.DMA13_DMA29_IRQHandler
                0x0000000060007e5a        0x8 ./startup/startup_mimxrt1021.o
                0x0000000060007e5a                DMA13_DMA29_IRQHandler
 .text.DMA14_DMA30_IRQHandler
                0x0000000060007e62        0x8 ./startup/startup_mimxrt1021.o
                0x0000000060007e62                DMA14_DMA30_IRQHandler
 .text.DMA15_DMA31_IRQHandler
                0x0000000060007e6a        0x8 ./startup/startup_mimxrt1021.o
                0x0000000060007e6a                DMA15_DMA31_IRQHandler
 .text.DMA_ERROR_IRQHandler
                0x0000000060007e72        0x8 ./startup/startup_mimxrt1021.o
                0x0000000060007e72                DMA_ERROR_IRQHandler
 .text.CTI0_ERROR_IRQHandler
                0x0000000060007e7a        0x8 ./startup/startup_mimxrt1021.o
                0x0000000060007e7a                CTI0_ERROR_IRQHandler
 .text.CTI1_ERROR_IRQHandler
                0x0000000060007e82        0x8 ./startup/startup_mimxrt1021.o
                0x0000000060007e82                CTI1_ERROR_IRQHandler
 .text.CORE_IRQHandler
                0x0000000060007e8a        0x8 ./startup/startup_mimxrt1021.o
                0x0000000060007e8a                CORE_IRQHandler
 .text.LPUART1_IRQHandler
                0x0000000060007e92        0x8 ./startup/startup_mimxrt1021.o
                0x0000000060007e92                LPUART1_IRQHandler
 .text.LPUART2_IRQHandler
                0x0000000060007e9a        0x8 ./startup/startup_mimxrt1021.o
                0x0000000060007e9a                LPUART2_IRQHandler
 .text.LPUART3_IRQHandler
                0x0000000060007ea2        0x8 ./startup/startup_mimxrt1021.o
                0x0000000060007ea2                LPUART3_IRQHandler
 .text.LPUART4_IRQHandler
                0x0000000060007eaa        0x8 ./startup/startup_mimxrt1021.o
                0x0000000060007eaa                LPUART4_IRQHandler
 .text.LPUART5_IRQHandler
                0x0000000060007eb2        0x8 ./startup/startup_mimxrt1021.o
                0x0000000060007eb2                LPUART5_IRQHandler
 .text.LPUART6_IRQHandler
                0x0000000060007eba        0x8 ./startup/startup_mimxrt1021.o
                0x0000000060007eba                LPUART6_IRQHandler
 .text.LPUART7_IRQHandler
                0x0000000060007ec2        0x8 ./startup/startup_mimxrt1021.o
                0x0000000060007ec2                LPUART7_IRQHandler
 .text.LPUART8_IRQHandler
                0x0000000060007eca        0x8 ./startup/startup_mimxrt1021.o
                0x0000000060007eca                LPUART8_IRQHandler
 .text.LPI2C1_IRQHandler
                0x0000000060007ed2        0x8 ./startup/startup_mimxrt1021.o
                0x0000000060007ed2                LPI2C1_IRQHandler
 .text.LPI2C2_IRQHandler
                0x0000000060007eda        0x8 ./startup/startup_mimxrt1021.o
                0x0000000060007eda                LPI2C2_IRQHandler
 .text.LPI2C3_IRQHandler
                0x0000000060007ee2        0x8 ./startup/startup_mimxrt1021.o
                0x0000000060007ee2                LPI2C3_IRQHandler
 .text.LPI2C4_IRQHandler
                0x0000000060007eea        0x8 ./startup/startup_mimxrt1021.o
                0x0000000060007eea                LPI2C4_IRQHandler
 .text.LPSPI1_IRQHandler
                0x0000000060007ef2        0x8 ./startup/startup_mimxrt1021.o
                0x0000000060007ef2                LPSPI1_IRQHandler
 .text.LPSPI2_IRQHandler
                0x0000000060007efa        0x8 ./startup/startup_mimxrt1021.o
                0x0000000060007efa                LPSPI2_IRQHandler
 .text.LPSPI3_IRQHandler
                0x0000000060007f02        0x8 ./startup/startup_mimxrt1021.o
                0x0000000060007f02                LPSPI3_IRQHandler
 .text.LPSPI4_IRQHandler
                0x0000000060007f0a        0x8 ./startup/startup_mimxrt1021.o
                0x0000000060007f0a                LPSPI4_IRQHandler
 .text.CAN1_IRQHandler
                0x0000000060007f12        0x8 ./startup/startup_mimxrt1021.o
                0x0000000060007f12                CAN1_IRQHandler
 .text.CAN2_IRQHandler
                0x0000000060007f1a        0x8 ./startup/startup_mimxrt1021.o
                0x0000000060007f1a                CAN2_IRQHandler
 .text.FLEXRAM_IRQHandler
                0x0000000060007f22        0x8 ./startup/startup_mimxrt1021.o
                0x0000000060007f22                FLEXRAM_IRQHandler
 .text.KPP_IRQHandler
                0x0000000060007f2a        0x8 ./startup/startup_mimxrt1021.o
                0x0000000060007f2a                KPP_IRQHandler
 .text.Reserved56_IRQHandler
                0x0000000060007f32        0x8 ./startup/startup_mimxrt1021.o
                0x0000000060007f32                Reserved56_IRQHandler
 .text.GPR_IRQ_IRQHandler
                0x0000000060007f3a        0x8 ./startup/startup_mimxrt1021.o
                0x0000000060007f3a                GPR_IRQ_IRQHandler
 .text.Reserved58_IRQHandler
                0x0000000060007f42        0x8 ./startup/startup_mimxrt1021.o
                0x0000000060007f42                Reserved58_IRQHandler
 .text.Reserved59_IRQHandler
                0x0000000060007f4a        0x8 ./startup/startup_mimxrt1021.o
                0x0000000060007f4a                Reserved59_IRQHandler
 .text.Reserved60_IRQHandler
                0x0000000060007f52        0x8 ./startup/startup_mimxrt1021.o
                0x0000000060007f52                Reserved60_IRQHandler
 .text.WDOG2_IRQHandler
                0x0000000060007f5a        0x8 ./startup/startup_mimxrt1021.o
                0x0000000060007f5a                WDOG2_IRQHandler
 .text.SNVS_HP_WRAPPER_IRQHandler
                0x0000000060007f62        0x8 ./startup/startup_mimxrt1021.o
                0x0000000060007f62                SNVS_HP_WRAPPER_IRQHandler
 .text.SNVS_HP_WRAPPER_TZ_IRQHandler
                0x0000000060007f6a        0x8 ./startup/startup_mimxrt1021.o
                0x0000000060007f6a                SNVS_HP_WRAPPER_TZ_IRQHandler
 .text.SNVS_LP_WRAPPER_IRQHandler
                0x0000000060007f72        0x8 ./startup/startup_mimxrt1021.o
                0x0000000060007f72                SNVS_LP_WRAPPER_IRQHandler
 .text.CSU_IRQHandler
                0x0000000060007f7a        0x8 ./startup/startup_mimxrt1021.o
                0x0000000060007f7a                CSU_IRQHandler
 .text.DCP_IRQHandler
                0x0000000060007f82        0x8 ./startup/startup_mimxrt1021.o
                0x0000000060007f82                DCP_IRQHandler
 .text.DCP_VMI_IRQHandler
                0x0000000060007f8a        0x8 ./startup/startup_mimxrt1021.o
                0x0000000060007f8a                DCP_VMI_IRQHandler
 .text.Reserved68_IRQHandler
                0x0000000060007f92        0x8 ./startup/startup_mimxrt1021.o
                0x0000000060007f92                Reserved68_IRQHandler
 .text.TRNG_IRQHandler
                0x0000000060007f9a        0x8 ./startup/startup_mimxrt1021.o
                0x0000000060007f9a                TRNG_IRQHandler
 .text.Reserved70_IRQHandler
                0x0000000060007fa2        0x8 ./startup/startup_mimxrt1021.o
                0x0000000060007fa2                Reserved70_IRQHandler
 .text.BEE_IRQHandler
                0x0000000060007faa        0x8 ./startup/startup_mimxrt1021.o
                0x0000000060007faa                BEE_IRQHandler
 .text.SAI1_IRQHandler
                0x0000000060007fb2        0x8 ./startup/startup_mimxrt1021.o
                0x0000000060007fb2                SAI1_IRQHandler
 .text.SAI2_IRQHandler
                0x0000000060007fba        0x8 ./startup/startup_mimxrt1021.o
                0x0000000060007fba                SAI2_IRQHandler
 .text.SAI3_RX_IRQHandler
                0x0000000060007fc2        0x8 ./startup/startup_mimxrt1021.o
                0x0000000060007fc2                SAI3_RX_IRQHandler
 .text.SAI3_TX_IRQHandler
                0x0000000060007fca        0x8 ./startup/startup_mimxrt1021.o
                0x0000000060007fca                SAI3_TX_IRQHandler
 .text.SPDIF_IRQHandler
                0x0000000060007fd2        0x8 ./startup/startup_mimxrt1021.o
                0x0000000060007fd2                SPDIF_IRQHandler
 .text.PMU_IRQHandler
                0x0000000060007fda        0x8 ./startup/startup_mimxrt1021.o
                0x0000000060007fda                PMU_IRQHandler
 .text.Reserved78_IRQHandler
                0x0000000060007fe2        0x8 ./startup/startup_mimxrt1021.o
                0x0000000060007fe2                Reserved78_IRQHandler
 .text.TEMP_LOW_HIGH_IRQHandler
                0x0000000060007fea        0x8 ./startup/startup_mimxrt1021.o
                0x0000000060007fea                TEMP_LOW_HIGH_IRQHandler
 .text.TEMP_PANIC_IRQHandler
                0x0000000060007ff2        0x8 ./startup/startup_mimxrt1021.o
                0x0000000060007ff2                TEMP_PANIC_IRQHandler
 .text.USB_PHY_IRQHandler
                0x0000000060007ffa        0x8 ./startup/startup_mimxrt1021.o
                0x0000000060007ffa                USB_PHY_IRQHandler
 .text.Reserved82_IRQHandler
                0x0000000060008002        0x8 ./startup/startup_mimxrt1021.o
                0x0000000060008002                Reserved82_IRQHandler
 .text.ADC1_IRQHandler
                0x000000006000800a        0x8 ./startup/startup_mimxrt1021.o
                0x000000006000800a                ADC1_IRQHandler
 .text.ADC2_IRQHandler
                0x0000000060008012        0x8 ./startup/startup_mimxrt1021.o
                0x0000000060008012                ADC2_IRQHandler
 .text.DCDC_IRQHandler
                0x000000006000801a        0x8 ./startup/startup_mimxrt1021.o
                0x000000006000801a                DCDC_IRQHandler
 .text.Reserved86_IRQHandler
                0x0000000060008022        0x8 ./startup/startup_mimxrt1021.o
                0x0000000060008022                Reserved86_IRQHandler
 .text.Reserved87_IRQHandler
                0x000000006000802a        0x8 ./startup/startup_mimxrt1021.o
                0x000000006000802a                Reserved87_IRQHandler
 .text.GPIO1_INT0_IRQHandler
                0x0000000060008032        0x8 ./startup/startup_mimxrt1021.o
                0x0000000060008032                GPIO1_INT0_IRQHandler
 .text.GPIO1_INT1_IRQHandler
                0x000000006000803a        0x8 ./startup/startup_mimxrt1021.o
                0x000000006000803a                GPIO1_INT1_IRQHandler
 .text.GPIO1_INT2_IRQHandler
                0x0000000060008042        0x8 ./startup/startup_mimxrt1021.o
                0x0000000060008042                GPIO1_INT2_IRQHandler
 .text.GPIO1_INT3_IRQHandler
                0x000000006000804a        0x8 ./startup/startup_mimxrt1021.o
                0x000000006000804a                GPIO1_INT3_IRQHandler
 .text.GPIO1_INT4_IRQHandler
                0x0000000060008052        0x8 ./startup/startup_mimxrt1021.o
                0x0000000060008052                GPIO1_INT4_IRQHandler
 .text.GPIO1_INT5_IRQHandler
                0x000000006000805a        0x8 ./startup/startup_mimxrt1021.o
                0x000000006000805a                GPIO1_INT5_IRQHandler
 .text.GPIO1_INT6_IRQHandler
                0x0000000060008062        0x8 ./startup/startup_mimxrt1021.o
                0x0000000060008062                GPIO1_INT6_IRQHandler
 .text.GPIO1_INT7_IRQHandler
                0x000000006000806a        0x8 ./startup/startup_mimxrt1021.o
                0x000000006000806a                GPIO1_INT7_IRQHandler
 .text.GPIO1_Combined_0_15_IRQHandler
                0x0000000060008072        0x8 ./startup/startup_mimxrt1021.o
                0x0000000060008072                GPIO1_Combined_0_15_IRQHandler
 .text.GPIO1_Combined_16_31_IRQHandler
                0x000000006000807a        0x8 ./startup/startup_mimxrt1021.o
                0x000000006000807a                GPIO1_Combined_16_31_IRQHandler
 .text.GPIO2_Combined_0_15_IRQHandler
                0x0000000060008082        0x8 ./startup/startup_mimxrt1021.o
                0x0000000060008082                GPIO2_Combined_0_15_IRQHandler
 .text.GPIO2_Combined_16_31_IRQHandler
                0x000000006000808a        0x8 ./startup/startup_mimxrt1021.o
                0x000000006000808a                GPIO2_Combined_16_31_IRQHandler
 .text.GPIO3_Combined_0_15_IRQHandler
                0x0000000060008092        0x8 ./startup/startup_mimxrt1021.o
                0x0000000060008092                GPIO3_Combined_0_15_IRQHandler
 .text.GPIO3_Combined_16_31_IRQHandler
                0x000000006000809a        0x8 ./startup/startup_mimxrt1021.o
                0x000000006000809a                GPIO3_Combined_16_31_IRQHandler
 .text.Reserved102_IRQHandler
                0x00000000600080a2        0x8 ./startup/startup_mimxrt1021.o
                0x00000000600080a2                Reserved102_IRQHandler
 .text.Reserved103_IRQHandler
                0x00000000600080aa        0x8 ./startup/startup_mimxrt1021.o
                0x00000000600080aa                Reserved103_IRQHandler
 .text.GPIO5_Combined_0_15_IRQHandler
                0x00000000600080b2        0x8 ./startup/startup_mimxrt1021.o
                0x00000000600080b2                GPIO5_Combined_0_15_IRQHandler
 .text.GPIO5_Combined_16_31_IRQHandler
                0x00000000600080ba        0x8 ./startup/startup_mimxrt1021.o
                0x00000000600080ba                GPIO5_Combined_16_31_IRQHandler
 .text.FLEXIO1_IRQHandler
                0x00000000600080c2        0x8 ./startup/startup_mimxrt1021.o
                0x00000000600080c2                FLEXIO1_IRQHandler
 .text.Reserved107_IRQHandler
                0x00000000600080ca        0x8 ./startup/startup_mimxrt1021.o
                0x00000000600080ca                Reserved107_IRQHandler
 .text.WDOG1_IRQHandler
                0x00000000600080d2        0x8 ./startup/startup_mimxrt1021.o
                0x00000000600080d2                WDOG1_IRQHandler
 .text.RTWDOG_IRQHandler
                0x00000000600080da        0x8 ./startup/startup_mimxrt1021.o
                0x00000000600080da                RTWDOG_IRQHandler
 .text.EWM_IRQHandler
                0x00000000600080e2        0x8 ./startup/startup_mimxrt1021.o
                0x00000000600080e2                EWM_IRQHandler
 .text.CCM_1_IRQHandler
                0x00000000600080ea        0x8 ./startup/startup_mimxrt1021.o
                0x00000000600080ea                CCM_1_IRQHandler
 .text.CCM_2_IRQHandler
                0x00000000600080f2        0x8 ./startup/startup_mimxrt1021.o
                0x00000000600080f2                CCM_2_IRQHandler
 .text.GPC_IRQHandler
                0x00000000600080fa        0x8 ./startup/startup_mimxrt1021.o
                0x00000000600080fa                GPC_IRQHandler
 .text.SRC_IRQHandler
                0x0000000060008102        0x8 ./startup/startup_mimxrt1021.o
                0x0000000060008102                SRC_IRQHandler
 .text.Reserved115_IRQHandler
                0x000000006000810a        0x8 ./startup/startup_mimxrt1021.o
                0x000000006000810a                Reserved115_IRQHandler
 .text.GPT1_IRQHandler
                0x0000000060008112        0x8 ./startup/startup_mimxrt1021.o
                0x0000000060008112                GPT1_IRQHandler
 .text.GPT2_IRQHandler
                0x000000006000811a        0x8 ./startup/startup_mimxrt1021.o
                0x000000006000811a                GPT2_IRQHandler
 .text.PWM1_0_IRQHandler
                0x0000000060008122        0x8 ./startup/startup_mimxrt1021.o
                0x0000000060008122                PWM1_0_IRQHandler
 .text.PWM1_1_IRQHandler
                0x000000006000812a        0x8 ./startup/startup_mimxrt1021.o
                0x000000006000812a                PWM1_1_IRQHandler
 .text.PWM1_2_IRQHandler
                0x0000000060008132        0x8 ./startup/startup_mimxrt1021.o
                0x0000000060008132                PWM1_2_IRQHandler
 .text.PWM1_3_IRQHandler
                0x000000006000813a        0x8 ./startup/startup_mimxrt1021.o
                0x000000006000813a                PWM1_3_IRQHandler
 .text.PWM1_FAULT_IRQHandler
                0x0000000060008142        0x8 ./startup/startup_mimxrt1021.o
                0x0000000060008142                PWM1_FAULT_IRQHandler
 .text.Reserved123_IRQHandler
                0x000000006000814a        0x8 ./startup/startup_mimxrt1021.o
                0x000000006000814a                Reserved123_IRQHandler
 .text.FLEXSPI_IRQHandler
                0x0000000060008152        0x8 ./startup/startup_mimxrt1021.o
                0x0000000060008152                FLEXSPI_IRQHandler
 .text.SEMC_IRQHandler
                0x000000006000815a        0x8 ./startup/startup_mimxrt1021.o
                0x000000006000815a                SEMC_IRQHandler
 .text.USDHC1_IRQHandler
                0x0000000060008162        0x8 ./startup/startup_mimxrt1021.o
                0x0000000060008162                USDHC1_IRQHandler
 .text.USDHC2_IRQHandler
                0x000000006000816a        0x8 ./startup/startup_mimxrt1021.o
                0x000000006000816a                USDHC2_IRQHandler
 .text.Reserved128_IRQHandler
                0x0000000060008172        0x8 ./startup/startup_mimxrt1021.o
                0x0000000060008172                Reserved128_IRQHandler
 .text.USB_OTG1_IRQHandler
                0x000000006000817a        0x8 ./startup/startup_mimxrt1021.o
                0x000000006000817a                USB_OTG1_IRQHandler
 .text.ENET_IRQHandler
                0x0000000060008182        0x8 ./startup/startup_mimxrt1021.o
                0x0000000060008182                ENET_IRQHandler
 .text.ENET_1588_Timer_IRQHandler
                0x000000006000818a        0x8 ./startup/startup_mimxrt1021.o
                0x000000006000818a                ENET_1588_Timer_IRQHandler
 .text.XBAR1_IRQ_0_1_IRQHandler
                0x0000000060008192        0x8 ./startup/startup_mimxrt1021.o
                0x0000000060008192                XBAR1_IRQ_0_1_IRQHandler
 .text.XBAR1_IRQ_2_3_IRQHandler
                0x000000006000819a        0x8 ./startup/startup_mimxrt1021.o
                0x000000006000819a                XBAR1_IRQ_2_3_IRQHandler
 .text.ADC_ETC_IRQ0_IRQHandler
                0x00000000600081a2        0x8 ./startup/startup_mimxrt1021.o
                0x00000000600081a2                ADC_ETC_IRQ0_IRQHandler
 .text.ADC_ETC_IRQ1_IRQHandler
                0x00000000600081aa        0x8 ./startup/startup_mimxrt1021.o
                0x00000000600081aa                ADC_ETC_IRQ1_IRQHandler
 .text.ADC_ETC_IRQ2_IRQHandler
                0x00000000600081b2        0x8 ./startup/startup_mimxrt1021.o
                0x00000000600081b2                ADC_ETC_IRQ2_IRQHandler
 .text.ADC_ETC_ERROR_IRQ_IRQHandler
                0x00000000600081ba        0x8 ./startup/startup_mimxrt1021.o
                0x00000000600081ba                ADC_ETC_ERROR_IRQ_IRQHandler
 .text.PIT_IRQHandler
                0x00000000600081c2        0x8 ./startup/startup_mimxrt1021.o
                0x00000000600081c2                PIT_IRQHandler
 .text.ACMP1_IRQHandler
                0x00000000600081ca        0x8 ./startup/startup_mimxrt1021.o
                0x00000000600081ca                ACMP1_IRQHandler
 .text.ACMP2_IRQHandler
                0x00000000600081d2        0x8 ./startup/startup_mimxrt1021.o
                0x00000000600081d2                ACMP2_IRQHandler
 .text.ACMP3_IRQHandler
                0x00000000600081da        0x8 ./startup/startup_mimxrt1021.o
                0x00000000600081da                ACMP3_IRQHandler
 .text.ACMP4_IRQHandler
                0x00000000600081e2        0x8 ./startup/startup_mimxrt1021.o
                0x00000000600081e2                ACMP4_IRQHandler
 .text.Reserved143_IRQHandler
                0x00000000600081ea        0x8 ./startup/startup_mimxrt1021.o
                0x00000000600081ea                Reserved143_IRQHandler
 .text.Reserved144_IRQHandler
                0x00000000600081f2        0x8 ./startup/startup_mimxrt1021.o
                0x00000000600081f2                Reserved144_IRQHandler
 .text.ENC1_IRQHandler
                0x00000000600081fa        0x8 ./startup/startup_mimxrt1021.o
                0x00000000600081fa                ENC1_IRQHandler
 .text.ENC2_IRQHandler
                0x0000000060008202        0x8 ./startup/startup_mimxrt1021.o
                0x0000000060008202                ENC2_IRQHandler
 .text.Reserved147_IRQHandler
                0x000000006000820a        0x8 ./startup/startup_mimxrt1021.o
                0x000000006000820a                Reserved147_IRQHandler
 .text.Reserved148_IRQHandler
                0x0000000060008212        0x8 ./startup/startup_mimxrt1021.o
                0x0000000060008212                Reserved148_IRQHandler
 .text.TMR1_IRQHandler
                0x000000006000821a        0x8 ./startup/startup_mimxrt1021.o
                0x000000006000821a                TMR1_IRQHandler
 .text.TMR2_IRQHandler
                0x0000000060008222        0x8 ./startup/startup_mimxrt1021.o
                0x0000000060008222                TMR2_IRQHandler
 .text.Reserved151_IRQHandler
                0x000000006000822a        0x8 ./startup/startup_mimxrt1021.o
                0x000000006000822a                Reserved151_IRQHandler
 .text.Reserved152_IRQHandler
                0x0000000060008232        0x8 ./startup/startup_mimxrt1021.o
                0x0000000060008232                Reserved152_IRQHandler
 .text.PWM2_0_IRQHandler
                0x000000006000823a        0x8 ./startup/startup_mimxrt1021.o
                0x000000006000823a                PWM2_0_IRQHandler
 .text.PWM2_1_IRQHandler
                0x0000000060008242        0x8 ./startup/startup_mimxrt1021.o
                0x0000000060008242                PWM2_1_IRQHandler
 .text.PWM2_2_IRQHandler
                0x000000006000824a        0x8 ./startup/startup_mimxrt1021.o
                0x000000006000824a                PWM2_2_IRQHandler
 .text.PWM2_3_IRQHandler
                0x0000000060008252        0x8 ./startup/startup_mimxrt1021.o
                0x0000000060008252                PWM2_3_IRQHandler
 .text.PWM2_FAULT_IRQHandler
                0x000000006000825a        0x8 ./startup/startup_mimxrt1021.o
                0x000000006000825a                PWM2_FAULT_IRQHandler
 .text.HardFault_Handler
                0x0000000060008262       0x2c ./source/semihost_hardfault.o
                0x0000000060008262                HardFault_Handler
 .text.xEventGroupCreate
                0x000000006000828e       0x2e ./freertos/freertos_kernel/event_groups.o
                0x000000006000828e                xEventGroupCreate
 .text.xEventGroupClearBits
                0x00000000600082bc       0x70 ./freertos/freertos_kernel/event_groups.o
                0x00000000600082bc                xEventGroupClearBits
 .text.xEventGroupSetBits
                0x000000006000832c      0x116 ./freertos/freertos_kernel/event_groups.o
                0x000000006000832c                xEventGroupSetBits
 .text.vEventGroupDelete
                0x0000000060008442       0x62 ./freertos/freertos_kernel/event_groups.o
                0x0000000060008442                vEventGroupDelete
 .text.vEventGroupSetBitsCallback
                0x00000000600084a4       0x1a ./freertos/freertos_kernel/event_groups.o
                0x00000000600084a4                vEventGroupSetBitsCallback
 .text.prvTestWaitCondition
                0x00000000600084be       0x44 ./freertos/freertos_kernel/event_groups.o
 .text.vListInitialise
                0x0000000060008502       0x40 ./freertos/freertos_kernel/list.o
                0x0000000060008502                vListInitialise
 .text.vListInitialiseItem
                0x0000000060008542       0x1a ./freertos/freertos_kernel/list.o
                0x0000000060008542                vListInitialiseItem
 .text.vListInsertEnd
                0x000000006000855c       0x48 ./freertos/freertos_kernel/list.o
                0x000000006000855c                vListInsertEnd
 .text.vListInsert
                0x00000000600085a4       0x72 ./freertos/freertos_kernel/list.o
                0x00000000600085a4                vListInsert
 .text.uxListRemove
                0x0000000060008616       0x54 ./freertos/freertos_kernel/list.o
                0x0000000060008616                uxListRemove
 .text.xQueueGenericCreate
                0x000000006000866a       0x6c ./freertos/freertos_kernel/queue.o
                0x000000006000866a                xQueueGenericCreate
 .text.prvInitialiseNewQueue
                0x00000000600086d6       0x46 ./freertos/freertos_kernel/queue.o
 .text.prvInitialiseMutex
                0x000000006000871c       0x34 ./freertos/freertos_kernel/queue.o
 .text.xQueueCreateMutex
                0x0000000060008750       0x30 ./freertos/freertos_kernel/queue.o
                0x0000000060008750                xQueueCreateMutex
 .text.xQueueGenericSendFromISR
                0x0000000060008780      0x136 ./freertos/freertos_kernel/queue.o
                0x0000000060008780                xQueueGenericSendFromISR
 .text.vQueueDelete
                0x00000000600088b6       0x3c ./freertos/freertos_kernel/queue.o
                0x00000000600088b6                vQueueDelete
 .text.prvGetDisinheritPriorityAfterTimeout
                0x00000000600088f2       0x30 ./freertos/freertos_kernel/queue.o
 .text.prvCopyDataToQueue
                0x0000000060008922       0xd4 ./freertos/freertos_kernel/queue.o
 .text.prvCopyDataFromQueue
                0x00000000600089f6       0x4c ./freertos/freertos_kernel/queue.o
 .text.prvUnlockQueue
                0x0000000060008a42       0xa4 ./freertos/freertos_kernel/queue.o
 .text.prvIsQueueEmpty
                0x0000000060008ae6       0x2c ./freertos/freertos_kernel/queue.o
 .text.prvIsQueueFull
                0x0000000060008b12       0x30 ./freertos/freertos_kernel/queue.o
 .text.vQueueWaitForMessageRestricted
                0x0000000060008b42       0x68 ./freertos/freertos_kernel/queue.o
                0x0000000060008b42                vQueueWaitForMessageRestricted
 .text.xTaskCreate
                0x0000000060008baa       0x82 ./freertos/freertos_kernel/tasks.o
                0x0000000060008baa                xTaskCreate
 .text.prvInitialiseNewTask
                0x0000000060008c2c      0x144 ./freertos/freertos_kernel/tasks.o
 .text.prvDeleteTCB
                0x0000000060008d70       0x20 ./freertos/freertos_kernel/tasks.o
 .text.prvTimerTask
                0x0000000060008d90       0x24 ./freertos/freertos_kernel/timers.o
 .text.LPUART_EnableTx
                0x0000000060008db4       0x38 ./drivers/freertos/fsl_lpuart_freertos.o
 .text.LPUART_EnableRx
                0x0000000060008dec       0x38 ./drivers/freertos/fsl_lpuart_freertos.o
 .text.LPUART_RTOS_Deinit
                0x0000000060008e24       0x6c ./drivers/freertos/fsl_lpuart_freertos.o
                0x0000000060008e24                LPUART_RTOS_Deinit
 .text.LPUART_RTOS_Send
                0x0000000060008e90       0xaa ./drivers/freertos/fsl_lpuart_freertos.o
                0x0000000060008e90                LPUART_RTOS_Send
 .text.LPUART_RTOS_Receive
                0x0000000060008f3a      0x13a ./drivers/freertos/fsl_lpuart_freertos.o
                0x0000000060008f3a                LPUART_RTOS_Receive
 .text.CLOCK_IsPllBypassed
                0x0000000060009074       0x32 ./drivers/fsl_clock.o
 .text.CLOCK_IsPllEnabled
                0x00000000600090a6       0x3c ./drivers/fsl_clock.o
 .text.CLOCK_GetPllBypassRefClk
                0x00000000600090e2       0x34 ./drivers/fsl_clock.o
 .text.CLOCK_EnableClock
                0x0000000060009116       0x1e ./drivers/fsl_lpuart.o
 .text.CLOCK_DisableClock
                0x0000000060009134       0x1e ./drivers/fsl_lpuart.o
 .text.EnableIRQ
                0x0000000060009152       0x2c ./drivers/fsl_lpuart.o
 .text.LPUART_SoftwareReset
                0x000000006000917e       0x2c ./drivers/fsl_lpuart.o
 .text.LPUART_EnableInterrupts
                0x00000000600091aa       0x52 ./drivers/fsl_lpuart.o
                0x00000000600091aa                LPUART_EnableInterrupts
 .text.LPUART_DisableInterrupts
                0x00000000600091fc       0x58 ./drivers/fsl_lpuart.o
                0x00000000600091fc                LPUART_DisableInterrupts
 .text.LPUART_GetStatusFlags
                0x0000000060009254       0x2c ./drivers/fsl_lpuart.o
                0x0000000060009254                LPUART_GetStatusFlags
 .text.SystemInitHook
                0x0000000060009280        0xe ./device/system_MIMXRT1021.o
                0x0000000060009280                SystemInitHook
 .text.SerialManager_StartWriting
                0x000000006000928e       0x38 ./component/serial_manager/serial_manager.o
 .text.SerialManager_WriteBlocking
                0x00000000600092c6       0x20 ./component/serial_manager/serial_manager.o
                0x00000000600092c6                SerialManager_WriteBlocking
 .text.CLOCK_DisableClock
                0x00000000600092e6       0x1e ./board/clock_config.o
 .text.CLOCK_SetPllBypass
                0x0000000060009304       0x4e ./board/clock_config.o
 .text.IOMUXC_SetSaiMClkClockSource
                0x0000000060009352       0x6c ./board/clock_config.o
 .text.BOARD_InitBootClocks
                0x00000000600093be        0xc ./board/clock_config.o
                0x00000000600093be                BOARD_InitBootClocks
 .text.CLOCK_EnableClock
                0x00000000600093ca       0x1e ./board/pin_mux.o
 .text.IOMUXC_SetPinMux
                0x00000000600093e8       0x3a ./board/pin_mux.o
 .text.IOMUXC_SetPinConfig
                0x0000000060009422       0x26 ./board/pin_mux.o
 .text.BOARD_InitBootPins
                0x0000000060009448        0xc ./board/pin_mux.o
                0x0000000060009448                BOARD_InitBootPins
 .text.__main   0x0000000060009454        0xe /Applications/MCUXpressoIDE_11.2.1_4149/ide/plugins/com.nxp.mcuxpresso.tools.macosx_11.2.0.202001021529/tools/bin/../lib/gcc/arm-none-eabi/9.2.1/../../../../arm-none-eabi/lib/thumb/v7e-m+dp/hard/libcr_nohost_nf.a(_cr__main.o)
                0x0000000060009454                __main
 .text.memcpy   0x0000000060009462        0x4 /Applications/MCUXpressoIDE_11.2.1_4149/ide/plugins/com.nxp.mcuxpresso.tools.macosx_11.2.0.202001021529/tools/bin/../lib/gcc/arm-none-eabi/9.2.1/../../../../arm-none-eabi/lib/thumb/v7e-m+dp/hard/libcr_c.a(memcpy.o)
                0x0000000060009462                memcpy
 .text.memset   0x0000000060009466        0x4 /Applications/MCUXpressoIDE_11.2.1_4149/ide/plugins/com.nxp.mcuxpresso.tools.macosx_11.2.0.202001021529/tools/bin/../lib/gcc/arm-none-eabi/9.2.1/../../../../arm-none-eabi/lib/thumb/v7e-m+dp/hard/libcr_c.a(memset.o)
                0x0000000060009466                memset
 .text.free     0x000000006000946a       0x30 /Applications/MCUXpressoIDE_11.2.1_4149/ide/plugins/com.nxp.mcuxpresso.tools.macosx_11.2.0.202001021529/tools/bin/../lib/gcc/arm-none-eabi/9.2.1/../../../../arm-none-eabi/lib/thumb/v7e-m+dp/hard/libcr_c.a(alloc.o)
                0x000000006000946a                free
 .text.setvbuf  0x000000006000949a       0x3e /Applications/MCUXpressoIDE_11.2.1_4149/ide/plugins/com.nxp.mcuxpresso.tools.macosx_11.2.0.202001021529/tools/bin/../lib/gcc/arm-none-eabi/9.2.1/../../../../arm-none-eabi/lib/thumb/v7e-m+dp/hard/libcr_c.a(setvbuf.o)
                0x000000006000949a                setvbuf
 .text.strlen   0x00000000600094d8       0x4c /Applications/MCUXpressoIDE_11.2.1_4149/ide/plugins/com.nxp.mcuxpresso.tools.macosx_11.2.0.202001021529/tools/bin/../lib/gcc/arm-none-eabi/9.2.1/../../../../arm-none-eabi/lib/thumb/v7e-m+dp/hard/libcr_c.a(strlen.o)
                0x00000000600094d8                strlen
 .text._deferredlazyseek
                0x0000000060009524       0x40 /Applications/MCUXpressoIDE_11.2.1_4149/ide/plugins/com.nxp.mcuxpresso.tools.macosx_11.2.0.202001021529/tools/bin/../lib/gcc/arm-none-eabi/9.2.1/../../../../arm-none-eabi/lib/thumb/v7e-m+dp/hard/libcr_c.a(_deferredlazyseek.o)
                0x0000000060009524                _deferredlazyseek
 .text._fdopen  0x0000000060009564       0x68 /Applications/MCUXpressoIDE_11.2.1_4149/ide/plugins/com.nxp.mcuxpresso.tools.macosx_11.2.0.202001021529/tools/bin/../lib/gcc/arm-none-eabi/9.2.1/../../../../arm-none-eabi/lib/thumb/v7e-m+dp/hard/libcr_c.a(_fdopen.o)
                0x0000000060009564                _fdopen
 .text._fflush  0x00000000600095cc       0x52 /Applications/MCUXpressoIDE_11.2.1_4149/ide/plugins/com.nxp.mcuxpresso.tools.macosx_11.2.0.202001021529/tools/bin/../lib/gcc/arm-none-eabi/9.2.1/../../../../arm-none-eabi/lib/thumb/v7e-m+dp/hard/libcr_c.a(_fflush.o)
                0x00000000600095cc                _fflush
 .text.fclose   0x000000006000961e       0x58 /Applications/MCUXpressoIDE_11.2.1_4149/ide/plugins/com.nxp.mcuxpresso.tools.macosx_11.2.0.202001021529/tools/bin/../lib/gcc/arm-none-eabi/9.2.1/../../../../arm-none-eabi/lib/thumb/v7e-m+dp/hard/libcr_c.a(fclose.o)
                0x000000006000961e                fclose
 .text.remove   0x0000000060009676       0x14 /Applications/MCUXpressoIDE_11.2.1_4149/ide/plugins/com.nxp.mcuxpresso.tools.macosx_11.2.0.202001021529/tools/bin/../lib/gcc/arm-none-eabi/9.2.1/../../../../arm-none-eabi/lib/thumb/v7e-m+dp/hard/libcr_c.a(remove.o)
                0x0000000060009676                remove
 .text._do_fflush
                0x000000006000968a       0x40 /Applications/MCUXpressoIDE_11.2.1_4149/ide/plugins/com.nxp.mcuxpresso.tools.macosx_11.2.0.202001021529/tools/bin/../lib/gcc/arm-none-eabi/9.2.1/../../../../arm-none-eabi/lib/thumb/v7e-m+dp/hard/libcr_c.a(_do_fflush.o)
                0x000000006000968a                _do_fflush
 .text.__aeabi_memcpy
                0x00000000600096ca       0x34 /Applications/MCUXpressoIDE_11.2.1_4149/ide/plugins/com.nxp.mcuxpresso.tools.macosx_11.2.0.202001021529/tools/bin/../lib/gcc/arm-none-eabi/9.2.1/thumb/v7e-m+dp/hard/libcr_eabihelpers.a(memcpy.o)
                0x00000000600096ca                __aeabi_memcpy
                0x00000000600096d4                __aeabi_memcpy4
                0x00000000600096d4                __aeabi_memcpy8
 .text.__aeabi_memset_lowlevel
                0x00000000600096fe       0x32 /Applications/MCUXpressoIDE_11.2.1_4149/ide/plugins/com.nxp.mcuxpresso.tools.macosx_11.2.0.202001021529/tools/bin/../lib/gcc/arm-none-eabi/9.2.1/thumb/v7e-m+dp/hard/libcr_eabihelpers.a(memcpy.o)
                0x00000000600096fe                __aeabi_lowlevel_memset
 .text.__sys_close
                0x0000000060009730        0x6 /Applications/MCUXpressoIDE_11.2.1_4149/ide/plugins/com.nxp.mcuxpresso.tools.macosx_11.2.0.202001021529/tools/bin/../lib/gcc/arm-none-eabi/9.2.1/../../../../arm-none-eabi/lib/thumb/v7e-m+dp/hard/libcr_nohost_nf.a(__sys_close.o)
                0x0000000060009730                __sys_close
 .text.__sys_flen
                0x0000000060009736        0x6 /Applications/MCUXpressoIDE_11.2.1_4149/ide/plugins/com.nxp.mcuxpresso.tools.macosx_11.2.0.202001021529/tools/bin/../lib/gcc/arm-none-eabi/9.2.1/../../../../arm-none-eabi/lib/thumb/v7e-m+dp/hard/libcr_nohost_nf.a(__sys_flen.o)
                0x0000000060009736                __sys_flen
 .text.__sys_istty
                0x000000006000973c        0x6 /Applications/MCUXpressoIDE_11.2.1_4149/ide/plugins/com.nxp.mcuxpresso.tools.macosx_11.2.0.202001021529/tools/bin/../lib/gcc/arm-none-eabi/9.2.1/../../../../arm-none-eabi/lib/thumb/v7e-m+dp/hard/libcr_nohost_nf.a(__sys_istty.o)
                0x000000006000973c                __sys_istty
 .text.__sys_remove
                0x0000000060009742        0x6 /Applications/MCUXpressoIDE_11.2.1_4149/ide/plugins/com.nxp.mcuxpresso.tools.macosx_11.2.0.202001021529/tools/bin/../lib/gcc/arm-none-eabi/9.2.1/../../../../arm-none-eabi/lib/thumb/v7e-m+dp/hard/libcr_nohost_nf.a(__sys_remove.o)
                0x0000000060009742                __sys_remove
 .text.__sys_seek
                0x0000000060009748        0x6 /Applications/MCUXpressoIDE_11.2.1_4149/ide/plugins/com.nxp.mcuxpresso.tools.macosx_11.2.0.202001021529/tools/bin/../lib/gcc/arm-none-eabi/9.2.1/../../../../arm-none-eabi/lib/thumb/v7e-m+dp/hard/libcr_nohost_nf.a(__sys_seek.o)
                0x0000000060009748                __sys_seek
 .text.__sys_tmpnam
                0x000000006000974e        0x6 /Applications/MCUXpressoIDE_11.2.1_4149/ide/plugins/com.nxp.mcuxpresso.tools.macosx_11.2.0.202001021529/tools/bin/../lib/gcc/arm-none-eabi/9.2.1/../../../../arm-none-eabi/lib/thumb/v7e-m+dp/hard/libcr_nohost_nf.a(__sys_tmpnam.o)
                0x000000006000974e                __sys_tmpnam
 .text.__sys_write
                0x0000000060009754        0x4 /Applications/MCUXpressoIDE_11.2.1_4149/ide/plugins/com.nxp.mcuxpresso.tools.macosx_11.2.0.202001021529/tools/bin/../lib/gcc/arm-none-eabi/9.2.1/../../../../arm-none-eabi/lib/thumb/v7e-m+dp/hard/libcr_nohost_nf.a(__sys_write.o)
                0x0000000060009754                __sys_write
 *freertos*/tasks.o(SORT_BY_ALIGNMENT(.rodata*))
 .rodata.vTaskStartScheduler.str1.4
                0x0000000060009758        0x5 ./freertos/freertos_kernel/tasks.o
 *fill*         0x000000006000975d        0x3 ff
 .rodata        0x0000000060009760       0x1c ./freertos/freertos_kernel/tasks.o
                0x0000000060009760                portArch_Name
                0x0000000060009764                FreeRTOSDebugConfig
 *(SORT_BY_ALIGNMENT(.rodata) SORT_BY_ALIGNMENT(.rodata.*) SORT_BY_ALIGNMENT(.constdata) SORT_BY_ALIGNMENT(.constdata.*))
 .rodata.__assertion_failed.str1.4
                0x000000006000977c       0x14 ./utilities/fsl_assert.o
 .rodata.DbgConsole_SendDataReliable.str1.4
                0x0000000060009790       0x4e ./utilities/fsl_debug_console.o
 *fill*         0x00000000600097de        0x2 ff
 .rodata.str1.4
                0x00000000600097e0       0x5d ./source/freertos_lpuart.o
 *fill*         0x000000006000983d        0x3 ff
 .rodata.main.str1.4
                0x0000000060009840       0x25 ./source/freertos_lpuart.o
 *fill*         0x0000000060009865        0x3 ff
 .rodata.xTimerCreateTimerTask.str1.4
                0x0000000060009868        0x8 ./freertos/freertos_kernel/timers.o
 .rodata.prvCheckForValidListAndQueue.str1.4
                0x0000000060009870        0x5 ./freertos/freertos_kernel/timers.o
 *fill*         0x0000000060009875        0x3 ff
 .rodata.CLOCK_InitExternalClk.str1.4
                0x0000000060009878       0x22 ./drivers/fsl_clock.o
 *fill*         0x000000006000989a        0x2 ff
 .rodata.CLOCK_GetPllFreq.str1.4
                0x000000006000989c       0x35 ./drivers/fsl_clock.o
 *fill*         0x00000000600098d1        0x3 ff
 .rodata        0x00000000600098d4       0x10 ./drivers/fsl_clock.o
 .rodata.CLOCK_ControlGate.str1.4
                0x00000000600098e4       0x20 ./drivers/fsl_lpuart.o
 .rodata.s_lpuartBases
                0x0000000060009904       0x24 ./drivers/fsl_lpuart.o
 .rodata.s_lpuartIRQ
                0x0000000060009928       0x12 ./drivers/fsl_lpuart.o
 *fill*         0x000000006000993a        0x2 ff
 .rodata.s_lpuartClock
                0x000000006000993c       0x12 ./drivers/fsl_lpuart.o
 *fill*         0x000000006000994e        0x2 ff
 .rodata.LPUART_GetInstance.str1.4
                0x0000000060009950       0x39 ./drivers/fsl_lpuart.o
 *fill*         0x0000000060009989        0x3 ff
 .rodata.LPUART_TransferGetRxRingBufferLength.str1.4
                0x000000006000998c       0x23 ./drivers/fsl_lpuart.o
 *fill*         0x00000000600099af        0x1 ff
 .rodata.LPUART_TransferIsRxRingBufferFull.str1.4
                0x00000000600099b0       0x23 ./drivers/fsl_lpuart.o
 *fill*         0x00000000600099d3        0x1 ff
 .rodata.LPUART_WriteNonBlocking.str1.4
                0x00000000600099d4       0x21 ./drivers/fsl_lpuart.o
 *fill*         0x00000000600099f5        0x3 ff
 .rodata.LPUART_ReadNonBlocking.str1.4
                0x00000000600099f8       0x21 ./drivers/fsl_lpuart.o
 *fill*         0x0000000060009a19        0x3 ff
 .rodata.LPUART_Init.str1.4
                0x0000000060009a1c      0x10c ./drivers/fsl_lpuart.o
 .rodata.LPUART_GetDefaultConfig.str1.4
                0x0000000060009b28       0x23 ./drivers/fsl_lpuart.o
 *fill*         0x0000000060009b4b        0x1 ff
 .rodata.LPUART_WriteBlocking.str1.4
                0x0000000060009b4c       0x21 ./drivers/fsl_lpuart.o
 *fill*         0x0000000060009b6d        0x3 ff
 .rodata.LPUART_TransferCreateHandle.str1.4
                0x0000000060009b70       0x24 ./drivers/fsl_lpuart.o
 .rodata.LPUART_TransferStartRingBuffer.str1.4
                0x0000000060009b94       0x4c ./drivers/fsl_lpuart.o
 .rodata.LPUART_TransferSendNonBlocking.str1.4
                0x0000000060009be0       0x9a ./drivers/fsl_lpuart.o
 *fill*         0x0000000060009c7a        0x2 ff
 .rodata.LPUART_TransferReceiveNonBlocking.str1.4
                0x0000000060009c7c       0x9a ./drivers/fsl_lpuart.o
 *fill*         0x0000000060009d16        0x2 ff
 .rodata.LPUART_TransferAbortReceive.str1.4
                0x0000000060009d18       0x24 ./drivers/fsl_lpuart.o
 .rodata.LPUART_TransferHandleIRQ.str1.4
                0x0000000060009d3c       0x24 ./drivers/fsl_lpuart.o
 .rodata.s_LpuartAdapterBase
                0x0000000060009d60       0x24 ./component/uart/lpuart_adapter.o
 .rodata.HAL_UartSendBlocking.str1.4
                0x0000000060009d84       0x5f ./component/uart/lpuart_adapter.o
 *fill*         0x0000000060009de3        0x1 ff
 .rodata.SerialManager_Write.str1.4
                0x0000000060009de4       0x83 ./component/serial_manager/serial_manager.o
 *fill*         0x0000000060009e67        0x1 ff
 .rodata.Serial_UartWrite.str1.4
                0x0000000060009e68       0x6d ./component/serial_manager/serial_port_uart.o
 *fill*         0x0000000060009ed5        0x3 ff
 .rodata.BOARD_ConfigMPU.str1.4
                0x0000000060009ed8       0x6a ./board/board.o
 *fill*         0x0000000060009f42        0x2 ff
 .rodata.CLOCK_SetMux.str1.4
                0x0000000060009f44       0x7b ./board/clock_config.o
 *fill*         0x0000000060009fbf        0x1 ff
 .rodata.CLOCK_SetDiv.str1.4
                0x0000000060009fc0       0x7b ./board/clock_config.o
 *fill*         0x000000006000a03b        0x1 ff
 .rodata.CLOCK_ControlGate.str1.4
                0x000000006000a03c       0x6a ./board/clock_config.o
 *fill*         0x000000006000a0a6        0x2 ff
 .rodata.sysPllConfig_BOARD_BootClockRUN
                0x000000006000a0a8       0x14 ./board/clock_config.o
                0x000000006000a0a8                sysPllConfig_BOARD_BootClockRUN
 .rodata.enetPllConfig_BOARD_BootClockRUN
                0x000000006000a0bc        0x5 ./board/clock_config.o
                0x000000006000a0bc                enetPllConfig_BOARD_BootClockRUN
 .rodata.CLOCK_ControlGate.str1.4
                0x000000006000a0c1       0x6a ./board/pin_mux.o
 *fill*         0x000000006000a0c1        0x3 ff
 .rodata.__num_Ciob_streams
                0x000000006000a0c4        0x4 /Applications/MCUXpressoIDE_11.2.1_4149/ide/plugins/com.nxp.mcuxpresso.tools.macosx_11.2.0.202001021529/tools/bin/../lib/gcc/arm-none-eabi/9.2.1/../../../../arm-none-eabi/lib/thumb/v7e-m+dp/hard/libcr_nohost_nf.a(__ciob.o)
                0x000000006000a0c4                __num_Ciob_streams
 .rodata._initio.str1.1
                0x000000006000a0c8        0x4 /Applications/MCUXpressoIDE_11.2.1_4149/ide/plugins/com.nxp.mcuxpresso.tools.macosx_11.2.0.202001021529/tools/bin/../lib/gcc/arm-none-eabi/9.2.1/../../../../arm-none-eabi/lib/thumb/v7e-m+dp/hard/libcr_c.a(initio.o)
                0x000000006000a0cc                . = ALIGN (0x4)

.glue_7         0x000000006000a0cc        0x0
 .glue_7        0x000000006000a0cc        0x0 linker stubs

.glue_7t        0x000000006000a0cc        0x0
 .glue_7t       0x000000006000a0cc        0x0 linker stubs

.vfp11_veneer   0x000000006000a0cc        0x0
 .vfp11_veneer  0x000000006000a0cc        0x0 linker stubs

.v4_bx          0x000000006000a0cc        0x0
 .v4_bx         0x000000006000a0cc        0x0 linker stubs

.iplt           0x000000006000a0cc        0x0
 .iplt          0x000000006000a0cc        0x0 ./xip/evkmimxrt1020_flexspi_nor_config.o

.rel.dyn        0x000000006000a0cc        0x0
 .rel.iplt      0x000000006000a0cc        0x0 ./xip/evkmimxrt1020_flexspi_nor_config.o

.ARM.extab
 *(SORT_BY_ALIGNMENT(.ARM.extab*) SORT_BY_ALIGNMENT(.gnu.linkonce.armextab.*))

.ARM.exidx      0x000000006000a0cc        0x0
                0x000000006000a0cc                __exidx_start = .
 *(SORT_BY_ALIGNMENT(.ARM.exidx*) SORT_BY_ALIGNMENT(.gnu.linkonce.armexidx.*))
                0x000000006000a0cc                __exidx_end = .
                0x000000006000a0cc                _etext = .

.data_RAM2      0x0000000000000000        0x0 load address 0x000000006000a0cc
 FILL mask 0xff
                [!provide]                        PROVIDE (__start_data_RAM2 = .)
                [!provide]                        PROVIDE (__start_data_SRAM_ITC = .)
 *(SORT_BY_ALIGNMENT(.ramfunc.$RAM2))
 *(SORT_BY_ALIGNMENT(.ramfunc.$SRAM_ITC))
 *(SORT_BY_ALIGNMENT(.data.$RAM2))
 *(SORT_BY_ALIGNMENT(.data.$SRAM_ITC))
 *(SORT_BY_ALIGNMENT(.data.$RAM2.*))
 *(SORT_BY_ALIGNMENT(.data.$SRAM_ITC.*))
                0x0000000000000000                . = ALIGN (0x4)
                [!provide]                        PROVIDE (__end_data_RAM2 = .)
                [!provide]                        PROVIDE (__end_data_SRAM_ITC = .)

.data_RAM3      0x0000000020200000        0x0 load address 0x000000006000a0cc
 FILL mask 0xff
                [!provide]                        PROVIDE (__start_data_RAM3 = .)
                [!provide]                        PROVIDE (__start_data_SRAM_OC = .)
 *(SORT_BY_ALIGNMENT(.ramfunc.$RAM3))
 *(SORT_BY_ALIGNMENT(.ramfunc.$SRAM_OC))
 *(SORT_BY_ALIGNMENT(.data.$RAM3))
 *(SORT_BY_ALIGNMENT(.data.$SRAM_OC))
 *(SORT_BY_ALIGNMENT(.data.$RAM3.*))
 *(SORT_BY_ALIGNMENT(.data.$SRAM_OC.*))
                0x0000000020200000                . = ALIGN (0x4)
                [!provide]                        PROVIDE (__end_data_RAM3 = .)
                [!provide]                        PROVIDE (__end_data_SRAM_OC = .)

.data_RAM4      0x0000000080000000        0x0 load address 0x000000006000a0cc
 FILL mask 0xff
                [!provide]                        PROVIDE (__start_data_RAM4 = .)
                [!provide]                        PROVIDE (__start_data_BOARD_SDRAM = .)
 *(SORT_BY_ALIGNMENT(.ramfunc.$RAM4))
 *(SORT_BY_ALIGNMENT(.ramfunc.$BOARD_SDRAM))
 *(SORT_BY_ALIGNMENT(.data.$RAM4))
 *(SORT_BY_ALIGNMENT(.data.$BOARD_SDRAM))
 *(SORT_BY_ALIGNMENT(.data.$RAM4.*))
 *(SORT_BY_ALIGNMENT(.data.$BOARD_SDRAM.*))
                0x0000000080000000                . = ALIGN (0x4)
                [!provide]                        PROVIDE (__end_data_RAM4 = .)
                [!provide]                        PROVIDE (__end_data_BOARD_SDRAM = .)

.data_RAM5      0x0000000081e00000        0x0 load address 0x000000006000a0cc
 FILL mask 0xff
                [!provide]                        PROVIDE (__start_data_RAM5 = .)
                [!provide]                        PROVIDE (__start_data_NCACHE_REGION = .)
 *(SORT_BY_ALIGNMENT(.ramfunc.$RAM5))
 *(SORT_BY_ALIGNMENT(.ramfunc.$NCACHE_REGION))
 *(SORT_BY_ALIGNMENT(.data.$RAM5))
 *(SORT_BY_ALIGNMENT(.data.$NCACHE_REGION))
 *(SORT_BY_ALIGNMENT(.data.$RAM5.*))
 *(SORT_BY_ALIGNMENT(.data.$NCACHE_REGION.*))
                0x0000000081e00000                . = ALIGN (0x4)
                [!provide]                        PROVIDE (__end_data_RAM5 = .)
                [!provide]                        PROVIDE (__end_data_NCACHE_REGION = .)

.uninit_RESERVED
                0x0000000020000000        0x0
                0x0000000020000000                _start_uninit_RESERVED = .
 *(SORT_BY_ALIGNMENT(.bss.$RESERVED*))
                0x0000000020000000                . = ALIGN (0x4)
                0x0000000020000000                _end_uninit_RESERVED = .

.data           0x0000000020000000       0x30 load address 0x000000006000a0cc
 FILL mask 0xff
                0x0000000020000000                _data = .
                [!provide]                        PROVIDE (__start_data_RAM = .)
                [!provide]                        PROVIDE (__start_data_SRAM_DTC = .)
 *(SORT_BY_ALIGNMENT(vtable))
 *(SORT_BY_ALIGNMENT(.ramfunc*))
 *(SORT_BY_ALIGNMENT(CodeQuickAccess))
 *(SORT_BY_ALIGNMENT(DataQuickAccess))
 *(SORT_BY_ALIGNMENT(RamFunction))
 *(SORT_BY_ALIGNMENT(NonCacheable.init))
 *(SORT_BY_ALIGNMENT(.data*))
 .data.to_send  0x0000000020000000        0x4 ./source/freertos_lpuart.o
                0x0000000020000000                to_send
 .data.send_ring_overrun
                0x0000000020000004        0x4 ./source/freertos_lpuart.o
                0x0000000020000004                send_ring_overrun
 .data.send_hardware_overrun
                0x0000000020000008        0x4 ./source/freertos_lpuart.o
                0x0000000020000008                send_hardware_overrun
 .data.lpuart_config
                0x000000002000000c       0x1c ./source/freertos_lpuart.o
                0x000000002000000c                lpuart_config
 .data.uxCriticalNesting
                0x0000000020000028        0x4 ./freertos/freertos_kernel/portable/GCC/ARM_CM4F/port.o
 .data.SystemCoreClock
                0x000000002000002c        0x4 ./device/system_MIMXRT1021.o
                0x000000002000002c                SystemCoreClock
                0x0000000020000030                . = ALIGN (0x4)
                0x0000000020000030                _edata = .
                [!provide]                        PROVIDE (__end_data_RAM = .)
                [!provide]                        PROVIDE (__end_data_SRAM_DTC = .)

.igot.plt       0x0000000020000030        0x0 load address 0x000000006000a0fc
 .igot.plt      0x0000000020000030        0x0 ./xip/evkmimxrt1020_flexspi_nor_config.o

.bss_RAM2       0x0000000000000000        0x0
                [!provide]                        PROVIDE (__start_bss_RAM2 = .)